Component: ARM Compiler 5.06 update 6 (build 750) Tool: armlink [4d35ed]

==============================================================================

Section Cross References

    startup_stm32f401xc.o(RESET) refers to startup_stm32f401xc.o(STACK) for __initial_sp
    startup_stm32f401xc.o(RESET) refers to startup_stm32f401xc.o(.text) for Reset_Handler
    startup_stm32f401xc.o(RESET) refers to stm32f4xx_it.o(i.NMI_Handler) for NMI_Handler
    startup_stm32f401xc.o(RESET) refers to stm32f4xx_it.o(i.HardFault_Handler) for HardFault_Handler
    startup_stm32f401xc.o(RESET) refers to stm32f4xx_it.o(i.MemManage_Handler) for MemManage_Handler
    startup_stm32f401xc.o(RESET) refers to stm32f4xx_it.o(i.BusFault_Handler) for BusFault_Handler
    startup_stm32f401xc.o(RESET) refers to stm32f4xx_it.o(i.UsageFault_Handler) for UsageFault_Handler
    startup_stm32f401xc.o(RESET) refers to port.o(.emb_text) for SVC_Handler
    startup_stm32f401xc.o(RESET) refers to stm32f4xx_it.o(i.DebugMon_Handler) for DebugMon_Handler
    startup_stm32f401xc.o(RESET) refers to port.o(i.SysTick_Handler) for SysTick_Handler
    startup_stm32f401xc.o(RESET) refers to stm32f4xx_it.o(i.DMA1_Stream0_IRQHandler) for DMA1_Stream0_IRQHandler
    startup_stm32f401xc.o(RESET) refers to stm32f4xx_it.o(i.TIM1_UP_TIM10_IRQHandler) for TIM1_UP_TIM10_IRQHandler
    startup_stm32f401xc.o(RESET) refers to stm32f4xx_it.o(i.I2C1_EV_IRQHandler) for I2C1_EV_IRQHandler
    startup_stm32f401xc.o(RESET) refers to stm32f4xx_it.o(i.I2C1_ER_IRQHandler) for I2C1_ER_IRQHandler
    startup_stm32f401xc.o(RESET) refers to stm32f4xx_it.o(i.USART1_IRQHandler) for USART1_IRQHandler
    startup_stm32f401xc.o(RESET) refers to stm32f4xx_it.o(i.DMA2_Stream2_IRQHandler) for DMA2_Stream2_IRQHandler
    startup_stm32f401xc.o(RESET) refers to stm32f4xx_it.o(i.OTG_FS_IRQHandler) for OTG_FS_IRQHandler
    startup_stm32f401xc.o(.text) refers to system_stm32f4xx.o(i.SystemInit) for SystemInit
    startup_stm32f401xc.o(.text) refers to entry.o(.ARM.Collect$$$$00000000) for __main
    lobotservocontroller.o(i.getBatteryVoltage) refers to stm32f4xx_hal_uart.o(i.HAL_UART_Transmit) for HAL_UART_Transmit
    lobotservocontroller.o(i.getBatteryVoltage) refers to lobotservocontroller.o(.bss) for .bss
    lobotservocontroller.o(i.getBatteryVoltage) refers to usart.o(.bss) for huart2
    lobotservocontroller.o(i.moveServo) refers to stm32f4xx_hal_uart.o(i.HAL_UART_Transmit) for HAL_UART_Transmit
    lobotservocontroller.o(i.moveServo) refers to lobotservocontroller.o(.bss) for .bss
    lobotservocontroller.o(i.moveServo) refers to usart.o(.bss) for huart2
    lobotservocontroller.o(i.moveServos) refers to stm32f4xx_hal_uart.o(i.HAL_UART_Transmit) for HAL_UART_Transmit
    lobotservocontroller.o(i.moveServos) refers to lobotservocontroller.o(.bss) for .bss
    lobotservocontroller.o(i.moveServos) refers to usart.o(.bss) for huart2
    lobotservocontroller.o(i.moveServosByArray) refers to stm32f4xx_hal_uart.o(i.HAL_UART_Transmit) for HAL_UART_Transmit
    lobotservocontroller.o(i.moveServosByArray) refers to lobotservocontroller.o(.bss) for .bss
    lobotservocontroller.o(i.moveServosByArray) refers to usart.o(.bss) for huart2
    lobotservocontroller.o(i.receiveHandle) refers to usart.o(.data) for isUart6RxCompleted
    lobotservocontroller.o(i.receiveHandle) refers to lobotservocontroller.o(.bss) for .bss
    lobotservocontroller.o(i.receiveHandle) refers to lobotservocontroller.o(.data) for .data
    lobotservocontroller.o(i.runActionGroup) refers to stm32f4xx_hal_uart.o(i.HAL_UART_Transmit) for HAL_UART_Transmit
    lobotservocontroller.o(i.runActionGroup) refers to lobotservocontroller.o(.bss) for .bss
    lobotservocontroller.o(i.runActionGroup) refers to usart.o(.bss) for huart2
    lobotservocontroller.o(i.setActionGroupSpeed) refers to stm32f4xx_hal_uart.o(i.HAL_UART_Transmit) for HAL_UART_Transmit
    lobotservocontroller.o(i.setActionGroupSpeed) refers to lobotservocontroller.o(.bss) for .bss
    lobotservocontroller.o(i.setActionGroupSpeed) refers to usart.o(.bss) for huart2
    lobotservocontroller.o(i.setAllActionGroupSpeed) refers to lobotservocontroller.o(i.setActionGroupSpeed) for setActionGroupSpeed
    lobotservocontroller.o(i.stopActionGroup) refers to stm32f4xx_hal_uart.o(i.HAL_UART_Transmit) for HAL_UART_Transmit
    lobotservocontroller.o(i.stopActionGroup) refers to lobotservocontroller.o(.bss) for .bss
    lobotservocontroller.o(i.stopActionGroup) refers to usart.o(.bss) for huart2
    quadrudep_hauner.o(i.AtoV) refers to dmul.o(.text) for __aeabi_dmul
    quadrudep_hauner.o(i.AtoV) refers to dadd.o(.text) for __aeabi_dadd
    quadrudep_hauner.o(i.AtoV) refers to dfixi.o(.text) for __aeabi_d2iz
    quadrudep_hauner.o(i.AtoV) refers to dflti.o(.text) for __aeabi_i2d
    quadrudep_hauner.o(i.Move) refers to quadrudep_hauner.o(i.VtoA) for VtoA
    quadrudep_hauner.o(i.Move) refers to dadd.o(.text) for __aeabi_dsub
[...]
    HAL_PCD_ResumeCallback                   0x080025b3   Thumb Code     8  usbd_conf.o(i.HAL_PCD_ResumeCallback)
    HAL_PCD_SOFCallback                      0x080025bb   Thumb Code     8  usbd_conf.o(i.HAL_PCD_SOFCallback)
    HAL_PCD_SetAddress                       0x080025c3   Thumb Code    40  stm32f4xx_hal_pcd.o(i.HAL_PCD_SetAddress)
    HAL_PCD_SetupStageCallback               0x080025eb   Thumb Code    14  usbd_conf.o(i.HAL_PCD_SetupStageCallback)
    HAL_PCD_Start                            0x080025f9   Thumb Code    66  stm32f4xx_hal_pcd.o(i.HAL_PCD_Start)
    HAL_PCD_SuspendCallback                  0x0800263d   Thumb Code    44  usbd_conf.o(i.HAL_PCD_SuspendCallback)
    HAL_RCC_ClockConfig                      0x0800266d   Thumb Code   288  stm32f4xx_hal_rcc.o(i.HAL_RCC_ClockConfig)
    HAL_RCC_GetClockConfig                   0x080027a1   Thumb Code    54  stm32f4xx_hal_rcc.o(i.HAL_RCC_GetClockConfig)
    HAL_RCC_GetHCLKFreq                      0x080027e1   Thumb Code     6  stm32f4xx_hal_rcc.o(i.HAL_RCC_GetHCLKFreq)
    HAL_RCC_GetPCLK1Freq                     0x080027ed   Thumb Code    20  stm32f4xx_hal_rcc.o(i.HAL_RCC_GetPCLK1Freq)
    HAL_RCC_GetPCLK2Freq                     0x0800280d   Thumb Code    20  stm32f4xx_hal_rcc.o(i.HAL_RCC_GetPCLK2Freq)
    HAL_RCC_GetSysClockFreq                  0x0800282d   Thumb Code    88  stm32f4xx_hal_rcc.o(i.HAL_RCC_GetSysClockFreq)
    HAL_RCC_OscConfig                        0x08002891   Thumb Code   840  stm32f4xx_hal_rcc.o(i.HAL_RCC_OscConfig)
    HAL_TIMEx_BreakCallback                  0x08002bed   Thumb Code     2  stm32f4xx_hal_tim_ex.o(i.HAL_TIMEx_BreakCallback)
    HAL_TIMEx_CommutCallback                 0x08002bef   Thumb Code     2  stm32f4xx_hal_tim_ex.o(i.HAL_TIMEx_CommutCallback)
    HAL_TIM_Base_Init                        0x08002bf1   Thumb Code    54  stm32f4xx_hal_tim.o(i.HAL_TIM_Base_Init)
    HAL_TIM_Base_MspInit                     0x08002c27   Thumb Code     2  stm32f4xx_hal_tim.o(i.HAL_TIM_Base_MspInit)
    HAL_TIM_Base_Start_IT                    0x08002c29   Thumb Code    34  stm32f4xx_hal_tim.o(i.HAL_TIM_Base_Start_IT)
    HAL_TIM_IC_CaptureCallback               0x08002c4b   Thumb Code     2  stm32f4xx_hal_tim.o(i.HAL_TIM_IC_CaptureCallback)
    HAL_TIM_IRQHandler                       0x08002c4d   Thumb Code   358  stm32f4xx_hal_tim.o(i.HAL_TIM_IRQHandler)
    HAL_TIM_OC_DelayElapsedCallback          0x08002db3   Thumb Code     2  stm32f4xx_hal_tim.o(i.HAL_TIM_OC_DelayElapsedCallback)
    HAL_TIM_PWM_PulseFinishedCallback        0x08002db5   Thumb Code     2  stm32f4xx_hal_tim.o(i.HAL_TIM_PWM_PulseFinishedCallback)
    HAL_TIM_PeriodElapsedCallback            0x08002db9   Thumb Code    14  main.o(i.HAL_TIM_PeriodElapsedCallback)
    HAL_TIM_TriggerCallback                  0x08002dcd   Thumb Code     2  stm32f4xx_hal_tim.o(i.HAL_TIM_TriggerCallback)
    HAL_UART_DMAStop                         0x08002dcf   Thumb Code    88  stm32f4xx_hal_uart.o(i.HAL_UART_DMAStop)
    HAL_UART_ErrorCallback                   0x08002e27   Thumb Code     2  stm32f4xx_hal_uart.o(i.HAL_UART_ErrorCallback)
    HAL_UART_IRQHandler                      0x08002e29   Thumb Code   270  stm32f4xx_hal_uart.o(i.HAL_UART_IRQHandler)
    HAL_UART_Init                            0x08002f3d   Thumb Code    98  stm32f4xx_hal_uart.o(i.HAL_UART_Init)
    HAL_UART_MspInit                         0x08002fa1   Thumb Code   222  usart.o(i.HAL_UART_MspInit)
    HAL_UART_Receive_DMA                     0x08003099   Thumb Code   138  stm32f4xx_hal_uart.o(i.HAL_UART_Receive_DMA)
    HAL_UART_RxCpltCallback                  0x08003131   Thumb Code     2  stm32f4xx_hal_uart.o(i.HAL_UART_RxCpltCallback)
    HAL_UART_RxHalfCpltCallback              0x08003133   Thumb Code     2  stm32f4xx_hal_uart.o(i.HAL_UART_RxHalfCpltCallback)
    HAL_UART_Transmit                        0x08003135   Thumb Code   186  stm32f4xx_hal_uart.o(i.HAL_UART_Transmit)
    HAL_UART_TxCpltCallback                  0x080031ef   Thumb Code     2  stm32f4xx_hal_uart.o(i.HAL_UART_TxCpltCallback)
    HardFault_Handler                        0x080031f1   Thumb Code     2  stm32f4xx_it.o(i.HardFault_Handler)
    I2C1_ER_IRQHandler                       0x080031f5   Thumb Code     6  stm32f4xx_it.o(i.I2C1_ER_IRQHandler)
    I2C1_EV_IRQHandler                       0x08003201   Thumb Code     6  stm32f4xx_it.o(i.I2C1_EV_IRQHandler)
    JY901_RDDat                              0x08003f31   Thumb Code   326  jy901.o(i.JY901_RDDat)
    MX_DMA_Init                              0x0800408d   Thumb Code    72  dma.o(i.MX_DMA_Init)
    MX_FREERTOS_Init                         0x080040d9   Thumb Code    50  freertos.o(i.MX_FREERTOS_Init)
    MX_GPIO_Init                             0x0800411d   Thumb Code    54  gpio.o(i.MX_GPIO_Init)
    MX_I2C1_Init                             0x08004159   Thumb Code    50  i2c.o(i.MX_I2C1_Init)
    MX_USART1_UART_Init                      0x08004199   Thumb Code    48  usart.o(i.MX_USART1_UART_Init)
    MX_USART2_UART_Init                      0x080041d1   Thumb Code    48  usart.o(i.MX_USART2_UART_Init)
    MX_USB_DEVICE_Init                       0x08004209   Thumb Code    66  usb_device.o(i.MX_USB_DEVICE_Init)
    MemManage_Handler                        0x0800425d   Thumb Code     2  stm32f4xx_it.o(i.MemManage_Handler)
    Move                                     0x08004261   Thumb Code   602  quadrudep_hauner.o(i.Move)
    NMI_Handler                              0x080044c9   Thumb Code     2  stm32f4xx_it.o(i.NMI_Handler)
    OLED_Clear                               0x080044cb   Thumb Code    52  oled.o(i.OLED_Clear)
    OLED_Init                                0x080044ff   Thumb Code   196  oled.o(i.OLED_Init)
    OLED_SetPos                              0x080045c3   Thumb Code    34  oled.o(i.OLED_SetPos)
    OLED_ShowStr                             0x080045e5   Thumb Code   208  oled.o(i.OLED_ShowStr)
    OLED_WrCmd                               0x080046bd   Thumb Code    30  oled.o(i.OLED_WrCmd)
    OLED_WrDat                               0x080046e1   Thumb Code    30  oled.o(i.OLED_WrDat)
    OTG_FS_IRQHandler                        0x08004705   Thumb Code     6  stm32f4xx_it.o(i.OTG_FS_IRQHandler)
    Servo_Init                               0x08004889   Thumb Code    60  quadrudep_hauner.o(i.Servo_Init)
    ShankAngleConverter                      0x080048c9   Thumb Code   158  quadrudep_hauner.o(i.ShankAngleConverter)
    StartDefaultTask                         0x08004991   Thumb Code    16  freertos.o(i.StartDefaultTask)
    StartUsart1RxTask                        0x080049a1   Thumb Code    44  freertos.o(i.StartUsart1RxTask)
    SysTick_Handler                          0x08004a05   Thumb Code    38  port.o(i.SysTick_Handler)
    SystemClock_Config                       0x08004a31   Thumb Code   124  main.o(i.SystemClock_Config)
    SystemInit                               0x08004ab5   Thumb Code    22  system_stm32f4xx.o(i.SystemInit)
    TIM1_UP_TIM10_IRQHandler                 0x08004ad1   Thumb Code     6  stm32f4xx_it.o(i.TIM1_UP_TIM10_IRQHandler)
    TIM_Base_SetConfig                       0x08004add   Thumb Code   122  stm32f4xx_hal_tim.o(i.TIM_Base_SetConfig)
    Trot_run                                 0x08004b75   Thumb Code   192  test_workspace.o(i.Trot_run)
    USART1_IRQHandler                        0x08004fdd   Thumb Code    16  stm32f4xx_it.o(i.USART1_IRQHandler)
    USART1_ReceiveIDLE                       0x08004ff1   Thumb Code   106  usart.o(i.USART1_ReceiveIDLE)
    USBD_CDC_GetDeviceQualifierDescriptor    0x08005169   Thumb Code     8  usbd_cdc.o(i.USBD_CDC_GetDeviceQualifierDescriptor)
    USBD_CDC_ReceivePacket                   0x0800523b   Thumb Code    40  usbd_cdc.o(i.USBD_CDC_ReceivePacket)
    USBD_CDC_RegisterInterface               0x08005263   Thumb Code    14  usbd_cdc.o(i.USBD_CDC_RegisterInterface)
    USBD_CDC_SetRxBuffer                     0x08005271   Thumb Code    12  usbd_cdc.o(i.USBD_CDC_SetRxBuffer)
    USBD_CDC_SetTxBuffer                     0x0800527d   Thumb Code    16  usbd_cdc.o(i.USBD_CDC_SetTxBuffer)
    USBD_CDC_TransmitPacket                  0x0800533d   Thumb Code    54  usbd_cdc.o(i.USBD_CDC_TransmitPacket)
    USBD_ClrClassConfig                      0x08005373   Thumb Code    16  usbd_core.o(i.USBD_ClrClassConfig)
    USBD_CtlContinueRx                       0x08005383   Thumb Code    16  usbd_ioreq.o(i.USBD_CtlContinueRx)
    USBD_CtlContinueSendData                 0x08005393   Thumb Code    16  usbd_ioreq.o(i.USBD_CtlContinueSendData)
    USBD_CtlError                            0x080053a3   Thumb Code    22  usbd_ctlreq.o(i.USBD_CtlError)
    USBD_CtlPrepareRx                        0x080053b9   Thumb Code    30  usbd_ioreq.o(i.USBD_CtlPrepareRx)
    USBD_CtlReceiveStatus                    0x080053d7   Thumb Code    22  usbd_ioreq.o(i.USBD_CtlReceiveStatus)
    USBD_CtlSendData                         0x080053ed   Thumb Code    26  usbd_ioreq.o(i.USBD_CtlSendData)
    USBD_CtlSendStatus                       0x08005407   Thumb Code    22  usbd_ioreq.o(i.USBD_CtlSendStatus)
    USBD_FS_ConfigStrDescriptor              0x0800541d   Thumb Code    16  usbd_desc.o(i.USBD_FS_ConfigStrDescriptor)
    USBD_FS_DeviceDescriptor                 0x0800543d   Thumb Code     8  usbd_desc.o(i.USBD_FS_DeviceDescriptor)
    USBD_FS_InterfaceStrDescriptor           0x08005449   Thumb Code    16  usbd_desc.o(i.USBD_FS_InterfaceStrDescriptor)
    USBD_FS_LangIDStrDescriptor              0x0800546d   Thumb Code     8  usbd_desc.o(i.USBD_FS_LangIDStrDescriptor)
    USBD_FS_ManufacturerStrDescriptor        0x08005479   Thumb Code    16  usbd_desc.o(i.USBD_FS_ManufacturerStrDescriptor)
    USBD_FS_ProductStrDescriptor             0x080054a1   Thumb Code    16  usbd_desc.o(i.USBD_FS_ProductStrDescriptor)
    USBD_FS_SerialStrDescriptor              0x080054cd   Thumb Code    48  usbd_desc.o(i.USBD_FS_SerialStrDescriptor)
    USBD_GetString                           0x080055eb   Thumb Code    72  usbd_ctlreq.o(i.USBD_GetString)
    USBD_Get_USB_Status                      0x08005633   Thumb Code    24  usbd_conf.o(i.USBD_Get_USB_Status)
    USBD_Init                                0x0800564b   Thumb Code    52  usbd_core.o(i.USBD_Init)
    USBD_LL_ClearStallEP                     0x0800567f   Thumb Code    18  usbd_conf.o(i.USBD_LL_ClearStallEP)
    USBD_LL_CloseEP                          0x08005691   Thumb Code    18  usbd_conf.o(i.USBD_LL_CloseEP)
    USBD_LL_DataInStage                      0x080056a3   Thumb Code   170  usbd_core.o(i.USBD_LL_DataInStage)
    USBD_LL_DataOutStage                     0x0800574d   Thumb Code   110  usbd_core.o(i.USBD_LL_DataOutStage)
    USBD_LL_DevConnected                     0x080057bb   Thumb Code     4  usbd_core.o(i.USBD_LL_DevConnected)
    USBD_LL_DevDisconnected                  0x080057bf   Thumb Code    24  usbd_core.o(i.USBD_LL_DevDisconnected)
    USBD_LL_GetRxDataSize                    0x080057d7   Thumb Code     8  usbd_conf.o(i.USBD_LL_GetRxDataSize)
    USBD_LL_Init                             0x080057e1   Thumb Code    90  usbd_conf.o(i.USBD_LL_Init)
    USBD_LL_IsStallEP                        0x08005841   Thumb Code    32  usbd_conf.o(i.USBD_LL_IsStallEP)
    USBD_LL_IsoINIncomplete                  0x08005861   Thumb Code     4  usbd_core.o(i.USBD_LL_IsoINIncomplete)
    USBD_LL_IsoOUTIncomplete                 0x08005865   Thumb Code     4  usbd_core.o(i.USBD_LL_IsoOUTIncomplete)
    USBD_LL_OpenEP                           0x08005869   Thumb Code    24  usbd_conf.o(i.USBD_LL_OpenEP)
    USBD_LL_PrepareReceive                   0x08005881   Thumb Code    18  usbd_conf.o(i.USBD_LL_PrepareReceive)
    USBD_LL_Reset                            0x08005893   Thumb Code    82  usbd_core.o(i.USBD_LL_Reset)
    USBD_LL_Resume                           0x080058e5   Thumb Code    20  usbd_core.o(i.USBD_LL_Resume)
    USBD_LL_SOF                              0x080058f9   Thumb Code    24  usbd_core.o(i.USBD_LL_SOF)
    USBD_LL_SetSpeed                         0x08005911   Thumb Code     6  usbd_core.o(i.USBD_LL_SetSpeed)
    USBD_LL_SetUSBAddress                    0x08005917   Thumb Code    18  usbd_conf.o(i.USBD_LL_SetUSBAddress)
    USBD_LL_SetupStage                       0x08005929   Thumb Code    96  usbd_core.o(i.USBD_LL_SetupStage)
    USBD_LL_StallEP                          0x08005989   Thumb Code    18  usbd_conf.o(i.USBD_LL_StallEP)
    USBD_LL_Start                            0x0800599b   Thumb Code    18  usbd_conf.o(i.USBD_LL_Start)
    USBD_LL_Suspend                          0x080059ad   Thumb Code    18  usbd_core.o(i.USBD_LL_Suspend)
    USBD_LL_Transmit                         0x080059bf   Thumb Code    18  usbd_conf.o(i.USBD_LL_Transmit)
    USBD_ParseSetupRequest                   0x080059d1   Thumb Code    44  usbd_ctlreq.o(i.USBD_ParseSetupRequest)
    USBD_RegisterClass                       0x080059fd   Thumb Code    34  usbd_core.o(i.USBD_RegisterClass)
    USBD_SetClassConfig                      0x08005a1f   Thumb Code    20  usbd_core.o(i.USBD_SetClassConfig)
    USBD_Start                               0x08005af1   Thumb Code     4  usbd_core.o(i.USBD_Start)
    USBD_StdDevReq                           0x08005af5   Thumb Code   276  usbd_ctlreq.o(i.USBD_StdDevReq)
    USBD_StdEPReq                            0x08005c09   Thumb Code   332  usbd_ctlreq.o(i.USBD_StdEPReq)
    USBD_StdItfReq                           0x08005d55   Thumb Code    82  usbd_ctlreq.o(i.USBD_StdItfReq)
    USB_ActivateEndpoint                     0x08005da9   Thumb Code   122  stm32f4xx_ll_usb.o(i.USB_ActivateEndpoint)
    USB_ActivateSetup                        0x08005e29   Thumb Code    28  stm32f4xx_ll_usb.o(i.USB_ActivateSetup)
    USB_CoreInit                             0x08005e45   Thumb Code   112  stm32f4xx_ll_usb.o(i.USB_CoreInit)
    USB_DeactivateEndpoint                   0x08005ef1   Thumb Code   194  stm32f4xx_ll_usb.o(i.USB_DeactivateEndpoint)
    USB_DevConnect                           0x08005fbd   Thumb Code    28  stm32f4xx_ll_usb.o(i.USB_DevConnect)
    USB_DevDisconnect                        0x08005fd9   Thumb Code    28  stm32f4xx_ll_usb.o(i.USB_DevDisconnect)
    USB_DevInit                              0x08005ff5   Thumb Code   362  stm32f4xx_ll_usb.o(i.USB_DevInit)
    USB_DisableGlobalInt                     0x08006169   Thumb Code    12  stm32f4xx_ll_usb.o(i.USB_DisableGlobalInt)
    USB_EP0StartXfer                         0x08006175   Thumb Code   276  stm32f4xx_ll_usb.o(i.USB_EP0StartXfer)
    USB_EP0_OutStart                         0x0800628d   Thumb Code    84  stm32f4xx_ll_usb.o(i.USB_EP0_OutStart)
    USB_EPClearStall                         0x080062e5   Thumb Code    88  stm32f4xx_ll_usb.o(i.USB_EPClearStall)
    USB_EPSetStall                           0x0800633d   Thumb Code    88  stm32f4xx_ll_usb.o(i.USB_EPSetStall)
    USB_EPStartXfer                          0x08006395   Thumb Code   482  stm32f4xx_ll_usb.o(i.USB_EPStartXfer)
    USB_EnableGlobalInt                      0x0800657d   Thumb Code    12  stm32f4xx_ll_usb.o(i.USB_EnableGlobalInt)
    USB_FlushRxFifo                          0x08006589   Thumb Code    28  stm32f4xx_ll_usb.o(i.USB_FlushRxFifo)
    USB_FlushTxFifo                          0x080065a9   Thumb Code    32  stm32f4xx_ll_usb.o(i.USB_FlushTxFifo)
    USB_GetDevSpeed                          0x080065cd   Thumb Code    26  stm32f4xx_ll_usb.o(i.USB_GetDevSpeed)
    USB_GetMode                              0x080065e7   Thumb Code     8  stm32f4xx_ll_usb.o(i.USB_GetMode)
    USB_ReadDevAllInEpInterrupt              0x080065ef   Thumb Code    14  stm32f4xx_ll_usb.o(i.USB_ReadDevAllInEpInterrupt)
    USB_ReadDevAllOutEpInterrupt             0x080065fd   Thumb Code    14  stm32f4xx_ll_usb.o(i.USB_ReadDevAllOutEpInterrupt)
    USB_ReadDevInEPInterrupt                 0x0800660b   Thumb Code    36  stm32f4xx_ll_usb.o(i.USB_ReadDevInEPInterrupt)
    USB_ReadDevOutEPInterrupt                0x0800662f   Thumb Code    16  stm32f4xx_ll_usb.o(i.USB_ReadDevOutEPInterrupt)
    USB_ReadInterrupts                       0x0800663f   Thumb Code     8  stm32f4xx_ll_usb.o(i.USB_ReadInterrupts)
    USB_ReadPacket                           0x08006647   Thumb Code    28  stm32f4xx_ll_usb.o(i.USB_ReadPacket)
    USB_SetCurrentMode                       0x08006663   Thumb Code    46  stm32f4xx_ll_usb.o(i.USB_SetCurrentMode)
    USB_SetDevAddress                        0x08006691   Thumb Code    34  stm32f4xx_ll_usb.o(i.USB_SetDevAddress)
    USB_SetTurnaroundTime                    0x080066b5   Thumb Code   158  stm32f4xx_ll_usb.o(i.USB_SetTurnaroundTime)
    USB_WritePacket                          0x0800679d   Thumb Code    36  stm32f4xx_ll_usb.o(i.USB_WritePacket)
    USER_UART_Init                           0x080067c1   Thumb Code    56  usart.o(i.USER_UART_Init)
    UsageFault_Handler                       0x08006801   Thumb Code     2  stm32f4xx_it.o(i.UsageFault_Handler)
    VtoA                                     0x08006805   Thumb Code    36  quadrudep_hauner.o(i.VtoA)
    Walk_run                                 0x08006831   Thumb Code    24  test_workspace.o(i.Walk_run)
    __0printf                                0x08006861   Thumb Code    22  printfa.o(i.__0printf)
    __1printf                                0x08006861   Thumb Code     0  printfa.o(i.__0printf)
    __2printf                                0x08006861   Thumb Code     0  printfa.o(i.__0printf)
    __c89printf                              0x08006861   Thumb Code     0  printfa.o(i.__0printf)
    printf                                   0x08006861   Thumb Code     0  printfa.o(i.__0printf)
    __0sprintf                               0x08006881   Thumb Code    34  printfa.o(i.__0sprintf)
    __1sprintf                               0x08006881   Thumb Code     0  printfa.o(i.__0sprintf)
    __2sprintf                               0x08006881   Thumb Code     0  printfa.o(i.__0sprintf)
    __c89sprintf                             0x08006881   Thumb Code     0  printfa.o(i.__0sprintf)
    sprintf                                  0x08006881   Thumb Code     0  printfa.o(i.__0sprintf)
    __0vsnprintf                             0x080068a9   Thumb Code    40  printfa.o(i.__0vsnprintf)
    __1vsnprintf                             0x080068a9   Thumb Code     0  printfa.o(i.__0vsnprintf)
    __2vsnprintf                             0x080068a9   Thumb Code     0  printfa.o(i.__0vsnprintf)
    __c89vsnprintf                           0x080068a9   Thumb Code     0  printfa.o(i.__0vsnprintf)
    vsnprintf                                0x080068a9   Thumb Code     0  printfa.o(i.__0vsnprintf)
    __ARM_fpclassify                         0x080068d5   Thumb Code    48  fpclassify.o(i.__ARM_fpclassify)
    __hardfp_acos                            0x08006929   Thumb Code   738  acos.o(i.__hardfp_acos)
    __hardfp_asin                            0x08006c81   Thumb Code   770  asin.o(i.__hardfp_asin)
    __hardfp_atan                            0x08006fe1   Thumb Code   622  atan.o(i.__hardfp_atan)
    __hardfp_cos                             0x080072b9   Thumb Code   180  cos.o(i.__hardfp_cos)
    __hardfp_sin                             0x08007381   Thumb Code   180  sin.o(i.__hardfp_sin)
    __hardfp_sqrt                            0x08007449   Thumb Code   122  sqrt.o(i.__hardfp_sqrt)
    __ieee754_rem_pio2                       0x080074c9   Thumb Code   938  rred.o(i.__ieee754_rem_pio2)
    __kernel_cos                             0x08007901   Thumb Code   322  cos_i.o(i.__kernel_cos)
    __kernel_poly                            0x08007a71   Thumb Code   248  poly.o(i.__kernel_poly)
    __kernel_sin                             0x08007b69   Thumb Code   280  sin_i.o(i.__kernel_sin)
    __mathlib_dbl_infnan                     0x08007c99   Thumb Code    20  dunder.o(i.__mathlib_dbl_infnan)
    __mathlib_dbl_invalid                    0x08007cb1   Thumb Code    24  dunder.o(i.__mathlib_dbl_invalid)
    __mathlib_dbl_underflow                  0x08007cd1   Thumb Code    24  dunder.o(i.__mathlib_dbl_underflow)
    __scatterload_copy                       0x08007cf1   Thumb Code    14  handlers.o(i.__scatterload_copy)
    __scatterload_null                       0x08007cff   Thumb Code     2  handlers.o(i.__scatterload_null)
    __scatterload_zeroinit                   0x08007d01   Thumb Code    14  handlers.o(i.__scatterload_zeroinit)
    __set_errno                              0x08007d11   Thumb Code     6  errno.o(i.__set_errno)
    bluetoothController                      0x080085f1   Thumb Code    58  dog_interface.o(i.bluetoothController)
    fabs                                     0x0800864d   Thumb Code    24  fabs.o(i.fabs)
    fputc                                    0x08008665   Thumb Code    18  usart.o(i.fputc)
    free                                     0x0800867d   Thumb Code    76  malloc.o(i.free)
    gait_trot                                0x080086cd   Thumb Code  1000  test_workspace.o(i.gait_trot)
    ik_3dof                                  0x08008af5   Thumb Code   812  quadrudep_hauner.o(i.ik_3dof)
    ik_Move                                  0x08008e7d   Thumb Code    24  quadrudep_hauner.o(i.ik_Move)
    main                                     0x08008e99   Thumb Code   102  main.o(i.main)
    malloc                                   0x08008f1d   Thumb Code    92  malloc.o(i.malloc)
    moveServosByArray                        0x08008f89   Thumb Code   110  lobotservocontroller.o(i.moveServosByArray)
    osDelay                                  0x08009001   Thumb Code    46  cmsis_os2.o(i.osDelay)
    osKernelInitialize                       0x08009035   Thumb Code    48  cmsis_os2.o(i.osKernelInitialize)
    osKernelStart                            0x08009069   Thumb Code    56  cmsis_os2.o(i.osKernelStart)
    osMessageQueueNew                        0x080090a5   Thumb Code   110  cmsis_os2.o(i.osMessageQueueNew)
    osThreadNew                              0x08009119   Thumb Code   158  cmsis_os2.o(i.osThreadNew)
    pvPortMalloc                             0x08009951   Thumb Code   210  heap_4.o(i.pvPortMalloc)
    pxPortInitialiseStack                    0x08009a29   Thumb Code    40  port.o(i.pxPortInitialiseStack)
    sqrt                                     0x08009a55   Thumb Code   110  sqrt.o(i.sqrt)
    usb_printf                               0x08009ac5   Thumb Code    32  usbd_cdc_if.o(i.usb_printf)
    uxListRemove                             0x08009ae9   Thumb Code    38  list.o(i.uxListRemove)
    vApplicationGetIdleTaskMemory            0x08009b11   Thumb Code    16  cmsis_os2.o(i.vApplicationGetIdleTaskMemory)
    vApplicationGetTimerTaskMemory           0x08009b25   Thumb Code    18  cmsis_os2.o(i.vApplicationGetTimerTaskMemory)
    vListInitialise                          0x08009b3d   Thumb Code    22  list.o(i.vListInitialise)
    vListInitialiseItem                      0x08009b53   Thumb Code     6  list.o(i.vListInitialiseItem)
    vListInsert                              0x08009b59   Thumb Code    48  list.o(i.vListInsert)
    vListInsertEnd                           0x08009b89   Thumb Code    24  list.o(i.vListInsertEnd)
    vPortEnterCritical                       0x08009ba1   Thumb Code    54  port.o(i.vPortEnterCritical)
    vPortExitCritical                        0x08009be1   Thumb Code    34  port.o(i.vPortExitCritical)
    vPortFree                                0x08009c09   Thumb Code    88  heap_4.o(i.vPortFree)
    vPortSetupTimerInterrupt                 0x08009c65   Thumb Code    32  port.o(i.vPortSetupTimerInterrupt)
    vPortValidateInterruptPriority           0x08009c89   Thumb Code    74  port.o(i.vPortValidateInterruptPriority)
    vQueueAddToRegistry                      0x08009cdd   Thumb Code    34  queue.o(i.vQueueAddToRegistry)
    vQueueWaitForMessageRestricted           0x08009d05   Thumb Code    68  queue.o(i.vQueueWaitForMessageRestricted)
    vTaskDelay                               0x08009d49   Thumb Code    66  tasks.o(i.vTaskDelay)
    vTaskInternalSetTimeOutState             0x08009d95   Thumb Code    12  tasks.o(i.vTaskInternalSetTimeOutState)
    vTaskMissedYield                         0x08009da5   Thumb Code     8  tasks.o(i.vTaskMissedYield)
    vTaskPlaceOnEventList                    0x08009db1   Thumb Code    44  tasks.o(i.vTaskPlaceOnEventList)
    vTaskPlaceOnEventListRestricted          0x08009de1   Thumb Code    52  tasks.o(i.vTaskPlaceOnEventListRestricted)
    vTaskStartScheduler                      0x08009e19   Thumb Code   118  tasks.o(i.vTaskStartScheduler)
    vTaskSuspendAll                          0x08009ea1   Thumb Code    10  tasks.o(i.vTaskSuspendAll)
    vTaskSwitchContext                       0x08009eb1   Thumb Code    90  tasks.o(i.vTaskSwitchContext)
    xPortStartScheduler                      0x08009f15   Thumb Code   222  port.o(i.xPortStartScheduler)
    xQueueGenericCreate                      0x0800a009   Thumb Code    72  queue.o(i.xQueueGenericCreate)
    xQueueGenericCreateStatic                0x0800a051   Thumb Code   102  queue.o(i.xQueueGenericCreateStatic)
    xQueueGenericReset                       0x0800a0b9   Thumb Code   132  queue.o(i.xQueueGenericReset)
    xQueueGenericSend                        0x0800a141   Thumb Code   346  queue.o(i.xQueueGenericSend)
    xQueueGenericSendFromISR                 0x0800a2a1   Thumb Code   188  queue.o(i.xQueueGenericSendFromISR)
    xQueueReceive                            0x0800a35d   Thumb Code   308  queue.o(i.xQueueReceive)
    xTaskCheckForTimeOut                     0x0800a495   Thumb Code   112  tasks.o(i.xTaskCheckForTimeOut)
    xTaskCreate                              0x0800a509   Thumb Code    90  tasks.o(i.xTaskCreate)
    xTaskCreateStatic                        0x0800a563   Thumb Code    86  tasks.o(i.xTaskCreateStatic)
    xTaskGetSchedulerState                   0x0800a5b9   Thumb Code    22  tasks.o(i.xTaskGetSchedulerState)
    xTaskGetTickCount                        0x0800a5d5   Thumb Code     6  tasks.o(i.xTaskGetTickCount)
    xTaskIncrementTick                       0x0800a5e1   Thumb Code   190  tasks.o(i.xTaskIncrementTick)
    xTaskPriorityDisinherit                  0x0800a6a9   Thumb Code   118  tasks.o(i.xTaskPriorityDisinherit)
    xTaskRemoveFromEventList                 0x0800a729   Thumb Code    98  tasks.o(i.xTaskRemoveFromEventList)
    xTaskResumeAll                           0x0800a799   Thumb Code   182  tasks.o(i.xTaskResumeAll)
    xTimerCreateTimerTask                    0x0800a85d   Thumb Code    78  timers.o(i.xTimerCreateTimerTask)
    xTimerGenericCommand                     0x0800a8bd   Thumb Code    98  timers.o(i.xTimerGenericCommand)
    F6x8                                     0x0800a924   Data         552  oled.o(.constdata)
    F8x16                                    0x0800ab4c   Data        1520  oled.o(.constdata)
    defaultTask_attributes                   0x0800b180   Data          36  freertos.o(.constdata)
    usart1RxTask_attributes                  0x0800b1a4   Data          36  freertos.o(.constdata)
    usart1RxMsgQueue_attributes              0x0800b1c8   Data          24  freertos.o(.constdata)
    AHBPrescTable                            0x0800b1e8   Data          16  system_stm32f4xx.o(.constdata)
    APBPrescTable                            0x0800b1f8   Data           8  system_stm32f4xx.o(.constdata)
    Region$$Table$$Base                      0x0800b488   Number         0  anon$$obj.o(Region$$Table)
    Region$$Table$$Limit                     0x0800b4a8   Number         0  anon$$obj.o(Region$$Table)
    Ts                                       0x20000000   Data           4  test_workspace.o(.data)
    t                                        0x20000004   Data           4  test_workspace.o(.data)
    state_change_flag                        0x20000008   Data           1  dog_interface.o(.data)
    motion_Flag                              0x20000009   Data           7  dog_interface.o(.data)
    isFreeRTOSSysOn                          0x20000010   Data           4  freertos.o(.data)
    defaultTaskHandle                        0x20000014   Data           4  freertos.o(.data)
    usart1RxTaskHandle                       0x20000018   Data           4  freertos.o(.data)
    usart1RxMsgQueueHandle                   0x2000001c   Data           4  freertos.o(.data)
    uwTickFreq                               0x20000020   Data           1  stm32f4xx_hal.o(.data)
    uwTickPrio                               0x20000024   Data           4  stm32f4xx_hal.o(.data)
    uwTick                                   0x20000028   Data           4  stm32f4xx_hal.o(.data)
    SystemCoreClock                          0x2000002c   Data           4  system_stm32f4xx.o(.data)
    pxCurrentTCB                             0x20000030   Data           4  tasks.o(.data)
    FS_Desc                                  0x200000a8   Data          28  usbd_desc.o(.data)
    USBD_LangIDDesc                          0x200000c4   Data           4  usbd_desc.o(.data)
    USBD_FS_DeviceDesc                       0x200000c8   Data          18  usbd_desc.o(.data)
    USBD_StringSerial                        0x200000dc   Data          26  usbd_desc.o(.data)
    temp                                     0x200000f8   Data           8  usbd_cdc_if.o(.data)
    USBD_Interface_fops_FS                   0x20000100   Data          20  usbd_cdc_if.o(.data)
    USBD_CDC                                 0x200001f0   Data          56  usbd_cdc.o(.data)
    __stdout                                 0x20000228   Data           4  stdout.o(.data)
    __microlib_freelist                      0x2000022c   Data           4  mvars.o(.data)
    __microlib_freelist_initialised          0x20000230   Data           4  mvars.o(.data)
    LobotTxBuf                               0x20000238   Data         128  lobotservocontroller.o(.bss)
    LobotRxBuf                               0x200002b8   Data          16  lobotservocontroller.o(.bss)
    servos                                   0x200002c8   Data          48  quadrudep_hauner.o(.bss)
    shank                                    0x200002f8   Data          32  quadrudep_hauner.o(.bss)
    ham                                      0x20000318   Data          32  quadrudep_hauner.o(.bss)
    wai                                      0x20000338   Data          32  quadrudep_hauner.o(.bss)
    str                                      0x20000358   Data         100  test_workspace.o(.bss)
    Pedis_x                                  0x200003c0   Data          32  test_workspace.o(.bss)
    Pedis_y                                  0x200003e0   Data          32  test_workspace.o(.bss)
    Pedis_z                                  0x20000400   Data          32  test_workspace.o(.bss)
    chrTemp                                  0x20000420   Data          30  jy901.o(.bss)
    IMU                                      0x20000440   Data          48  jy901.o(.bss)
    hi2c1                                    0x20000470   Data          84  i2c.o(.bss)
    hdma_i2c1_rx                             0x200004c4   Data          96  i2c.o(.bss)
    Uart1Rx                                  0x20000524   Data         131  usart.o(.bss)
    Uart2Rx                                  0x200005a7   Data         131  usart.o(.bss)
    huart1                                   0x2000062c   Data          64  usart.o(.bss)
    huart2                                   0x2000066c   Data          64  usart.o(.bss)
    hdma_usart1_rx                           0x200006ac   Data          96  usart.o(.bss)
    htim1                                    0x2000070c   Data          64  stm32f4xx_hal_timebase_tim.o(.bss)
    xQueueRegistry                           0x2000074c   Data          64  queue.o(.bss)
    hUsbDeviceFS                             0x20005020   Data         720  usb_device.o(.bss)
    USBD_StrDesc                             0x200052f0   Data         512  usbd_desc.o(.bss)
    UserRxBufferFS                           0x200054f0   Data        1000  usbd_cdc_if.o(.bss)
    UserTxBufferFS                           0x200058d8   Data        1000  usbd_cdc_if.o(.bss)
    hpcd_USB_OTG_FS                          0x20005cc0   Data        1032  usbd_conf.o(.bss)
    __heap_base                              0x200060c8   Data           0  startup_stm32f401xc.o(HEAP)
    __heap_limit                             0x2000a0c8   Data           0  startup_stm32f401xc.o(HEAP)
    __initial_sp                             0x2000b0c8   Data           0  startup_stm32f401xc.o(STACK)



==============================================================================

Memory Map of the image

  Image Entry point : 0x08000195

  Load Region LR_IROM1 (Base: 0x08000000, Size: 0x0000b6e0, Max: 0x00040000, ABSOLUTE, COMPRESSED[0x0000b574])

    Execution Region ER_IROM1 (Exec base: 0x08000000, Load base: 0x08000000, Size: 0x0000b4a8, Max: 0x00040000, ABSOLUTE)

    Exec Addr    Load Addr    Size         Type   Attr      Idx    E Section Name        Object

    0x08000000   0x08000000   0x00000194   Data   RO            3    RESET               startup_stm32f401xc.o
    0x08000194   0x08000194   0x00000000   Code   RO         7013  * .ARM.Collect$$$$00000000  mc_w.l(entry.o)
    0x08000194   0x08000194   0x00000004   Code   RO         7371    .ARM.Collect$$$$00000001  mc_w.l(entry2.o)
    0x08000198   0x08000198   0x00000004   Code   RO         7374    .ARM.Collect$$$$00000004  mc_w.l(entry5.o)
    0x0800019c   0x0800019c   0x00000000   Code   RO         7376    .ARM.Collect$$$$00000008  mc_w.l(entry7b.o)
    0x0800019c   0x0800019c   0x00000000   Code   RO         7378    .ARM.Collect$$$$0000000A  mc_w.l(entry8b.o)
    0x0800019c   0x0800019c   0x00000008   Code   RO         7379    .ARM.Collect$$$$0000000B  mc_w.l(entry9a.o)
    0x080001a4   0x080001a4   0x00000000   Code   RO         7381    .ARM.Collect$$$$0000000D  mc_w.l(entry10a.o)
    0x080001a4   0x080001a4   0x00000000   Code   RO         7383    .ARM.Collect$$$$0000000F  mc_w.l(entry11a.o)
    0x080001a4   0x080001a4   0x00000004   Code   RO         7372    .ARM.Collect$$$$00002712  mc_w.l(entry2.o)
    0x080001a8   0x080001a8   0x000000be   Code   RO         6097    .emb_text           port.o
    0x08000266   0x08000266   0x00000002   PAD
    0x08000268   0x08000268   0x00000024   Code   RO            4    .text               startup_stm32f401xc.o
    0x0800028c   0x0800028c   0x00000062   Code   RO         7016    .text               mc_w.l(uldiv.o)
    0x080002ee   0x080002ee   0x00000024   Code   RO         7018    .text               mc_w.l(memcpya.o)
    0x08000312   0x08000312   0x00000024   Code   RO         7022    .text               mc_w.l(memseta.o)
    0x08000336   0x08000336   0x0000014e   Code   RO         7315    .text               mf_w.l(dadd.o)
    0x08000484   0x08000484   0x000000e4   Code   RO         7317    .text               mf_w.l(dmul.o)
    0x08000568   0x08000568   0x000000de   Code   RO         7319    .text               mf_w.l(ddiv.o)
    0x08000646   0x08000646   0x00000022   Code   RO         7321    .text               mf_w.l(dflti.o)
    0x08000668   0x08000668   0x0000003e   Code   RO         7323    .text               mf_w.l(dfixi.o)
    0x080006a6   0x080006a6   0x00000032   Code   RO         7325    .text               mf_w.l(dfixui.o)
    0x080006d8   0x080006d8   0x00000026   Code   RO         7327    .text               mf_w.l(f2d.o)
    0x080006fe   0x080006fe   0x00000002   PAD
    0x08000700   0x08000700   0x00000030   Code   RO         7329    .text               mf_w.l(cdcmple.o)
    0x08000730   0x08000730   0x00000030   Code   RO         7331    .text               mf_w.l(cdrcmple.o)
    0x08000760   0x08000760   0x0000002c   Code   RO         7386    .text               mc_w.l(uidiv.o)
    0x0800078c   0x0800078c   0x0000001e   Code   RO         7388    .text               mc_w.l(llshl.o)
    0x080007aa   0x080007aa   0x00000020   Code   RO         7390    .text               mc_w.l(llushr.o)
    0x080007ca   0x080007ca   0x00000024   Code   RO         7392    .text               mc_w.l(llsshr.o)
    0x080007ee   0x080007ee   0x00000000   Code   RO         7403    .text               mc_w.l(iusefp.o)
    0x080007ee   0x080007ee   0x000000ba   Code   RO         7404    .text               mf_w.l(depilogue.o)
    0x080008a8   0x080008a8   0x000000a2   Code   RO         7408    .text               mf_w.l(dsqrt.o)
    0x0800094a   0x0800094a   0x00000030   Code   RO         7410    .text               mf_w.l(dfixul.o)
    0x0800097a   0x0800097a   0x00000002   PAD
    0x0800097c   0x0800097c   0x00000024   Code   RO         7412    .text               mc_w.l(init.o)
    0x080009a0   0x080009a0   0x0000001a   Code   RO         7414    .text               mf_w.l(dfltui.o)
    0x080009ba   0x080009ba   0x00000056   Code   RO         7424    .text               mc_w.l(__dczerorl2.o)
    0x08000a10   0x08000a10   0x00000050   Code   RO          219    i.AtoV              quadrudep_hauner.o
    0x08000a60   0x08000a60   0x00000184   Code   RO          297    i.Balance_run       test_workspace.o
    0x08000be4   0x08000be4   0x00000002   Code   RO          871    i.BusFault_Handler  stm32f4xx_it.o
    0x08000be6   0x08000be6   0x00000004   Code   RO         6294    i.CDC_Control_FS    usbd_cdc_if.o
    0x08000bea   0x08000bea   0x00000004   Code   RO         6295    i.CDC_DeInit_FS     usbd_cdc_if.o
    0x08000bee   0x08000bee   0x00000002   PAD
    0x08000bf0   0x08000bf0   0x00000024   Code   RO         6296    i.CDC_Init_FS       usbd_cdc_if.o
    0x08000c14   0x08000c14   0x00000078   Code   RO         6297    i.CDC_Receive_FS    usbd_cdc_if.o
    0x08000c8c   0x08000c8c   0x00000004   Code   RO         6298    i.CDC_TransmitCplt_FS  usbd_cdc_if.o
    0x08000c90   0x08000c90   0x0000002c   Code   RO         6299    i.CDC_Transmit_FS   usbd_cdc_if.o
    0x08000cbc   0x08000cbc   0x0000000c   Code   RO          872    i.DMA1_Stream0_IRQHandler  stm32f4xx_it.o
    0x08000cc8   0x08000cc8   0x0000000c   Code   RO          873    i.DMA2_Stream2_IRQHandler  stm32f4xx_it.o
    0x08000cd4   0x08000cd4   0x00000028   Code   RO         2085    i.DMA_CalcBaseAndBitshift  stm32f4xx_hal_dma.o
    0x08000cfc   0x08000cfc   0x00000054   Code   RO         2086    i.DMA_CheckFifoParam  stm32f4xx_hal_dma.o
    0x08000d50   0x08000d50   0x00000028   Code   RO         2087    i.DMA_SetConfig     stm32f4xx_hal_dma.o
    0x08000d78   0x08000d78   0x00000002   Code   RO          874    i.DebugMon_Handler  stm32f4xx_it.o
    0x08000d7a   0x08000d7a   0x00000002   Code   RO          600    i.Error_Handler     main.o
    0x08000d7c   0x08000d7c   0x00000058   Code   RO          528    i.Gait_Controller   dog_interface.o
    0x08000dd4   0x08000dd4   0x0000008e   Code   RO         2088    i.HAL_DMA_Abort     stm32f4xx_hal_dma.o
    0x08000e62   0x08000e62   0x00000024   Code   RO         2089    i.HAL_DMA_Abort_IT  stm32f4xx_hal_dma.o
    0x08000e86   0x08000e86   0x00000006   Code   RO         2092    i.HAL_DMA_GetState  stm32f4xx_hal_dma.o
    0x08000e8c   0x08000e8c   0x000001a0   Code   RO         2093    i.HAL_DMA_IRQHandler  stm32f4xx_hal_dma.o
    0x0800102c   0x0800102c   0x000000d4   Code   RO         2094    i.HAL_DMA_Init      stm32f4xx_hal_dma.o
    0x08001100   0x08001100   0x0000006e   Code   RO         2098    i.HAL_DMA_Start_IT  stm32f4xx_hal_dma.o
    0x0800116e   0x0800116e   0x00000002   PAD
    0x08001170   0x08001170   0x00000024   Code   RO         2531    i.HAL_Delay         stm32f4xx_hal.o
    0x08001194   0x08001194   0x00000194   Code   RO         1981    i.HAL_GPIO_Init     stm32f4xx_hal_gpio.o
    0x08001328   0x08001328   0x0000000c   Code   RO         2537    i.HAL_GetTick       stm32f4xx_hal.o
    0x08001334   0x08001334   0x00000002   Code   RO         2782    i.HAL_I2C_AbortCpltCallback  stm32f4xx_hal_i2c.o
    0x08001336   0x08001336   0x00000002   Code   RO         2783    i.HAL_I2C_AddrCallback  stm32f4xx_hal_i2c.o
    0x08001338   0x08001338   0x000000ba   Code   RO         2786    i.HAL_I2C_ER_IRQHandler  stm32f4xx_hal_i2c.o
    0x080013f2   0x080013f2   0x00000266   Code   RO         2787    i.HAL_I2C_EV_IRQHandler  stm32f4xx_hal_i2c.o
    0x08001658   0x08001658   0x00000002   Code   RO         2789    i.HAL_I2C_ErrorCallback  stm32f4xx_hal_i2c.o
    0x0800165a   0x0800165a   0x00000002   PAD
    0x0800165c   0x0800165c   0x00000188   Code   RO         2793    i.HAL_I2C_Init      stm32f4xx_hal_i2c.o
    0x080017e4   0x080017e4   0x00000002   Code   RO         2795    i.HAL_I2C_ListenCpltCallback  stm32f4xx_hal_i2c.o
    0x080017e6   0x080017e6   0x00000002   Code   RO         2796    i.HAL_I2C_MasterRxCpltCallback  stm32f4xx_hal_i2c.o
    0x080017e8   0x080017e8   0x00000002   Code   RO         2797    i.HAL_I2C_MasterTxCpltCallback  stm32f4xx_hal_i2c.o
    0x080017ea   0x080017ea   0x00000002   Code   RO         2809    i.HAL_I2C_MemRxCpltCallback  stm32f4xx_hal_i2c.o
    0x080017ec   0x080017ec   0x00000002   Code   RO         2810    i.HAL_I2C_MemTxCpltCallback  stm32f4xx_hal_i2c.o
    0x080017ee   0x080017ee   0x00000002   PAD
    0x080017f0   0x080017f0   0x000001f8   Code   RO         2811    i.HAL_I2C_Mem_Read  stm32f4xx_hal_i2c.o
    0x080019e8   0x080019e8   0x00000130   Code   RO         2814    i.HAL_I2C_Mem_Write  stm32f4xx_hal_i2c.o
    0x08001b18   0x08001b18   0x000000c0   Code   RO          762    i.HAL_I2C_MspInit   i2c.o
    0x08001bd8   0x08001bd8   0x00000002   Code   RO         2819    i.HAL_I2C_SlaveRxCpltCallback  stm32f4xx_hal_i2c.o
    0x08001bda   0x08001bda   0x00000002   Code   RO         2820    i.HAL_I2C_SlaveTxCpltCallback  stm32f4xx_hal_i2c.o
    0x08001bdc   0x08001bdc   0x00000010   Code   RO         2543    i.HAL_IncTick       stm32f4xx_hal.o
    0x08001bec   0x08001bec   0x00000034   Code   RO         2544    i.HAL_Init          stm32f4xx_hal.o
    0x08001c20   0x08001c20   0x00000074   Code   RO          995    i.HAL_InitTick      stm32f4xx_hal_timebase_tim.o
    0x08001c94   0x08001c94   0x00000030   Code   RO          971    i.HAL_MspInit       stm32f4xx_hal_msp.o
    0x08001cc4   0x08001cc4   0x0000001a   Code   RO         2394    i.HAL_NVIC_EnableIRQ  stm32f4xx_hal_cortex.o
    0x08001cde   0x08001cde   0x00000002   PAD
    0x08001ce0   0x08001ce0   0x00000040   Code   RO         2400    i.HAL_NVIC_SetPriority  stm32f4xx_hal_cortex.o
    0x08001d20   0x08001d20   0x00000024   Code   RO         2401    i.HAL_NVIC_SetPriorityGrouping  stm32f4xx_hal_cortex.o
    0x08001d44   0x08001d44   0x00000002   Code   RO         1261    i.HAL_PCDEx_LPM_Callback  stm32f4xx_hal_pcd_ex.o
    0x08001d46   0x08001d46   0x00000008   Code   RO         1262    i.HAL_PCDEx_SetRxFiFo  stm32f4xx_hal_pcd_ex.o
    0x08001d4e   0x08001d4e   0x00000044   Code   RO         1263    i.HAL_PCDEx_SetTxFiFo  stm32f4xx_hal_pcd_ex.o
    0x08001d92   0x08001d92   0x00000008   Code   RO         6366    i.HAL_PCD_ConnectCallback  usbd_conf.o
    0x08001d9a   0x08001d9a   0x00000012   Code   RO         6367    i.HAL_PCD_DataInStageCallback  usbd_conf.o
    0x08001dac   0x08001dac   0x00000014   Code   RO         6368    i.HAL_PCD_DataOutStageCallback  usbd_conf.o
    0x08001dc0   0x08001dc0   0x00000008   Code   RO         6369    i.HAL_PCD_DisconnectCallback  usbd_conf.o
    0x08001dc8   0x08001dc8   0x0000004c   Code   RO         1043    i.HAL_PCD_EP_Close  stm32f4xx_hal_pcd.o
    0x08001e14   0x08001e14   0x0000005c   Code   RO         1044    i.HAL_PCD_EP_ClrStall  stm32f4xx_hal_pcd.o
    0x08001e70   0x08001e70   0x00000012   Code   RO         1046    i.HAL_PCD_EP_GetRxCount  stm32f4xx_hal_pcd.o
    0x08001e82   0x08001e82   0x00000060   Code   RO         1047    i.HAL_PCD_EP_Open   stm32f4xx_hal_pcd.o
    0x08001ee2   0x08001ee2   0x00000048   Code   RO         1048    i.HAL_PCD_EP_Receive  stm32f4xx_hal_pcd.o
    0x08001f2a   0x08001f2a   0x00000074   Code   RO         1049    i.HAL_PCD_EP_SetStall  stm32f4xx_hal_pcd.o
    0x08001f9e   0x08001f9e   0x00000040   Code   RO         1050    i.HAL_PCD_EP_Transmit  stm32f4xx_hal_pcd.o
    0x08001fde   0x08001fde   0x00000002   PAD
    0x08001fe0   0x08001fe0   0x00000434   Code   RO         1052    i.HAL_PCD_IRQHandler  stm32f4xx_hal_pcd.o
    0x08002414   0x08002414   0x00000008   Code   RO         6370    i.HAL_PCD_ISOINIncompleteCallback  usbd_conf.o
    0x0800241c   0x0800241c   0x00000008   Code   RO         6371    i.HAL_PCD_ISOOUTIncompleteCallback  usbd_conf.o
    0x08002424   0x08002424   0x000000e2   Code   RO         1055    i.HAL_PCD_Init      stm32f4xx_hal_pcd.o
    0x08002506   0x08002506   0x00000002   PAD
    0x08002508   0x08002508   0x00000084   Code   RO         6373    i.HAL_PCD_MspInit   usbd_conf.o
    0x0800258c   0x0800258c   0x00000026   Code   RO         6374    i.HAL_PCD_ResetCallback  usbd_conf.o
    0x080025b2   0x080025b2   0x00000008   Code   RO         6375    i.HAL_PCD_ResumeCallback  usbd_conf.o
    0x080025ba   0x080025ba   0x00000008   Code   RO         6376    i.HAL_PCD_SOFCallback  usbd_conf.o
    0x080025c2   0x080025c2   0x00000028   Code   RO         1061    i.HAL_PCD_SetAddress  stm32f4xx_hal_pcd.o
    0x080025ea   0x080025ea   0x0000000e   Code   RO         6377    i.HAL_PCD_SetupStageCallback  usbd_conf.o
    0x080025f8   0x080025f8   0x00000042   Code   RO         1063    i.HAL_PCD_Start     stm32f4xx_hal_pcd.o
    0x0800263a   0x0800263a   0x00000002   PAD
    0x0800263c   0x0800263c   0x00000030   Code   RO         6378    i.HAL_PCD_SuspendCallback  usbd_conf.o
    0x0800266c   0x0800266c   0x00000134   Code   RO         1603    i.HAL_RCC_ClockConfig  stm32f4xx_hal_rcc.o
    0x080027a0   0x080027a0   0x00000040   Code   RO         1607    i.HAL_RCC_GetClockConfig  stm32f4xx_hal_rcc.o
    0x080027e0   0x080027e0   0x0000000c   Code   RO         1608    i.HAL_RCC_GetHCLKFreq  stm32f4xx_hal_rcc.o
    0x080027ec   0x080027ec   0x00000020   Code   RO         1610    i.HAL_RCC_GetPCLK1Freq  stm32f4xx_hal_rcc.o
    0x0800280c   0x0800280c   0x00000020   Code   RO         1611    i.HAL_RCC_GetPCLK2Freq  stm32f4xx_hal_rcc.o
    0x0800282c   0x0800282c   0x00000064   Code   RO         1612    i.HAL_RCC_GetSysClockFreq  stm32f4xx_hal_rcc.o
    0x08002890   0x08002890   0x0000035c   Code   RO         1615    i.HAL_RCC_OscConfig  stm32f4xx_hal_rcc.o
    0x08002bec   0x08002bec   0x00000002   Code   RO         3916    i.HAL_TIMEx_BreakCallback  stm32f4xx_hal_tim_ex.o
    0x08002bee   0x08002bee   0x00000002   Code   RO         3917    i.HAL_TIMEx_CommutCallback  stm32f4xx_hal_tim_ex.o
    0x08002bf0   0x08002bf0   0x00000036   Code   RO         3241    i.HAL_TIM_Base_Init  stm32f4xx_hal_tim.o
    0x08002c26   0x08002c26   0x00000002   Code   RO         3243    i.HAL_TIM_Base_MspInit  stm32f4xx_hal_tim.o
    0x08002c28   0x08002c28   0x00000022   Code   RO         3246    i.HAL_TIM_Base_Start_IT  stm32f4xx_hal_tim.o
    0x08002c4a   0x08002c4a   0x00000002   Code   RO         3270    i.HAL_TIM_IC_CaptureCallback  stm32f4xx_hal_tim.o
    0x08002c4c   0x08002c4c   0x00000166   Code   RO         3284    i.HAL_TIM_IRQHandler  stm32f4xx_hal_tim.o
    0x08002db2   0x08002db2   0x00000002   Code   RO         3287    i.HAL_TIM_OC_DelayElapsedCallback  stm32f4xx_hal_tim.o
    0x08002db4   0x08002db4   0x00000002   Code   RO         3314    i.HAL_TIM_PWM_PulseFinishedCallback  stm32f4xx_hal_tim.o
    0x08002db6   0x08002db6   0x00000002   PAD
    0x08002db8   0x08002db8   0x00000014   Code   RO          601    i.HAL_TIM_PeriodElapsedCallback  main.o
    0x08002dcc   0x08002dcc   0x00000002   Code   RO         3327    i.HAL_TIM_TriggerCallback  stm32f4xx_hal_tim.o
    0x08002dce   0x08002dce   0x00000058   Code   RO         4186    i.HAL_UART_DMAStop  stm32f4xx_hal_uart.o
    0x08002e26   0x08002e26   0x00000002   Code   RO         4188    i.HAL_UART_ErrorCallback  stm32f4xx_hal_uart.o
    0x08002e28   0x08002e28   0x00000114   Code   RO         4191    i.HAL_UART_IRQHandler  stm32f4xx_hal_uart.o
    0x08002f3c   0x08002f3c   0x00000062   Code   RO         4192    i.HAL_UART_Init     stm32f4xx_hal_uart.o
    0x08002f9e   0x08002f9e   0x00000002   PAD
    0x08002fa0   0x08002fa0   0x000000f8   Code   RO          804    i.HAL_UART_MspInit  usart.o
    0x08003098   0x08003098   0x00000098   Code   RO         4196    i.HAL_UART_Receive_DMA  stm32f4xx_hal_uart.o
    0x08003130   0x08003130   0x00000002   Code   RO         4198    i.HAL_UART_RxCpltCallback  stm32f4xx_hal_uart.o
    0x08003132   0x08003132   0x00000002   Code   RO         4199    i.HAL_UART_RxHalfCpltCallback  stm32f4xx_hal_uart.o
    0x08003134   0x08003134   0x000000ba   Code   RO         4200    i.HAL_UART_Transmit  stm32f4xx_hal_uart.o
    0x080031ee   0x080031ee   0x00000002   Code   RO         4203    i.HAL_UART_TxCpltCallback  stm32f4xx_hal_uart.o
    0x080031f0   0x080031f0   0x00000002   Code   RO          875    i.HardFault_Handler  stm32f4xx_it.o
    0x080031f2   0x080031f2   0x00000002   PAD
    0x080031f4   0x080031f4   0x0000000c   Code   RO          876    i.I2C1_ER_IRQHandler  stm32f4xx_it.o
    0x08003200   0x08003200   0x0000000c   Code   RO          877    i.I2C1_EV_IRQHandler  stm32f4xx_it.o
    0x0800320c   0x0800320c   0x000000bc   Code   RO         2831    i.I2C_DMAAbort      stm32f4xx_hal_i2c.o
    0x080032c8   0x080032c8   0x00000158   Code   RO         2834    i.I2C_ITError       stm32f4xx_hal_i2c.o
    0x08003420   0x08003420   0x0000002e   Code   RO         2835    i.I2C_IsAcknowledgeFailed  stm32f4xx_hal_i2c.o
    0x0800344e   0x0800344e   0x000000d2   Code   RO         2836    i.I2C_MasterReceive_BTF  stm32f4xx_hal_i2c.o
    0x08003520   0x08003520   0x000000e8   Code   RO         2837    i.I2C_MasterReceive_RXNE  stm32f4xx_hal_i2c.o
    0x08003608   0x08003608   0x00000074   Code   RO         2840    i.I2C_MasterTransmit_BTF  stm32f4xx_hal_i2c.o
    0x0800367c   0x0800367c   0x000000b6   Code   RO         2841    i.I2C_MasterTransmit_TXE  stm32f4xx_hal_i2c.o
    0x08003732   0x08003732   0x00000002   PAD
    0x08003734   0x08003734   0x00000118   Code   RO         2842    i.I2C_Master_ADDR   stm32f4xx_hal_i2c.o
    0x0800384c   0x0800384c   0x0000008c   Code   RO         2843    i.I2C_Master_SB     stm32f4xx_hal_i2c.o
    0x080038d8   0x080038d8   0x000000a0   Code   RO         2844    i.I2C_MemoryTransmit_TXE_BTF  stm32f4xx_hal_i2c.o
    0x08003978   0x08003978   0x000000fc   Code   RO         2845    i.I2C_RequestMemoryRead  stm32f4xx_hal_i2c.o
    0x08003a74   0x08003a74   0x000000a8   Code   RO         2846    i.I2C_RequestMemoryWrite  stm32f4xx_hal_i2c.o
    0x08003b1c   0x08003b1c   0x00000084   Code   RO         2847    i.I2C_Slave_AF      stm32f4xx_hal_i2c.o
    0x08003ba0   0x08003ba0   0x0000015c   Code   RO         2848    i.I2C_Slave_STOPF   stm32f4xx_hal_i2c.o
    0x08003cfc   0x08003cfc   0x0000004c   Code   RO         2849    i.I2C_WaitOnBTFFlagUntilTimeout  stm32f4xx_hal_i2c.o
    0x08003d48   0x08003d48   0x00000068   Code   RO         2850    i.I2C_WaitOnFlagUntilTimeout  stm32f4xx_hal_i2c.o
    0x08003db0   0x08003db0   0x00000096   Code   RO         2851    i.I2C_WaitOnMasterAddressFlagUntilTimeout  stm32f4xx_hal_i2c.o
    0x08003e46   0x08003e46   0x00000066   Code   RO         2852    i.I2C_WaitOnRXNEFlagUntilTimeout  stm32f4xx_hal_i2c.o
    0x08003eac   0x08003eac   0x0000004c   Code   RO         2853    i.I2C_WaitOnTXEFlagUntilTimeout  stm32f4xx_hal_i2c.o
    0x08003ef8   0x08003ef8   0x00000038   Code   RO         6221    i.IntToUnicode      usbd_desc.o
    0x08003f30   0x08003f30   0x0000015c   Code   RO          486    i.JY901_RDDat       jy901.o
    0x0800408c   0x0800408c   0x0000004c   Code   RO          737    i.MX_DMA_Init       dma.o
    0x080040d8   0x080040d8   0x00000044   Code   RO          685    i.MX_FREERTOS_Init  freertos.o
    0x0800411c   0x0800411c   0x0000003c   Code   RO          661    i.MX_GPIO_Init      gpio.o
    0x08004158   0x08004158   0x00000040   Code   RO          763    i.MX_I2C1_Init      i2c.o
    0x08004198   0x08004198   0x00000038   Code   RO          805    i.MX_USART1_UART_Init  usart.o
    0x080041d0   0x080041d0   0x00000038   Code   RO          806    i.MX_USART2_UART_Init  usart.o
    0x08004208   0x08004208   0x00000054   Code   RO         6177    i.MX_USB_DEVICE_Init  usb_device.o
    0x0800425c   0x0800425c   0x00000002   Code   RO          878    i.MemManage_Handler  stm32f4xx_it.o
    0x0800425e   0x0800425e   0x00000002   PAD
    0x08004260   0x08004260   0x00000268   Code   RO          220    i.Move              quadrudep_hauner.o
    0x080044c8   0x080044c8   0x00000002   Code   RO          879    i.NMI_Handler       stm32f4xx_it.o
    0x080044ca   0x080044ca   0x00000034   Code   RO          389    i.OLED_Clear        oled.o
    0x080044fe   0x080044fe   0x000000c4   Code   RO          391    i.OLED_Init         oled.o
    0x080045c2   0x080045c2   0x00000022   Code   RO          394    i.OLED_SetPos       oled.o
    0x080045e4   0x080045e4   0x000000d8   Code   RO          397    i.OLED_ShowStr      oled.o
    0x080046bc   0x080046bc   0x00000024   Code   RO          398    i.OLED_WrCmd        oled.o
    0x080046e0   0x080046e0   0x00000024   Code   RO          399    i.OLED_WrDat        oled.o
    0x08004704   0x08004704   0x0000000c   Code   RO          880    i.OTG_FS_IRQHandler  stm32f4xx_it.o
    0x08004710   0x08004710   0x000000cc   Code   RO         1067    i.PCD_EP_OutXfrComplete_int  stm32f4xx_hal_pcd.o
    0x080047dc   0x080047dc   0x000000a2   Code   RO         1068    i.PCD_WriteEmptyTxFifo  stm32f4xx_hal_pcd.o
    0x0800487e   0x0800487e   0x0000000a   Code   RO         6699    i.SWAPBYTE          usbd_ctlreq.o
    0x08004888   0x08004888   0x00000040   Code   RO          221    i.Servo_Init        quadrudep_hauner.o
    0x080048c8   0x080048c8   0x000000c8   Code   RO          222    i.ShankAngleConverter  quadrudep_hauner.o
    0x08004990   0x08004990   0x00000010   Code   RO          686    i.StartDefaultTask  freertos.o
    0x080049a0   0x080049a0   0x00000064   Code   RO          687    i.StartUsart1RxTask  freertos.o
    0x08004a04   0x08004a04   0x0000002c   Code   RO         6098    i.SysTick_Handler   port.o
    0x08004a30   0x08004a30   0x00000084   Code   RO          602    i.SystemClock_Config  main.o
    0x08004ab4   0x08004ab4   0x0000001c   Code   RO         4494    i.SystemInit        system_stm32f4xx.o
    0x08004ad0   0x08004ad0   0x0000000c   Code   RO          881    i.TIM1_UP_TIM10_IRQHandler  stm32f4xx_it.o
    0x08004adc   0x08004adc   0x00000098   Code   RO         3329    i.TIM_Base_SetConfig  stm32f4xx_hal_tim.o
    0x08004b74   0x08004b74   0x00000114   Code   RO          298    i.Trot_run          test_workspace.o
    0x08004c88   0x08004c88   0x00000010   Code   RO         4205    i.UART_DMAAbortOnError  stm32f4xx_hal_uart.o
    0x08004c98   0x08004c98   0x0000004a   Code   RO         4206    i.UART_DMAError     stm32f4xx_hal_uart.o
    0x08004ce2   0x08004ce2   0x0000003c   Code   RO         4207    i.UART_DMAReceiveCplt  stm32f4xx_hal_uart.o
    0x08004d1e   0x08004d1e   0x0000000a   Code   RO         4209    i.UART_DMARxHalfCplt  stm32f4xx_hal_uart.o
    0x08004d28   0x08004d28   0x0000001c   Code   RO         4215    i.UART_EndRxTransfer  stm32f4xx_hal_uart.o
    0x08004d44   0x08004d44   0x00000012   Code   RO         4216    i.UART_EndTxTransfer  stm32f4xx_hal_uart.o
    0x08004d56   0x08004d56   0x00000096   Code   RO         4217    i.UART_Receive_IT   stm32f4xx_hal_uart.o
    0x08004dec   0x08004dec   0x00000128   Code   RO         4218    i.UART_SetConfig    stm32f4xx_hal_uart.o
    0x08004f14   0x08004f14   0x00000062   Code   RO         4219    i.UART_Transmit_IT  stm32f4xx_hal_uart.o
    0x08004f76   0x08004f76   0x00000064   Code   RO         4220    i.UART_WaitOnFlagUntilTimeout  stm32f4xx_hal_uart.o
    0x08004fda   0x08004fda   0x00000002   PAD
    0x08004fdc   0x08004fdc   0x00000014   Code   RO          882    i.USART1_IRQHandler  stm32f4xx_it.o
    0x08004ff0   0x08004ff0   0x0000007c   Code   RO          807    i.USART1_ReceiveIDLE  usart.o
    0x0800506c   0x0800506c   0x00000062   Code   RO         6832    i.USBD_CDC_DataIn   usbd_cdc.o
    0x080050ce   0x080050ce   0x0000002a   Code   RO         6833    i.USBD_CDC_DataOut  usbd_cdc.o
    0x080050f8   0x080050f8   0x0000004a   Code   RO         6834    i.USBD_CDC_DeInit   usbd_cdc.o
    0x08005142   0x08005142   0x00000024   Code   RO         6835    i.USBD_CDC_EP0_RxReady  usbd_cdc.o
    0x08005166   0x08005166   0x00000002   PAD
    0x08005168   0x08005168   0x0000000c   Code   RO         6836    i.USBD_CDC_GetDeviceQualifierDescriptor  usbd_cdc.o
    0x08005174   0x08005174   0x0000000c   Code   RO         6837    i.USBD_CDC_GetFSCfgDesc  usbd_cdc.o
    0x08005180   0x08005180   0x0000000c   Code   RO         6838    i.USBD_CDC_GetHSCfgDesc  usbd_cdc.o
    0x0800518c   0x0800518c   0x0000000c   Code   RO         6839    i.USBD_CDC_GetOtherSpeedCfgDesc  usbd_cdc.o
    0x08005198   0x08005198   0x000000a2   Code   RO         6840    i.USBD_CDC_Init     usbd_cdc.o
    0x0800523a   0x0800523a   0x00000028   Code   RO         6841    i.USBD_CDC_ReceivePacket  usbd_cdc.o
    0x08005262   0x08005262   0x0000000e   Code   RO         6842    i.USBD_CDC_RegisterInterface  usbd_cdc.o
    0x08005270   0x08005270   0x0000000c   Code   RO         6843    i.USBD_CDC_SetRxBuffer  usbd_cdc.o
    0x0800527c   0x0800527c   0x00000010   Code   RO         6844    i.USBD_CDC_SetTxBuffer  usbd_cdc.o
    0x0800528c   0x0800528c   0x000000b0   Code   RO         6845    i.USBD_CDC_Setup    usbd_cdc.o
    0x0800533c   0x0800533c   0x00000036   Code   RO         6846    i.USBD_CDC_TransmitPacket  usbd_cdc.o
    0x08005372   0x08005372   0x00000010   Code   RO         6561    i.USBD_ClrClassConfig  usbd_core.o
    0x08005382   0x08005382   0x00000010   Code   RO         6772    i.USBD_CtlContinueRx  usbd_ioreq.o
    0x08005392   0x08005392   0x00000010   Code   RO         6773    i.USBD_CtlContinueSendData  usbd_ioreq.o
    0x080053a2   0x080053a2   0x00000016   Code   RO         6700    i.USBD_CtlError     usbd_ctlreq.o
    0x080053b8   0x080053b8   0x0000001e   Code   RO         6774    i.USBD_CtlPrepareRx  usbd_ioreq.o
    0x080053d6   0x080053d6   0x00000016   Code   RO         6775    i.USBD_CtlReceiveStatus  usbd_ioreq.o
    0x080053ec   0x080053ec   0x0000001a   Code   RO         6776    i.USBD_CtlSendData  usbd_ioreq.o
    0x08005406   0x08005406   0x00000016   Code   RO         6777    i.USBD_CtlSendStatus  usbd_ioreq.o
    0x0800541c   0x0800541c   0x00000020   Code   RO         6222    i.USBD_FS_ConfigStrDescriptor  usbd_desc.o
    0x0800543c   0x0800543c   0x0000000c   Code   RO         6223    i.USBD_FS_DeviceDescriptor  usbd_desc.o
    0x08005448   0x08005448   0x00000024   Code   RO         6224    i.USBD_FS_InterfaceStrDescriptor  usbd_desc.o
    0x0800546c   0x0800546c   0x0000000c   Code   RO         6225    i.USBD_FS_LangIDStrDescriptor  usbd_desc.o
    0x08005478   0x08005478   0x00000028   Code   RO         6226    i.USBD_FS_ManufacturerStrDescriptor  usbd_desc.o
    0x080054a0   0x080054a0   0x0000002c   Code   RO         6227    i.USBD_FS_ProductStrDescriptor  usbd_desc.o
    0x080054cc   0x080054cc   0x00000038   Code   RO         6228    i.USBD_FS_SerialStrDescriptor  usbd_desc.o
    0x08005504   0x08005504   0x000000e6   Code   RO         6701    i.USBD_GetDescriptor  usbd_ctlreq.o
    0x080055ea   0x080055ea   0x00000048   Code   RO         6702    i.USBD_GetString    usbd_ctlreq.o
    0x08005632   0x08005632   0x00000018   Code   RO         6379    i.USBD_Get_USB_Status  usbd_conf.o
    0x0800564a   0x0800564a   0x00000034   Code   RO         6563    i.USBD_Init         usbd_core.o
    0x0800567e   0x0800567e   0x00000012   Code   RO         6380    i.USBD_LL_ClearStallEP  usbd_conf.o
    0x08005690   0x08005690   0x00000012   Code   RO         6381    i.USBD_LL_CloseEP   usbd_conf.o
    0x080056a2   0x080056a2   0x000000aa   Code   RO         6564    i.USBD_LL_DataInStage  usbd_core.o
    0x0800574c   0x0800574c   0x0000006e   Code   RO         6565    i.USBD_LL_DataOutStage  usbd_core.o
    0x080057ba   0x080057ba   0x00000004   Code   RO         6566    i.USBD_LL_DevConnected  usbd_core.o
    0x080057be   0x080057be   0x00000018   Code   RO         6567    i.USBD_LL_DevDisconnected  usbd_core.o
    0x080057d6   0x080057d6   0x00000008   Code   RO         6385    i.USBD_LL_GetRxDataSize  usbd_conf.o
    0x080057de   0x080057de   0x00000002   PAD
    0x080057e0   0x080057e0   0x00000060   Code   RO         6386    i.USBD_LL_Init      usbd_conf.o
    0x08005840   0x08005840   0x00000020   Code   RO         6387    i.USBD_LL_IsStallEP  usbd_conf.o
    0x08005860   0x08005860   0x00000004   Code   RO         6568    i.USBD_LL_IsoINIncomplete  usbd_core.o
    0x08005864   0x08005864   0x00000004   Code   RO         6569    i.USBD_LL_IsoOUTIncomplete  usbd_core.o
    0x08005868   0x08005868   0x00000018   Code   RO         6388    i.USBD_LL_OpenEP    usbd_conf.o
    0x08005880   0x08005880   0x00000012   Code   RO         6389    i.USBD_LL_PrepareReceive  usbd_conf.o
    0x08005892   0x08005892   0x00000052   Code   RO         6570    i.USBD_LL_Reset     usbd_core.o
    0x080058e4   0x080058e4   0x00000014   Code   RO         6571    i.USBD_LL_Resume    usbd_core.o
    0x080058f8   0x080058f8   0x00000018   Code   RO         6572    i.USBD_LL_SOF       usbd_core.o
    0x08005910   0x08005910   0x00000006   Code   RO         6573    i.USBD_LL_SetSpeed  usbd_core.o
    0x08005916   0x08005916   0x00000012   Code   RO         6390    i.USBD_LL_SetUSBAddress  usbd_conf.o
    0x08005928   0x08005928   0x00000060   Code   RO         6574    i.USBD_LL_SetupStage  usbd_core.o
    0x08005988   0x08005988   0x00000012   Code   RO         6391    i.USBD_LL_StallEP   usbd_conf.o
    0x0800599a   0x0800599a   0x00000012   Code   RO         6392    i.USBD_LL_Start     usbd_conf.o
    0x080059ac   0x080059ac   0x00000012   Code   RO         6575    i.USBD_LL_Suspend   usbd_core.o
    0x080059be   0x080059be   0x00000012   Code   RO         6394    i.USBD_LL_Transmit  usbd_conf.o
    0x080059d0   0x080059d0   0x0000002c   Code   RO         6703    i.USBD_ParseSetupRequest  usbd_ctlreq.o
    0x080059fc   0x080059fc   0x00000022   Code   RO         6576    i.USBD_RegisterClass  usbd_core.o
    0x08005a1e   0x08005a1e   0x00000014   Code   RO         6578    i.USBD_SetClassConfig  usbd_core.o
    0x08005a32   0x08005a32   0x00000002   PAD
    0x08005a34   0x08005a34   0x000000bc   Code   RO         6704    i.USBD_SetConfig    usbd_ctlreq.o
    0x08005af0   0x08005af0   0x00000004   Code   RO         6579    i.USBD_Start        usbd_core.o
    0x08005af4   0x08005af4   0x00000114   Code   RO         6705    i.USBD_StdDevReq    usbd_ctlreq.o
    0x08005c08   0x08005c08   0x0000014c   Code   RO         6706    i.USBD_StdEPReq     usbd_ctlreq.o
    0x08005d54   0x08005d54   0x00000052   Code   RO         6707    i.USBD_StdItfReq    usbd_ctlreq.o
    0x08005da6   0x08005da6   0x00000002   PAD
    0x08005da8   0x08005da8   0x00000080   Code   RO         1303    i.USB_ActivateEndpoint  stm32f4xx_ll_usb.o
    0x08005e28   0x08005e28   0x0000001c   Code   RO         1305    i.USB_ActivateSetup  stm32f4xx_ll_usb.o
    0x08005e44   0x08005e44   0x00000074   Code   RO         1307    i.USB_CoreInit      stm32f4xx_ll_usb.o
    0x08005eb8   0x08005eb8   0x00000038   Code   RO         1308    i.USB_CoreReset     stm32f4xx_ll_usb.o
    0x08005ef0   0x08005ef0   0x000000cc   Code   RO         1311    i.USB_DeactivateEndpoint  stm32f4xx_ll_usb.o
    0x08005fbc   0x08005fbc   0x0000001c   Code   RO         1312    i.USB_DevConnect    stm32f4xx_ll_usb.o
    0x08005fd8   0x08005fd8   0x0000001c   Code   RO         1313    i.USB_DevDisconnect  stm32f4xx_ll_usb.o
    0x08005ff4   0x08005ff4   0x00000174   Code   RO         1314    i.USB_DevInit       stm32f4xx_ll_usb.o
    0x08006168   0x08006168   0x0000000c   Code   RO         1315    i.USB_DisableGlobalInt  stm32f4xx_ll_usb.o
    0x08006174   0x08006174   0x00000118   Code   RO         1318    i.USB_EP0StartXfer  stm32f4xx_ll_usb.o
    0x0800628c   0x0800628c   0x00000058   Code   RO         1319    i.USB_EP0_OutStart  stm32f4xx_ll_usb.o
    0x080062e4   0x080062e4   0x00000058   Code   RO         1320    i.USB_EPClearStall  stm32f4xx_ll_usb.o
    0x0800633c   0x0800633c   0x00000058   Code   RO         1321    i.USB_EPSetStall    stm32f4xx_ll_usb.o
    0x08006394   0x08006394   0x000001e8   Code   RO         1322    i.USB_EPStartXfer   stm32f4xx_ll_usb.o
    0x0800657c   0x0800657c   0x0000000c   Code   RO         1323    i.USB_EnableGlobalInt  stm32f4xx_ll_usb.o
    0x08006588   0x08006588   0x00000020   Code   RO         1324    i.USB_FlushRxFifo   stm32f4xx_ll_usb.o
    0x080065a8   0x080065a8   0x00000024   Code   RO         1325    i.USB_FlushTxFifo   stm32f4xx_ll_usb.o
    0x080065cc   0x080065cc   0x0000001a   Code   RO         1327    i.USB_GetDevSpeed   stm32f4xx_ll_usb.o
    0x080065e6   0x080065e6   0x00000008   Code   RO         1329    i.USB_GetMode       stm32f4xx_ll_usb.o
    0x080065ee   0x080065ee   0x0000000e   Code   RO         1336    i.USB_ReadDevAllInEpInterrupt  stm32f4xx_ll_usb.o
    0x080065fc   0x080065fc   0x0000000e   Code   RO         1337    i.USB_ReadDevAllOutEpInterrupt  stm32f4xx_ll_usb.o
    0x0800660a   0x0800660a   0x00000024   Code   RO         1338    i.USB_ReadDevInEPInterrupt  stm32f4xx_ll_usb.o
    0x0800662e   0x0800662e   0x00000010   Code   RO         1339    i.USB_ReadDevOutEPInterrupt  stm32f4xx_ll_usb.o
    0x0800663e   0x0800663e   0x00000008   Code   RO         1340    i.USB_ReadInterrupts  stm32f4xx_ll_usb.o
    0x08006646   0x08006646   0x0000001c   Code   RO         1341    i.USB_ReadPacket    stm32f4xx_ll_usb.o
    0x08006662   0x08006662   0x0000002e   Code   RO         1343    i.USB_SetCurrentMode  stm32f4xx_ll_usb.o
    0x08006690   0x08006690   0x00000022   Code   RO         1344    i.USB_SetDevAddress  stm32f4xx_ll_usb.o
    0x080066b2   0x080066b2   0x00000002   PAD
    0x080066b4   0x080066b4   0x000000e8   Code   RO         1346    i.USB_SetTurnaroundTime  stm32f4xx_ll_usb.o
    0x0800679c   0x0800679c   0x00000024   Code   RO         1349    i.USB_WritePacket   stm32f4xx_ll_usb.o
    0x080067c0   0x080067c0   0x00000040   Code   RO          808    i.USER_UART_Init    usart.o
    0x08006800   0x08006800   0x00000002   Code   RO          883    i.UsageFault_Handler  stm32f4xx_it.o
    0x08006802   0x08006802   0x00000002   PAD
    0x08006804   0x08006804   0x0000002c   Code   RO          223    i.VtoA              quadrudep_hauner.o
    0x08006830   0x08006830   0x00000030   Code   RO          299    i.Walk_run          test_workspace.o
    0x08006860   0x08006860   0x00000020   Code   RO         7259    i.__0printf         mc_w.l(printfa.o)
    0x08006880   0x08006880   0x00000028   Code   RO         7261    i.__0sprintf        mc_w.l(printfa.o)
    0x080068a8   0x080068a8   0x0000002c   Code   RO         7264    i.__0vsnprintf      mc_w.l(printfa.o)
    0x080068d4   0x080068d4   0x00000030   Code   RO         7356    i.__ARM_fpclassify  m_wm.l(fpclassify.o)
    0x08006904   0x08006904   0x00000020   Code   RO         2407    i.__NVIC_SetPriority  stm32f4xx_hal_cortex.o
    0x08006924   0x08006924   0x00000004   PAD
    0x08006928   0x08006928   0x00000358   Code   RO         6935    i.__hardfp_acos     m_wm.l(acos.o)
    0x08006c80   0x08006c80   0x00000360   Code   RO         6949    i.__hardfp_asin     m_wm.l(asin.o)
    0x08006fe0   0x08006fe0   0x000002d8   Code   RO         6963    i.__hardfp_atan     m_wm.l(atan.o)
    0x080072b8   0x080072b8   0x000000c8   Code   RO         6977    i.__hardfp_cos      m_wm.l(cos.o)
    0x08007380   0x08007380   0x000000c8   Code   RO         6989    i.__hardfp_sin      m_wm.l(sin.o)
    0x08007448   0x08007448   0x0000007a   Code   RO         7001    i.__hardfp_sqrt     m_wm.l(sqrt.o)
    0x080074c2   0x080074c2   0x00000006   PAD
    0x080074c8   0x080074c8   0x00000438   Code   RO         7360    i.__ieee754_rem_pio2  m_wm.l(rred.o)
    0x08007900   0x08007900   0x00000170   Code   RO         7333    i.__kernel_cos      m_wm.l(cos_i.o)
    0x08007a70   0x08007a70   0x000000f8   Code   RO         7358    i.__kernel_poly     m_wm.l(poly.o)
    0x08007b68   0x08007b68   0x00000130   Code   RO         7365    i.__kernel_sin      m_wm.l(sin_i.o)
    0x08007c98   0x08007c98   0x00000014   Code   RO         7337    i.__mathlib_dbl_infnan  m_wm.l(dunder.o)
    0x08007cac   0x08007cac   0x00000004   PAD
    0x08007cb0   0x08007cb0   0x00000020   Code   RO         7339    i.__mathlib_dbl_invalid  m_wm.l(dunder.o)
    0x08007cd0   0x08007cd0   0x00000020   Code   RO         7342    i.__mathlib_dbl_underflow  m_wm.l(dunder.o)
    0x08007cf0   0x08007cf0   0x0000000e   Code   RO         7418    i.__scatterload_copy  mc_w.l(handlers.o)
    0x08007cfe   0x08007cfe   0x00000002   Code   RO         7419    i.__scatterload_null  mc_w.l(handlers.o)
    0x08007d00   0x08007d00   0x0000000e   Code   RO         7420    i.__scatterload_zeroinit  mc_w.l(handlers.o)
    0x08007d0e   0x08007d0e   0x00000002   PAD
    0x08007d10   0x08007d10   0x0000000c   Code   RO         7398    i.__set_errno       mc_w.l(errno.o)
    0x08007d1c   0x08007d1c   0x00000184   Code   RO         7266    i._fp_digits        mc_w.l(printfa.o)
    0x08007ea0   0x08007ea0   0x000006dc   Code   RO         7267    i._printf_core      mc_w.l(printfa.o)
    0x0800857c   0x0800857c   0x00000024   Code   RO         7268    i._printf_post_padding  mc_w.l(printfa.o)
    0x080085a0   0x080085a0   0x0000002e   Code   RO         7269    i._printf_pre_padding  mc_w.l(printfa.o)
    0x080085ce   0x080085ce   0x00000016   Code   RO         7270    i._snputc           mc_w.l(printfa.o)
    0x080085e4   0x080085e4   0x0000000a   Code   RO         7271    i._sputc            mc_w.l(printfa.o)
    0x080085ee   0x080085ee   0x00000002   PAD
    0x080085f0   0x080085f0   0x0000005c   Code   RO          529    i.bluetoothController  dog_interface.o
    0x0800864c   0x0800864c   0x00000018   Code   RO         7352    i.fabs              m_wm.l(fabs.o)
    0x08008664   0x08008664   0x00000018   Code   RO          809    i.fputc             usart.o
    0x0800867c   0x0800867c   0x00000050   Code   RO         7287    i.free              mc_w.l(malloc.o)
    0x080086cc   0x080086cc   0x00000428   Code   RO          300    i.gait_trot         test_workspace.o
    0x08008af4   0x08008af4   0x00000388   Code   RO          224    i.ik_3dof           quadrudep_hauner.o
    0x08008e7c   0x08008e7c   0x0000001c   Code   RO          225    i.ik_Move           quadrudep_hauner.o
    0x08008e98   0x08008e98   0x00000084   Code   RO          603    i.main              main.o
    0x08008f1c   0x08008f1c   0x0000006c   Code   RO         7288    i.malloc            mc_w.l(malloc.o)
    0x08008f88   0x08008f88   0x00000078   Code   RO           16    i.moveServosByArray  lobotservocontroller.o
    0x08009000   0x08009000   0x00000034   Code   RO         5618    i.osDelay           cmsis_os2.o
    0x08009034   0x08009034   0x00000034   Code   RO         5632    i.osKernelInitialize  cmsis_os2.o
    0x08009068   0x08009068   0x0000003c   Code   RO         5635    i.osKernelStart     cmsis_os2.o
    0x080090a4   0x080090a4   0x00000074   Code   RO         5643    i.osMessageQueueNew  cmsis_os2.o
    0x08009118   0x08009118   0x000000a4   Code   RO         5668    i.osThreadNew       cmsis_os2.o
    0x080091bc   0x080091bc   0x0000005c   Code   RO         5102    i.prvAddCurrentTaskToDelayedList  tasks.o
    0x08009218   0x08009218   0x000000d0   Code   RO         5103    i.prvAddNewTaskToReadyList  tasks.o
    0x080092e8   0x080092e8   0x00000058   Code   RO         5455    i.prvCheckForValidListAndQueue  timers.o
    0x08009340   0x08009340   0x00000026   Code   RO         4699    i.prvCopyDataFromQueue  queue.o
    0x08009366   0x08009366   0x0000006c   Code   RO         4700    i.prvCopyDataToQueue  queue.o
    0x080093d2   0x080093d2   0x00000034   Code   RO         5104    i.prvDeleteTCB      tasks.o
    0x08009406   0x08009406   0x00000002   PAD
    0x08009408   0x08009408   0x0000004c   Code   RO         6048    i.prvHeapInit       heap_4.o
    0x08009454   0x08009454   0x00000060   Code   RO         5105    i.prvIdleTask       tasks.o
    0x080094b4   0x080094b4   0x00000022   Code   RO         4702    i.prvInitialiseNewQueue  queue.o
    0x080094d6   0x080094d6   0x00000002   PAD
    0x080094d8   0x080094d8   0x000000b0   Code   RO         5106    i.prvInitialiseNewTask  tasks.o
    0x08009588   0x08009588   0x0000004c   Code   RO         6049    i.prvInsertBlockIntoFreeList  heap_4.o
    0x080095d4   0x080095d4   0x00000038   Code   RO         5457    i.prvInsertTimerInActiveList  timers.o
    0x0800960c   0x0800960c   0x0000001c   Code   RO         4703    i.prvIsQueueEmpty   queue.o
    0x08009628   0x08009628   0x000000fc   Code   RO         5458    i.prvProcessReceivedCommands  timers.o
    0x08009724   0x08009724   0x000000c0   Code   RO         5459    i.prvProcessTimerOrBlockTask  timers.o
    0x080097e4   0x080097e4   0x00000020   Code   RO         5108    i.prvResetNextTaskUnblockTime  tasks.o
    0x08009804   0x08009804   0x00000028   Code   RO         5460    i.prvSampleTimeNow  timers.o
    0x0800982c   0x0800982c   0x0000006c   Code   RO         5461    i.prvSwitchTimerLists  timers.o
    0x08009898   0x08009898   0x00000028   Code   RO         6099    i.prvTaskExitError  port.o
    0x080098c0   0x080098c0   0x00000024   Code   RO         5462    i.prvTimerTask      timers.o
    0x080098e4   0x080098e4   0x0000006a   Code   RO         4704    i.prvUnlockQueue    queue.o
    0x0800994e   0x0800994e   0x00000002   PAD
    0x08009950   0x08009950   0x000000d8   Code   RO         6050    i.pvPortMalloc      heap_4.o
    0x08009a28   0x08009a28   0x0000002c   Code   RO         6100    i.pxPortInitialiseStack  port.o
    0x08009a54   0x08009a54   0x0000006e   Code   RO         7003    i.sqrt              m_wm.l(sqrt.o)
    0x08009ac2   0x08009ac2   0x00000002   PAD
    0x08009ac4   0x08009ac4   0x00000024   Code   RO         6301    i.usb_printf        usbd_cdc_if.o
    0x08009ae8   0x08009ae8   0x00000026   Code   RO         4659    i.uxListRemove      list.o
    0x08009b0e   0x08009b0e   0x00000002   PAD
    0x08009b10   0x08009b10   0x00000014   Code   RO         5680    i.vApplicationGetIdleTaskMemory  cmsis_os2.o
    0x08009b24   0x08009b24   0x00000018   Code   RO         5681    i.vApplicationGetTimerTaskMemory  cmsis_os2.o
    0x08009b3c   0x08009b3c   0x00000016   Code   RO         4660    i.vListInitialise   list.o
    0x08009b52   0x08009b52   0x00000006   Code   RO         4661    i.vListInitialiseItem  list.o
    0x08009b58   0x08009b58   0x00000030   Code   RO         4662    i.vListInsert       list.o
    0x08009b88   0x08009b88   0x00000018   Code   RO         4663    i.vListInsertEnd    list.o
    0x08009ba0   0x08009ba0   0x00000040   Code   RO         6102    i.vPortEnterCritical  port.o
    0x08009be0   0x08009be0   0x00000028   Code   RO         6103    i.vPortExitCritical  port.o
    0x08009c08   0x08009c08   0x0000005c   Code   RO         6051    i.vPortFree         heap_4.o
    0x08009c64   0x08009c64   0x00000024   Code   RO         6104    i.vPortSetupTimerInterrupt  port.o
    0x08009c88   0x08009c88   0x00000054   Code   RO         6105    i.vPortValidateInterruptPriority  port.o
    0x08009cdc   0x08009cdc   0x00000028   Code   RO         4710    i.vQueueAddToRegistry  queue.o
    0x08009d04   0x08009d04   0x00000044   Code   RO         4714    i.vQueueWaitForMessageRestricted  queue.o
    0x08009d48   0x08009d48   0x0000004c   Code   RO         5120    i.vTaskDelay        tasks.o
    0x08009d94   0x08009d94   0x00000010   Code   RO         5125    i.vTaskInternalSetTimeOutState  tasks.o
    0x08009da4   0x08009da4   0x0000000c   Code   RO         5126    i.vTaskMissedYield  tasks.o
    0x08009db0   0x08009db0   0x00000030   Code   RO         5128    i.vTaskPlaceOnEventList  tasks.o
    0x08009de0   0x08009de0   0x00000038   Code   RO         5129    i.vTaskPlaceOnEventListRestricted  tasks.o
    0x08009e18   0x08009e18   0x00000088   Code   RO         5137    i.vTaskStartScheduler  tasks.o
    0x08009ea0   0x08009ea0   0x00000010   Code   RO         5139    i.vTaskSuspendAll   tasks.o
    0x08009eb0   0x08009eb0   0x00000064   Code   RO         5140    i.vTaskSwitchContext  tasks.o
    0x08009f14   0x08009f14   0x000000f4   Code   RO         6106    i.xPortStartScheduler  port.o
    0x0800a008   0x0800a008   0x00000048   Code   RO         4719    i.xQueueGenericCreate  queue.o
    0x0800a050   0x0800a050   0x00000066   Code   RO         4720    i.xQueueGenericCreateStatic  queue.o
    0x0800a0b6   0x0800a0b6   0x00000002   PAD
    0x0800a0b8   0x0800a0b8   0x00000088   Code   RO         4721    i.xQueueGenericReset  queue.o
    0x0800a140   0x0800a140   0x00000160   Code   RO         4722    i.xQueueGenericSend  queue.o
    0x0800a2a0   0x0800a2a0   0x000000bc   Code   RO         4723    i.xQueueGenericSendFromISR  queue.o
    0x0800a35c   0x0800a35c   0x00000138   Code   RO         4732    i.xQueueReceive     queue.o
    0x0800a494   0x0800a494   0x00000074   Code   RO         5141    i.xTaskCheckForTimeOut  tasks.o
    0x0800a508   0x0800a508   0x0000005a   Code   RO         5142    i.xTaskCreate       tasks.o
    0x0800a562   0x0800a562   0x00000056   Code   RO         5143    i.xTaskCreateStatic  tasks.o
    0x0800a5b8   0x0800a5b8   0x0000001c   Code   RO         5147    i.xTaskGetSchedulerState  tasks.o
    0x0800a5d4   0x0800a5d4   0x0000000c   Code   RO         5148    i.xTaskGetTickCount  tasks.o
    0x0800a5e0   0x0800a5e0   0x000000c8   Code   RO         5150    i.xTaskIncrementTick  tasks.o
    0x0800a6a8   0x0800a6a8   0x00000080   Code   RO         5153    i.xTaskPriorityDisinherit  tasks.o
    0x0800a728   0x0800a728   0x00000070   Code   RO         5155    i.xTaskRemoveFromEventList  tasks.o
    0x0800a798   0x0800a798   0x000000c4   Code   RO         5156    i.xTaskResumeAll    tasks.o
    0x0800a85c   0x0800a85c   0x00000060   Code   RO         5470    i.xTimerCreateTimerTask  timers.o
    0x0800a8bc   0x0800a8bc   0x00000068   Code   RO         5471    i.xTimerGenericCommand  timers.o
    0x0800a924   0x0800a924   0x00000818   Data   RO          400    .constdata          oled.o
    0x0800b13c   0x0800b13c   0x00000004   PAD
    0x0800b140   0x0800b140   0x00000040   Data   RO          605    .constdata          main.o
    0x0800b180   0x0800b180   0x00000060   Data   RO          688    .constdata          freertos.o
    0x0800b1e0   0x0800b1e0   0x00000008   Data   RO         2100    .constdata          stm32f4xx_hal_dma.o
    0x0800b1e8   0x0800b1e8   0x00000010   Data   RO         4495    .constdata          system_stm32f4xx.o
    0x0800b1f8   0x0800b1f8   0x00000008   Data   RO         4496    .constdata          system_stm32f4xx.o
    0x0800b200   0x0800b200   0x00000050   Data   RO         6938    .constdata          m_wm.l(acos.o)
    0x0800b250   0x0800b250   0x00000050   Data   RO         6952    .constdata          m_wm.l(asin.o)
    0x0800b2a0   0x0800b2a0   0x00000098   Data   RO         6966    .constdata          m_wm.l(atan.o)
    0x0800b338   0x0800b338   0x00000030   Data   RO         7334    .constdata          m_wm.l(cos_i.o)
    0x0800b368   0x0800b368   0x000000c8   Data   RO         7362    .constdata          m_wm.l(rred.o)
    0x0800b430   0x0800b430   0x00000028   Data   RO         7366    .constdata          m_wm.l(sin_i.o)
    0x0800b458   0x0800b458   0x0000002d   Data   RO          689    .conststring        freertos.o
    0x0800b485   0x0800b485   0x00000003   PAD
    0x0800b488   0x0800b488   0x00000020   Data   RO         7416    Region$$Table       anon$$obj.o


    Execution Region RW_IRAM1 (Exec base: 0x20000000, Load base: 0x0800b4a8, Size: 0x0000b0c8, Max: 0x00010000, ABSOLUTE, COMPRESSED[0x000000cc])

    Exec Addr    Load Addr    Size         Type   Attr      Idx    E Section Name        Object

    0x20000000   COMPRESSED   0x00000008   Data   RW          302    .data               test_workspace.o
    0x20000008   COMPRESSED   0x00000008   Data   RW          530    .data               dog_interface.o
    0x20000010   COMPRESSED   0x00000010   Data   RW          690    .data               freertos.o
    0x20000020   COMPRESSED   0x0000000c   Data   RW         2551    .data               stm32f4xx_hal.o
    0x2000002c   COMPRESSED   0x00000004   Data   RW         4497    .data               system_stm32f4xx.o
    0x20000030   COMPRESSED   0x0000003c   Data   RW         5159    .data               tasks.o
    0x2000006c   COMPRESSED   0x00000014   Data   RW         5479    .data               timers.o
    0x20000080   COMPRESSED   0x00000004   Data   RW         5683    .data               cmsis_os2.o
    0x20000084   COMPRESSED   0x00000018   Data   RW         6056    .data               heap_4.o
    0x2000009c   COMPRESSED   0x0000000c   Data   RW         6107    .data               port.o
    0x200000a8   COMPRESSED   0x0000001c   Data   RW         6230    .data               usbd_desc.o
    0x200000c4   COMPRESSED   0x00000032   Data   RW         6231    .data               usbd_desc.o
    0x200000f6   COMPRESSED   0x00000002   PAD
    0x200000f8   COMPRESSED   0x00000008   Data   RW         6303    .data               usbd_cdc_if.o
    0x20000100   COMPRESSED   0x00000014   Data   RW         6304    .data               usbd_cdc_if.o
    0x20000114   COMPRESSED   0x00000001   Data   RW         6708    .data               usbd_ctlreq.o
    0x20000115   COMPRESSED   0x00000003   PAD
    0x20000118   COMPRESSED   0x000000d7   Data   RW         6847    .data               usbd_cdc.o
    0x200001ef   COMPRESSED   0x00000001   PAD
    0x200001f0   COMPRESSED   0x00000038   Data   RW         6848    .data               usbd_cdc.o
    0x20000228   COMPRESSED   0x00000004   Data   RW         7385    .data               mc_w.l(stdout.o)
    0x2000022c   COMPRESSED   0x00000004   Data   RW         7394    .data               mc_w.l(mvars.o)
    0x20000230   COMPRESSED   0x00000004   Data   RW         7395    .data               mc_w.l(mvars.o)
    0x20000234   COMPRESSED   0x00000004   Data   RW         7399    .data               mc_w.l(errno.o)
    0x20000238        -       0x00000090   Zero   RW           22    .bss                lobotservocontroller.o
    0x200002c8        -       0x00000090   Zero   RW          226    .bss                quadrudep_hauner.o
    0x20000358        -       0x000000c8   Zero   RW          301    .bss                test_workspace.o
    0x20000420        -       0x0000001e   Zero   RW          488    .bss                jy901.o
    0x2000043e   COMPRESSED   0x00000002   PAD
    0x20000440        -       0x00000030   Zero   RW          489    .bss                jy901.o
    0x20000470        -       0x000000b4   Zero   RW          764    .bss                i2c.o
    0x20000524        -       0x000001e8   Zero   RW          810    .bss                usart.o
    0x2000070c        -       0x00000040   Zero   RW          998    .bss                stm32f4xx_hal_timebase_tim.o
    0x2000074c        -       0x00000040   Zero   RW         4736    .bss                queue.o
    0x2000078c        -       0x000004c4   Zero   RW         5158    .bss                tasks.o
    0x20000c50        -       0x00000118   Zero   RW         5478    .bss                timers.o
    0x20000d68        -       0x000006b8   Zero   RW         5682    .bss                cmsis_os2.o
    0x20001420        -       0x00003c00   Zero   RW         6055    .bss                heap_4.o
    0x20005020        -       0x000002d0   Zero   RW         6180    .bss                usb_device.o
    0x200052f0        -       0x00000200   Zero   RW         6229    .bss                usbd_desc.o
    0x200054f0        -       0x000007d0   Zero   RW         6302    .bss                usbd_cdc_if.o
    0x20005cc0        -       0x00000408   Zero   RW         6395    .bss                usbd_conf.o
    0x200060c8        -       0x00004000   Zero   RW            2    HEAP                startup_stm32f401xc.o
    0x2000a0c8        -       0x00001000   Zero   RW            1    STACK               startup_stm32f401xc.o


==============================================================================

Image component sizes


      Code (inc. data)   RO Data    RW Data    ZI Data      Debug   Object Name

       488         36          0          4       1720      31550   cmsis_os2.o
        76          4          0          0          0        830   dma.o
       180         58          0          8          0      12960   dog_interface.o
         0          0          0          0          0      18436   event_groups.o
       184         74        141         16          0       5363   freertos.o
        60          6          0          0          0        847   gpio.o
       460         24          0         24      15360       4823   heap_4.o
       256         36          0          0        180       1802   i2c.o
       348         22          0          0         78       1782   jy901.o
       138          0          0          0          0       3598   list.o
       120         10          0          0        144     430849   lobotservocontroller.o
       286         44         64          0          0       3052   main.o
       570         20       2072          0          0       4931   oled.o
       786         82          0         12          0      11657   port.o
      1936        182          0          0        144       7494   quadrudep_hauner.o
      1584         20          0          0         64      18566   queue.o
        36          8        404          0      20480        840   startup_stm32f401xc.o
       116         18          0         12          0       8618   stm32f4xx_hal.o
       158         14          0          0          0      33206   stm32f4xx_hal_cortex.o
      1086         16          8          0          0       7997   stm32f4xx_hal_dma.o
       404         34          0          0          0       1732   stm32f4xx_hal_gpio.o
      5326         90          0          0          0      32212   stm32f4xx_hal_i2c.o
        48          6          0          0          0        866   stm32f4xx_hal_msp.o
      2308         14          0          0          0      12841   stm32f4xx_hal_pcd.o
        78          0          0          0          0       2425   stm32f4xx_hal_pcd_ex.o
      1408         92          0          0          0       6417   stm32f4xx_hal_rcc.o
       608         30          0          0          0       7280   stm32f4xx_hal_tim.o
         4          0          0          0          0       1621   stm32f4xx_hal_tim_ex.o
       116         18          0          0         64       1435   stm32f4xx_hal_timebase_tim.o
      1658         30          0          0          0      14187   stm32f4xx_hal_uart.o
       104         40          0          0          0       6230   stm32f4xx_it.o
      2582        132          0          0          0      22887   stm32f4xx_ll_usb.o
         0          0          0          0          0        424   stream_buffer.o
        28          6         24          4          0       1175   system_stm32f4xx.o
      2084        170          0         60       1220      27076   tasks.o
      1776        292          0          8        200      11968   test_workspace.o
       972         80          0         20        280      29655   timers.o
       572         74          0          0        488       5136   usart.o
        84         18          0          0        720        820   usb_device.o
       772         16          0        271          0      13617   usbd_cdc.o
       248         62          0         28       2000       5206   usbd_cdc_if.o
       628         20          0          0       1032      15792   usbd_conf.o
       688          0          0          0          0      12497   usbd_core.o
      1256         30          0          1          0      14092   usbd_ctlreq.o
       288        104          0         78        512       6241   usbd_desc.o
       132          0          0          0          0       4548   usbd_ioreq.o

    ----------------------------------------------------------------------
     33096       2032       2752        552      44688     867581   Object Totals
         0          0         32          0          0          0   (incl. Generated)
        56          0          7          6          2          0   (incl. Padding)

    ----------------------------------------------------------------------

      Code (inc. data)   RO Data    RW Data    ZI Data      Debug   Library Member Name

       856        118         80          0          0        288   acos.o
       864         94         80          0          0        280   asin.o
       728        106        152          0          0        228   atan.o
       200         20          0          0          0        164   cos.o
       368         46         48          0          0        200   cos_i.o
        84         16          0          0          0        372   dunder.o
        24          0          0          0          0        124   fabs.o
        48          0          0          0          0        124   fpclassify.o
       248          0          0          0          0        152   poly.o
      1080        142        200          0          0        188   rred.o
       200         20          0          0          0        164   sin.o
       304         24         40          0          0        208   sin_i.o
       232          0          0          0          0        296   sqrt.o
        86          0          0          0          0          0   __dczerorl2.o
         0          0          0          0          0          0   entry.o
         0          0          0          0          0          0   entry10a.o
         0          0          0          0          0          0   entry11a.o
         8          4          0          0          0          0   entry2.o
         4          0          0          0          0          0   entry5.o
         0          0          0          0          0          0   entry7b.o
         0          0          0          0          0          0   entry8b.o
         8          4          0          0          0          0   entry9a.o
        12          6          0          4          0         68   errno.o
        30          0          0          0          0          0   handlers.o
        36          8          0          0          0         68   init.o
         0          0          0          0          0          0   iusefp.o
        30          0          0          0          0         68   llshl.o
        36          0          0          0          0         68   llsshr.o
        32          0          0          0          0         68   llushr.o
       188         20          0          0          0        160   malloc.o
        36          0          0          0          0         68   memcpya.o
        36          0          0          0          0        108   memseta.o
         0          0          0          8          0          0   mvars.o
      2374        100          0          0          0        752   printfa.o
         0          0          0          4          0          0   stdout.o
        44          0          0          0          0         80   uidiv.o
        98          0          0          0          0         92   uldiv.o
        48          0          0          0          0         68   cdcmple.o
        48          0          0          0          0         68   cdrcmple.o
       334          0          0          0          0        148   dadd.o
       222          0          0          0          0        100   ddiv.o
       186          0          0          0          0        176   depilogue.o
        62          0          0          0          0         80   dfixi.o
        50          0          0          0          0         76   dfixui.o
        48          0          0          0          0         68   dfixul.o
        34          0          0          0          0         76   dflti.o
        26          0          0          0          0         76   dfltui.o
       228          0          0          0          0         96   dmul.o
       162          0          0          0          0        100   dsqrt.o
        38          0          0          0          0         68   f2d.o

    ----------------------------------------------------------------------
      9800        728        600         16          0       5588   Library Totals
        20          0          0          0          0          0   (incl. Padding)

    ----------------------------------------------------------------------

      Code (inc. data)   RO Data    RW Data    ZI Data      Debug   Library Name

      5236        586        600          0          0       2788   m_wm.l
      3058        142          0         16          0       1600   mc_w.l
      1486          0          0          0          0       1200   mf_w.l

    ----------------------------------------------------------------------
      9800        728        600         16          0       5588   Library Totals

    ----------------------------------------------------------------------

==============================================================================


      Code (inc. data)   RO Data    RW Data    ZI Data      Debug   

     42896       2760       3352        568      44688     836645   Grand Totals
     42896       2760       3352        204      44688     836645   ELF Image Totals (compressed)
     42896       2760       3352        204          0          0   ROM Totals

==============================================================================

    Total RO  Size (Code + RO Data)                46248 (  45.16kB)
    Total RW  Size (RW Data + ZI Data)             45256 (  44.20kB)
    Total ROM Size (Code + RO Data + RW Data)      46452 (  45.36kB)

==============================================================================

