Component: ARM Compiler 5.06 update 6 (build 750) Tool: armlink [4d35ed]

==============================================================================

Section Cross References

    startup_stm32f401xc.o(RESET) refers to startup_stm32f401xc.o(STACK) for __initial_sp
    startup_stm32f401xc.o(RESET) refers to startup_stm32f401xc.o(.text) for Reset_Handler
    startup_stm32f401xc.o(RESET) refers to stm32f4xx_it.o(i.NMI_Handler) for NMI_Handler
    startup_stm32f401xc.o(RESET) refers to stm32f4xx_it.o(i.HardFault_Handler) for HardFault_Handler
    startup_stm32f401xc.o(RESET) refers to stm32f4xx_it.o(i.MemManage_Handler) for MemManage_Handler
    startup_stm32f401xc.o(RESET) refers to stm32f4xx_it.o(i.BusFault_Handler) for BusFault_Handler
    startup_stm32f401xc.o(RESET) refers to stm32f4xx_it.o(i.UsageFault_Handler) for UsageFault_Handler
    startup_stm32f401xc.o(RESET) refers to port.o(.emb_text) for SVC_Handler
    startup_stm32f401xc.o(RESET) refers to stm32f4xx_it.o(i.DebugMon_Handler) for DebugMon_Handler
    startup_stm32f401xc.o(RESET) refers to port.o(i.SysTick_Handler) for SysTick_Handler
    startup_stm32f401xc.o(RESET) refers to stm32f4xx_it.o(i.DMA1_Stream0_IRQHandler) for DMA1_Stream0_IRQHandler
    startup_stm32f401xc.o(RESET) refers to stm32f4xx_it.o(i.TIM1_UP_TIM10_IRQHandler) for TIM1_UP_TIM10_IRQHandler
    startup_stm32f401xc.o(RESET) refers to stm32f4xx_it.o(i.I2C1_EV_IRQHandler) for I2C1_EV_IRQHandler
    startup_stm32f401xc.o(RESET) refers to stm32f4xx_it.o(i.I2C1_ER_IRQHandler) for I2C1_ER_IRQHandler
    startup_stm32f401xc.o(RESET) refers to stm32f4xx_it.o(i.USART1_IRQHandler) for USART1_IRQHandler
    startup_stm32f401xc.o(RESET) refers to stm32f4xx_it.o(i.DMA2_Stream2_IRQHandler) for DMA2_Stream2_IRQHandler
    startup_stm32f401xc.o(RESET) refers to stm32f4xx_it.o(i.OTG_FS_IRQHandler) for OTG_FS_IRQHandler
    startup_stm32f401xc.o(.text) refers to system_stm32f4xx.o(i.SystemInit) for SystemInit
    startup_stm32f401xc.o(.text) refers to entry.o(.ARM.Collect$$$$00000000) for __main
    lobotservocontroller.o(i.getBatteryVoltage) refers to stm32f4xx_hal_uart.o(i.HAL_UART_Transmit) for HAL_UART_Transmit
    lobotservocontroller.o(i.getBatteryVoltage) refers to lobotservocontroller.o(.bss) for .bss
    lobotservocontroller.o(i.getBatteryVoltage) refers to usart.o(.bss) for huart2
    lobotservocontroller.o(i.moveServo) refers to stm32f4xx_hal_uart.o(i.HAL_UART_Transmit) for HAL_UART_Transmit
    lobotservocontroller.o(i.moveServo) refers to lobotservocontroller.o(.bss) for .bss
    lobotservocontroller.o(i.moveServo) refers to usart.o(.bss) for huart2
    lobotservocontroller.o(i.moveServos) refers to stm32f4xx_hal_uart.o(i.HAL_UART_Transmit) for HAL_UART_Transmit
    lobotservocontroller.o(i.moveServos) refers to lobotservocontroller.o(.bss) for .bss
    lobotservocontroller.o(i.moveServos) refers to usart.o(.bss) for huart2
    lobotservocontroller.o(i.moveServosByArray) refers to stm32f4xx_hal_uart.o(i.HAL_UART_Transmit) for HAL_UART_Transmit
    lobotservocontroller.o(i.moveServosByArray) refers to lobotservocontroller.o(.bss) for .bss
    lobotservocontroller.o(i.moveServosByArray) refers to usart.o(.bss) for huart2
    lobotservocontroller.o(i.receiveHandle) refers to usart.o(.data) for isUart6RxCompleted
    lobotservocontroller.o(i.receiveHandle) refers to lobotservocontroller.o(.bss) for .bss
    lobotservocontroller.o(i.receiveHandle) refers to lobotservocontroller.o(.data) for .data
    lobotservocontroller.o(i.runActionGroup) refers to stm32f4xx_hal_uart.o(i.HAL_UART_Transmit) for HAL_UART_Transmit
    lobotservocontroller.o(i.runActionGroup) refers to lobotservocontroller.o(.bss) for .bss
    lobotservocontroller.o(i.runActionGroup) refers to usart.o(.bss) for huart2
    lobotservocontroller.o(i.setActionGroupSpeed) refers to stm32f4xx_hal_uart.o(i.HAL_UART_Transmit) for HAL_UART_Transmit
    lobotservocontroller.o(i.setActionGroupSpeed) refers to lobotservocontroller.o(.bss) for .bss
    lobotservocontroller.o(i.setActionGroupSpeed) refers to usart.o(.bss) for huart2
    lobotservocontroller.o(i.setAllActionGroupSpeed) refers to lobotservocontroller.o(i.setActionGroupSpeed) for setActionGroupSpeed
    lobotservocontroller.o(i.stopActionGroup) refers to stm32f4xx_hal_uart.o(i.HAL_UART_Transmit) for HAL_UART_Transmit
    lobotservocontroller.o(i.stopActionGroup) refers to lobotservocontroller.o(.bss) for .bss
    lobotservocontroller.o(i.stopActionGroup) refers to usart.o(.bss) for huart2
    quadrudep_hauner.o(i.AtoV) refers to dmul.o(.text) for __aeabi_dmul
    quadrudep_hauner.o(i.AtoV) refers to dadd.o(.text) for __aeabi_dadd
    quadrudep_hauner.o(i.AtoV) refers to dfixi.o(.text) for __aeabi_d2iz
    quadrudep_hauner.o(i.AtoV) refers to dflti.o(.text) for __aeabi_i2d
    quadrudep_hauner.o(i.LSC_communication) refers to quadrudep_hauner.o(i.Move) for Move
    quadrudep_hauner.o(i.LSC_communication) refers to quadrudep_hauner.o(.data) for .data
[...]
    Stand_run                                0x08004c2f   Thumb Code     2  test_workspace.o(i.Stand_run)
    StartDefaultTask                         0x08004c31   Thumb Code    22  freertos.o(i.StartDefaultTask)
    StartUsart1RxTask                        0x08004c4d   Thumb Code    42  freertos.o(i.StartUsart1RxTask)
    SysTick_Handler                          0x08004cb1   Thumb Code    38  port.o(i.SysTick_Handler)
    SystemClock_Config                       0x08004cdd   Thumb Code   124  main.o(i.SystemClock_Config)
    SystemInit                               0x08004d61   Thumb Code    22  system_stm32f4xx.o(i.SystemInit)
    TIM1_UP_TIM10_IRQHandler                 0x08004d7d   Thumb Code     6  stm32f4xx_it.o(i.TIM1_UP_TIM10_IRQHandler)
    TIM_Base_SetConfig                       0x08004d89   Thumb Code   122  stm32f4xx_hal_tim.o(i.TIM_Base_SetConfig)
    Trot_run                                 0x08004e39   Thumb Code    84  test_workspace.o(i.Trot_run)
    USART1_IRQHandler                        0x08005209   Thumb Code    16  stm32f4xx_it.o(i.USART1_IRQHandler)
    USART1_ReceiveIDLE                       0x0800521d   Thumb Code   106  usart.o(i.USART1_ReceiveIDLE)
    USBD_CDC_GetDeviceQualifierDescriptor    0x08005395   Thumb Code     8  usbd_cdc.o(i.USBD_CDC_GetDeviceQualifierDescriptor)
    USBD_CDC_ReceivePacket                   0x08005467   Thumb Code    40  usbd_cdc.o(i.USBD_CDC_ReceivePacket)
    USBD_CDC_RegisterInterface               0x0800548f   Thumb Code    14  usbd_cdc.o(i.USBD_CDC_RegisterInterface)
    USBD_CDC_SetRxBuffer                     0x0800549d   Thumb Code    12  usbd_cdc.o(i.USBD_CDC_SetRxBuffer)
    USBD_CDC_SetTxBuffer                     0x080054a9   Thumb Code    16  usbd_cdc.o(i.USBD_CDC_SetTxBuffer)
    USBD_CDC_TransmitPacket                  0x08005569   Thumb Code    54  usbd_cdc.o(i.USBD_CDC_TransmitPacket)
    USBD_ClrClassConfig                      0x0800559f   Thumb Code    16  usbd_core.o(i.USBD_ClrClassConfig)
    USBD_CtlContinueRx                       0x080055af   Thumb Code    16  usbd_ioreq.o(i.USBD_CtlContinueRx)
    USBD_CtlContinueSendData                 0x080055bf   Thumb Code    16  usbd_ioreq.o(i.USBD_CtlContinueSendData)
    USBD_CtlError                            0x080055cf   Thumb Code    22  usbd_ctlreq.o(i.USBD_CtlError)
    USBD_CtlPrepareRx                        0x080055e5   Thumb Code    30  usbd_ioreq.o(i.USBD_CtlPrepareRx)
    USBD_CtlReceiveStatus                    0x08005603   Thumb Code    22  usbd_ioreq.o(i.USBD_CtlReceiveStatus)
    USBD_CtlSendData                         0x08005619   Thumb Code    26  usbd_ioreq.o(i.USBD_CtlSendData)
    USBD_CtlSendStatus                       0x08005633   Thumb Code    22  usbd_ioreq.o(i.USBD_CtlSendStatus)
    USBD_FS_ConfigStrDescriptor              0x08005649   Thumb Code    16  usbd_desc.o(i.USBD_FS_ConfigStrDescriptor)
    USBD_FS_DeviceDescriptor                 0x08005669   Thumb Code     8  usbd_desc.o(i.USBD_FS_DeviceDescriptor)
    USBD_FS_InterfaceStrDescriptor           0x08005675   Thumb Code    16  usbd_desc.o(i.USBD_FS_InterfaceStrDescriptor)
    USBD_FS_LangIDStrDescriptor              0x08005699   Thumb Code     8  usbd_desc.o(i.USBD_FS_LangIDStrDescriptor)
    USBD_FS_ManufacturerStrDescriptor        0x080056a5   Thumb Code    16  usbd_desc.o(i.USBD_FS_ManufacturerStrDescriptor)
    USBD_FS_ProductStrDescriptor             0x080056cd   Thumb Code    16  usbd_desc.o(i.USBD_FS_ProductStrDescriptor)
    USBD_FS_SerialStrDescriptor              0x080056f9   Thumb Code    48  usbd_desc.o(i.USBD_FS_SerialStrDescriptor)
    USBD_GetString                           0x08005817   Thumb Code    72  usbd_ctlreq.o(i.USBD_GetString)
    USBD_Get_USB_Status                      0x0800585f   Thumb Code    24  usbd_conf.o(i.USBD_Get_USB_Status)
    USBD_Init                                0x08005877   Thumb Code    52  usbd_core.o(i.USBD_Init)
    USBD_LL_ClearStallEP                     0x080058ab   Thumb Code    18  usbd_conf.o(i.USBD_LL_ClearStallEP)
    USBD_LL_CloseEP                          0x080058bd   Thumb Code    18  usbd_conf.o(i.USBD_LL_CloseEP)
    USBD_LL_DataInStage                      0x080058cf   Thumb Code   170  usbd_core.o(i.USBD_LL_DataInStage)
    USBD_LL_DataOutStage                     0x08005979   Thumb Code   110  usbd_core.o(i.USBD_LL_DataOutStage)
    USBD_LL_DevConnected                     0x080059e7   Thumb Code     4  usbd_core.o(i.USBD_LL_DevConnected)
    USBD_LL_DevDisconnected                  0x080059eb   Thumb Code    24  usbd_core.o(i.USBD_LL_DevDisconnected)
    USBD_LL_GetRxDataSize                    0x08005a03   Thumb Code     8  usbd_conf.o(i.USBD_LL_GetRxDataSize)
    USBD_LL_Init                             0x08005a0d   Thumb Code    90  usbd_conf.o(i.USBD_LL_Init)
    USBD_LL_IsStallEP                        0x08005a6d   Thumb Code    32  usbd_conf.o(i.USBD_LL_IsStallEP)
    USBD_LL_IsoINIncomplete                  0x08005a8d   Thumb Code     4  usbd_core.o(i.USBD_LL_IsoINIncomplete)
    USBD_LL_IsoOUTIncomplete                 0x08005a91   Thumb Code     4  usbd_core.o(i.USBD_LL_IsoOUTIncomplete)
    USBD_LL_OpenEP                           0x08005a95   Thumb Code    24  usbd_conf.o(i.USBD_LL_OpenEP)
    USBD_LL_PrepareReceive                   0x08005aad   Thumb Code    18  usbd_conf.o(i.USBD_LL_PrepareReceive)
    USBD_LL_Reset                            0x08005abf   Thumb Code    82  usbd_core.o(i.USBD_LL_Reset)
    USBD_LL_Resume                           0x08005b11   Thumb Code    20  usbd_core.o(i.USBD_LL_Resume)
    USBD_LL_SOF                              0x08005b25   Thumb Code    24  usbd_core.o(i.USBD_LL_SOF)
    USBD_LL_SetSpeed                         0x08005b3d   Thumb Code     6  usbd_core.o(i.USBD_LL_SetSpeed)
    USBD_LL_SetUSBAddress                    0x08005b43   Thumb Code    18  usbd_conf.o(i.USBD_LL_SetUSBAddress)
    USBD_LL_SetupStage                       0x08005b55   Thumb Code    96  usbd_core.o(i.USBD_LL_SetupStage)
    USBD_LL_StallEP                          0x08005bb5   Thumb Code    18  usbd_conf.o(i.USBD_LL_StallEP)
    USBD_LL_Start                            0x08005bc7   Thumb Code    18  usbd_conf.o(i.USBD_LL_Start)
    USBD_LL_Suspend                          0x08005bd9   Thumb Code    18  usbd_core.o(i.USBD_LL_Suspend)
    USBD_LL_Transmit                         0x08005beb   Thumb Code    18  usbd_conf.o(i.USBD_LL_Transmit)
    USBD_ParseSetupRequest                   0x08005bfd   Thumb Code    44  usbd_ctlreq.o(i.USBD_ParseSetupRequest)
    USBD_RegisterClass                       0x08005c29   Thumb Code    34  usbd_core.o(i.USBD_RegisterClass)
    USBD_SetClassConfig                      0x08005c4b   Thumb Code    20  usbd_core.o(i.USBD_SetClassConfig)
    USBD_Start                               0x08005d1d   Thumb Code     4  usbd_core.o(i.USBD_Start)
    USBD_StdDevReq                           0x08005d21   Thumb Code   276  usbd_ctlreq.o(i.USBD_StdDevReq)
    USBD_StdEPReq                            0x08005e35   Thumb Code   332  usbd_ctlreq.o(i.USBD_StdEPReq)
    USBD_StdItfReq                           0x08005f81   Thumb Code    82  usbd_ctlreq.o(i.USBD_StdItfReq)
    USB_ActivateEndpoint                     0x08005fd5   Thumb Code   122  stm32f4xx_ll_usb.o(i.USB_ActivateEndpoint)
    USB_ActivateSetup                        0x08006055   Thumb Code    28  stm32f4xx_ll_usb.o(i.USB_ActivateSetup)
    USB_CoreInit                             0x08006071   Thumb Code   112  stm32f4xx_ll_usb.o(i.USB_CoreInit)
    USB_DeactivateEndpoint                   0x0800611d   Thumb Code   194  stm32f4xx_ll_usb.o(i.USB_DeactivateEndpoint)
    USB_DevConnect                           0x080061e9   Thumb Code    28  stm32f4xx_ll_usb.o(i.USB_DevConnect)
    USB_DevDisconnect                        0x08006205   Thumb Code    28  stm32f4xx_ll_usb.o(i.USB_DevDisconnect)
    USB_DevInit                              0x08006221   Thumb Code   362  stm32f4xx_ll_usb.o(i.USB_DevInit)
    USB_DisableGlobalInt                     0x08006395   Thumb Code    12  stm32f4xx_ll_usb.o(i.USB_DisableGlobalInt)
    USB_EP0StartXfer                         0x080063a1   Thumb Code   276  stm32f4xx_ll_usb.o(i.USB_EP0StartXfer)
    USB_EP0_OutStart                         0x080064b9   Thumb Code    84  stm32f4xx_ll_usb.o(i.USB_EP0_OutStart)
    USB_EPClearStall                         0x08006511   Thumb Code    88  stm32f4xx_ll_usb.o(i.USB_EPClearStall)
    USB_EPSetStall                           0x08006569   Thumb Code    88  stm32f4xx_ll_usb.o(i.USB_EPSetStall)
    USB_EPStartXfer                          0x080065c1   Thumb Code   482  stm32f4xx_ll_usb.o(i.USB_EPStartXfer)
    USB_EnableGlobalInt                      0x080067a9   Thumb Code    12  stm32f4xx_ll_usb.o(i.USB_EnableGlobalInt)
    USB_FlushRxFifo                          0x080067b5   Thumb Code    28  stm32f4xx_ll_usb.o(i.USB_FlushRxFifo)
    USB_FlushTxFifo                          0x080067d5   Thumb Code    32  stm32f4xx_ll_usb.o(i.USB_FlushTxFifo)
    USB_GetDevSpeed                          0x080067f9   Thumb Code    26  stm32f4xx_ll_usb.o(i.USB_GetDevSpeed)
    USB_GetMode                              0x08006813   Thumb Code     8  stm32f4xx_ll_usb.o(i.USB_GetMode)
    USB_ReadDevAllInEpInterrupt              0x0800681b   Thumb Code    14  stm32f4xx_ll_usb.o(i.USB_ReadDevAllInEpInterrupt)
    USB_ReadDevAllOutEpInterrupt             0x08006829   Thumb Code    14  stm32f4xx_ll_usb.o(i.USB_ReadDevAllOutEpInterrupt)
    USB_ReadDevInEPInterrupt                 0x08006837   Thumb Code    36  stm32f4xx_ll_usb.o(i.USB_ReadDevInEPInterrupt)
    USB_ReadDevOutEPInterrupt                0x0800685b   Thumb Code    16  stm32f4xx_ll_usb.o(i.USB_ReadDevOutEPInterrupt)
    USB_ReadInterrupts                       0x0800686b   Thumb Code     8  stm32f4xx_ll_usb.o(i.USB_ReadInterrupts)
    USB_ReadPacket                           0x08006873   Thumb Code    28  stm32f4xx_ll_usb.o(i.USB_ReadPacket)
    USB_SetCurrentMode                       0x0800688f   Thumb Code    46  stm32f4xx_ll_usb.o(i.USB_SetCurrentMode)
    USB_SetDevAddress                        0x080068bd   Thumb Code    34  stm32f4xx_ll_usb.o(i.USB_SetDevAddress)
    USB_SetTurnaroundTime                    0x080068e1   Thumb Code   158  stm32f4xx_ll_usb.o(i.USB_SetTurnaroundTime)
    USB_WritePacket                          0x080069c9   Thumb Code    36  stm32f4xx_ll_usb.o(i.USB_WritePacket)
    USER_UART_Init                           0x080069ed   Thumb Code    56  usart.o(i.USER_UART_Init)
    UsageFault_Handler                       0x08006a2d   Thumb Code     2  stm32f4xx_it.o(i.UsageFault_Handler)
    VtoA                                     0x08006a31   Thumb Code    36  quadrudep_hauner.o(i.VtoA)
    Walk_Bend_run                            0x08006a5d   Thumb Code     2  test_workspace.o(i.Walk_Bend_run)
    Walk_run                                 0x08006a61   Thumb Code   114  test_workspace.o(i.Walk_run)
    __0printf                                0x08006b0d   Thumb Code    22  printfa.o(i.__0printf)
    __1printf                                0x08006b0d   Thumb Code     0  printfa.o(i.__0printf)
    __2printf                                0x08006b0d   Thumb Code     0  printfa.o(i.__0printf)
    __c89printf                              0x08006b0d   Thumb Code     0  printfa.o(i.__0printf)
    printf                                   0x08006b0d   Thumb Code     0  printfa.o(i.__0printf)
    __0sprintf                               0x08006b2d   Thumb Code    34  printfa.o(i.__0sprintf)
    __1sprintf                               0x08006b2d   Thumb Code     0  printfa.o(i.__0sprintf)
    __2sprintf                               0x08006b2d   Thumb Code     0  printfa.o(i.__0sprintf)
    __c89sprintf                             0x08006b2d   Thumb Code     0  printfa.o(i.__0sprintf)
    sprintf                                  0x08006b2d   Thumb Code     0  printfa.o(i.__0sprintf)
    __0vsnprintf                             0x08006b55   Thumb Code    40  printfa.o(i.__0vsnprintf)
    __1vsnprintf                             0x08006b55   Thumb Code     0  printfa.o(i.__0vsnprintf)
    __2vsnprintf                             0x08006b55   Thumb Code     0  printfa.o(i.__0vsnprintf)
    __c89vsnprintf                           0x08006b55   Thumb Code     0  printfa.o(i.__0vsnprintf)
    vsnprintf                                0x08006b55   Thumb Code     0  printfa.o(i.__0vsnprintf)
    __ARM_fpclassify                         0x08006b81   Thumb Code    48  fpclassify.o(i.__ARM_fpclassify)
    __hardfp_acos                            0x08006bd1   Thumb Code   738  acos.o(i.__hardfp_acos)
    __hardfp_asin                            0x08006f29   Thumb Code   770  asin.o(i.__hardfp_asin)
    __hardfp_atan                            0x08007289   Thumb Code   622  atan.o(i.__hardfp_atan)
    __hardfp_cos                             0x08007561   Thumb Code   180  cos.o(i.__hardfp_cos)
    __hardfp_sin                             0x08007629   Thumb Code   180  sin.o(i.__hardfp_sin)
    __hardfp_sqrt                            0x080076f1   Thumb Code   122  sqrt.o(i.__hardfp_sqrt)
    __ieee754_rem_pio2                       0x08007771   Thumb Code   938  rred.o(i.__ieee754_rem_pio2)
    __kernel_cos                             0x08007ba9   Thumb Code   322  cos_i.o(i.__kernel_cos)
    __kernel_poly                            0x08007d19   Thumb Code   248  poly.o(i.__kernel_poly)
    __kernel_sin                             0x08007e11   Thumb Code   280  sin_i.o(i.__kernel_sin)
    __mathlib_dbl_infnan                     0x08007f41   Thumb Code    20  dunder.o(i.__mathlib_dbl_infnan)
    __mathlib_dbl_invalid                    0x08007f59   Thumb Code    24  dunder.o(i.__mathlib_dbl_invalid)
    __mathlib_dbl_underflow                  0x08007f79   Thumb Code    24  dunder.o(i.__mathlib_dbl_underflow)
    __scatterload_copy                       0x08007f99   Thumb Code    14  handlers.o(i.__scatterload_copy)
    __scatterload_null                       0x08007fa7   Thumb Code     2  handlers.o(i.__scatterload_null)
    __scatterload_zeroinit                   0x08007fa9   Thumb Code    14  handlers.o(i.__scatterload_zeroinit)
    __set_errno                              0x08007fb9   Thumb Code     6  errno.o(i.__set_errno)
    bluetoothStateController                 0x08008899   Thumb Code   164  dog_interface.o(i.bluetoothStateController)
    bluetoothTranslater                      0x080089c5   Thumb Code    14  dog_interface.o(i.bluetoothTranslater)
    fabs                                     0x080089d3   Thumb Code    24  fabs.o(i.fabs)
    fputc                                    0x080089ed   Thumb Code    18  usart.o(i.fputc)
    free                                     0x08008a05   Thumb Code    76  malloc.o(i.free)
    gait_Init                                0x08008a55   Thumb Code    48  quadrudep_hauner.o(i.gait_Init)
    gait_crab                                0x08008a89   Thumb Code   916  test_workspace.o(i.gait_crab)
    gait_round                               0x08008e65   Thumb Code   860  test_workspace.o(i.gait_round)
    gait_trot                                0x08009209   Thumb Code   926  test_workspace.o(i.gait_trot)
    gait_walk                                0x080095e9   Thumb Code  3522  test_workspace.o(i.gait_walk)
    ik_3dof                                  0x0800a3ed   Thumb Code   812  quadrudep_hauner.o(i.ik_3dof)
    ik_Move                                  0x0800a775   Thumb Code    22  quadrudep_hauner.o(i.ik_Move)
    main                                     0x0800a791   Thumb Code    74  main.o(i.main)
    malloc                                   0x0800a7f5   Thumb Code    92  malloc.o(i.malloc)
    moveServosByArray                        0x0800a861   Thumb Code   110  lobotservocontroller.o(i.moveServosByArray)
    osKernelInitialize                       0x0800a8d9   Thumb Code    48  cmsis_os2.o(i.osKernelInitialize)
    osKernelStart                            0x0800a90d   Thumb Code    56  cmsis_os2.o(i.osKernelStart)
    osMessageQueueNew                        0x0800a949   Thumb Code   110  cmsis_os2.o(i.osMessageQueueNew)
    osSemaphoreNew                           0x0800a9bd   Thumb Code   172  cmsis_os2.o(i.osSemaphoreNew)
    osThreadNew                              0x0800aa6d   Thumb Code   158  cmsis_os2.o(i.osThreadNew)
    osTimerNew                               0x0800ab11   Thumb Code   124  cmsis_os2.o(i.osTimerNew)
    osTimerStart                             0x0800ab95   Thumb Code    70  cmsis_os2.o(i.osTimerStart)
    pvPortMalloc                             0x0800b3c5   Thumb Code   210  heap_4.o(i.pvPortMalloc)
    pvTaskIncrementMutexHeldCount            0x0800b49d   Thumb Code    18  tasks.o(i.pvTaskIncrementMutexHeldCount)
    pvTimerGetTimerID                        0x0800b4b5   Thumb Code    36  timers.o(i.pvTimerGetTimerID)
    pxPortInitialiseStack                    0x0800b4d9   Thumb Code    40  port.o(i.pxPortInitialiseStack)
    sqrt                                     0x0800b505   Thumb Code   110  sqrt.o(i.sqrt)
    usb_printf                               0x0800b575   Thumb Code    32  usbd_cdc_if.o(i.usb_printf)
    uxListRemove                             0x0800b599   Thumb Code    38  list.o(i.uxListRemove)
    vApplicationGetIdleTaskMemory            0x0800b5c1   Thumb Code    16  cmsis_os2.o(i.vApplicationGetIdleTaskMemory)
    vApplicationGetTimerTaskMemory           0x0800b5d5   Thumb Code    18  cmsis_os2.o(i.vApplicationGetTimerTaskMemory)
    vListInitialise                          0x0800b5ed   Thumb Code    22  list.o(i.vListInitialise)
    vListInitialiseItem                      0x0800b603   Thumb Code     6  list.o(i.vListInitialiseItem)
    vListInsert                              0x0800b609   Thumb Code    48  list.o(i.vListInsert)
    vListInsertEnd                           0x0800b639   Thumb Code    24  list.o(i.vListInsertEnd)
    vPortEnterCritical                       0x0800b651   Thumb Code    54  port.o(i.vPortEnterCritical)
    vPortExitCritical                        0x0800b691   Thumb Code    34  port.o(i.vPortExitCritical)
    vPortFree                                0x0800b6b9   Thumb Code    88  heap_4.o(i.vPortFree)
    vPortSetupTimerInterrupt                 0x0800b715   Thumb Code    32  port.o(i.vPortSetupTimerInterrupt)
    vPortValidateInterruptPriority           0x0800b739   Thumb Code    74  port.o(i.vPortValidateInterruptPriority)
    vQueueAddToRegistry                      0x0800b78d   Thumb Code    34  queue.o(i.vQueueAddToRegistry)
    vQueueDelete                             0x0800b7b5   Thumb Code    46  queue.o(i.vQueueDelete)
    vQueueUnregisterQueue                    0x0800b7e5   Thumb Code    36  queue.o(i.vQueueUnregisterQueue)
    vQueueWaitForMessageRestricted           0x0800b80d   Thumb Code    68  queue.o(i.vQueueWaitForMessageRestricted)
    vTaskInternalSetTimeOutState             0x0800b851   Thumb Code    12  tasks.o(i.vTaskInternalSetTimeOutState)
    vTaskMissedYield                         0x0800b861   Thumb Code     8  tasks.o(i.vTaskMissedYield)
    vTaskPlaceOnEventList                    0x0800b86d   Thumb Code    44  tasks.o(i.vTaskPlaceOnEventList)
    vTaskPlaceOnEventListRestricted          0x0800b89d   Thumb Code    52  tasks.o(i.vTaskPlaceOnEventListRestricted)
    vTaskPriorityDisinheritAfterTimeout      0x0800b8d5   Thumb Code   134  tasks.o(i.vTaskPriorityDisinheritAfterTimeout)
    vTaskStartScheduler                      0x0800b965   Thumb Code   118  tasks.o(i.vTaskStartScheduler)
    vTaskSuspendAll                          0x0800b9ed   Thumb Code    10  tasks.o(i.vTaskSuspendAll)
    vTaskSwitchContext                       0x0800b9fd   Thumb Code    90  tasks.o(i.vTaskSwitchContext)
    xPortStartScheduler                      0x0800ba61   Thumb Code   222  port.o(i.xPortStartScheduler)
    xQueueCreateCountingSemaphore            0x0800bb55   Thumb Code    58  queue.o(i.xQueueCreateCountingSemaphore)
    xQueueCreateCountingSemaphoreStatic      0x0800bb8f   Thumb Code    64  queue.o(i.xQueueCreateCountingSemaphoreStatic)
    xQueueGenericCreate                      0x0800bbcf   Thumb Code    72  queue.o(i.xQueueGenericCreate)
    xQueueGenericCreateStatic                0x0800bc17   Thumb Code   102  queue.o(i.xQueueGenericCreateStatic)
    xQueueGenericReset                       0x0800bc7d   Thumb Code   132  queue.o(i.xQueueGenericReset)
    xQueueGenericSend                        0x0800bd05   Thumb Code   346  queue.o(i.xQueueGenericSend)
    xQueueGenericSendFromISR                 0x0800be65   Thumb Code   188  queue.o(i.xQueueGenericSendFromISR)
    xQueueReceive                            0x0800bf21   Thumb Code   308  queue.o(i.xQueueReceive)
    xQueueSemaphoreTake                      0x0800c059   Thumb Code   372  queue.o(i.xQueueSemaphoreTake)
    xTaskCheckForTimeOut                     0x0800c1d1   Thumb Code   112  tasks.o(i.xTaskCheckForTimeOut)
    xTaskCreate                              0x0800c245   Thumb Code    90  tasks.o(i.xTaskCreate)
    xTaskCreateStatic                        0x0800c29f   Thumb Code    86  tasks.o(i.xTaskCreateStatic)
    xTaskGetSchedulerState                   0x0800c2f5   Thumb Code    22  tasks.o(i.xTaskGetSchedulerState)
    xTaskGetTickCount                        0x0800c311   Thumb Code     6  tasks.o(i.xTaskGetTickCount)
    xTaskIncrementTick                       0x0800c31d   Thumb Code   190  tasks.o(i.xTaskIncrementTick)
    xTaskPriorityDisinherit                  0x0800c3e5   Thumb Code   118  tasks.o(i.xTaskPriorityDisinherit)
    xTaskPriorityInherit                     0x0800c465   Thumb Code   112  tasks.o(i.xTaskPriorityInherit)
    xTaskRemoveFromEventList                 0x0800c4dd   Thumb Code    98  tasks.o(i.xTaskRemoveFromEventList)
    xTaskResumeAll                           0x0800c54d   Thumb Code   182  tasks.o(i.xTaskResumeAll)
    xTimerCreate                             0x0800c611   Thumb Code    52  timers.o(i.xTimerCreate)
    xTimerCreateStatic                       0x0800c645   Thumb Code    46  timers.o(i.xTimerCreateStatic)
    xTimerCreateTimerTask                    0x0800c675   Thumb Code    78  timers.o(i.xTimerCreateTimerTask)
    xTimerGenericCommand                     0x0800c6d5   Thumb Code    98  timers.o(i.xTimerGenericCommand)
    F6x8                                     0x0800c780   Data         552  oled.o(.constdata)
    F8x16                                    0x0800c9a8   Data        1520  oled.o(.constdata)
    defaultTask_attributes                   0x0800cf98   Data          36  freertos.o(.constdata)
    usart1RxTask_attributes                  0x0800cfbc   Data          36  freertos.o(.constdata)
    usart1RxMsgQueue_attributes              0x0800cfe0   Data          24  freertos.o(.constdata)
    LSCControlTimer_attributes               0x0800cff8   Data          16  freertos.o(.constdata)
    gaitControlBinarySem_attributes          0x0800d008   Data          16  freertos.o(.constdata)
    AHBPrescTable                            0x0800d020   Data          16  system_stm32f4xx.o(.constdata)
    APBPrescTable                            0x0800d030   Data           8  system_stm32f4xx.o(.constdata)
    Region$$Table$$Base                      0x0800d2e8   Number         0  anon$$obj.o(Region$$Table)
    Region$$Table$$Limit                     0x0800d308   Number         0  anon$$obj.o(Region$$Table)
    LSCControlPeriod                         0x20000000   Data           2  quadrudep_hauner.o(.data)
    Ts                                       0x20000004   Data           4  test_workspace.o(.data)
    t                                        0x20000008   Data           4  test_workspace.o(.data)
    state_change_flag                        0x2000000c   Data           1  dog_interface.o(.data)
    LSCControlTimerCount                     0x20000010   Data           2  freertos.o(.data)
    isFreeRTOSSysOn                          0x20000014   Data           4  freertos.o(.data)
    defaultTaskHandle                        0x20000018   Data           4  freertos.o(.data)
    usart1RxTaskHandle                       0x2000001c   Data           4  freertos.o(.data)
    usart1RxMsgQueueHandle                   0x20000020   Data           4  freertos.o(.data)
    LSCControlTimerHandle                    0x20000024   Data           4  freertos.o(.data)
    gaitControlBinarySemHandle               0x20000028   Data           4  freertos.o(.data)
    uwTickFreq                               0x2000002c   Data           1  stm32f4xx_hal.o(.data)
    uwTickPrio                               0x20000030   Data           4  stm32f4xx_hal.o(.data)
    uwTick                                   0x20000034   Data           4  stm32f4xx_hal.o(.data)
    SystemCoreClock                          0x20000038   Data           4  system_stm32f4xx.o(.data)
    pxCurrentTCB                             0x2000003c   Data           4  tasks.o(.data)
    FS_Desc                                  0x200000b4   Data          28  usbd_desc.o(.data)
    USBD_LangIDDesc                          0x200000d0   Data           4  usbd_desc.o(.data)
    USBD_FS_DeviceDesc                       0x200000d4   Data          18  usbd_desc.o(.data)
    USBD_StringSerial                        0x200000e8   Data          26  usbd_desc.o(.data)
    temp                                     0x20000104   Data           8  usbd_cdc_if.o(.data)
    USBD_Interface_fops_FS                   0x2000010c   Data          20  usbd_cdc_if.o(.data)
    USBD_CDC                                 0x200001fc   Data          56  usbd_cdc.o(.data)
    __stdout                                 0x20000234   Data           4  stdout.o(.data)
    __microlib_freelist                      0x20000238   Data           4  mvars.o(.data)
    __microlib_freelist_initialised          0x2000023c   Data           4  mvars.o(.data)
    LobotTxBuf                               0x20000244   Data         128  lobotservocontroller.o(.bss)
    LobotRxBuf                               0x200002c4   Data          16  lobotservocontroller.o(.bss)
    servos                                   0x200002d8   Data          48  quadrudep_hauner.o(.bss)
    shank                                    0x20000308   Data          32  quadrudep_hauner.o(.bss)
    ham                                      0x20000328   Data          32  quadrudep_hauner.o(.bss)
    wai                                      0x20000348   Data          32  quadrudep_hauner.o(.bss)
    str                                      0x20000368   Data         100  test_workspace.o(.bss)
    Pedis_x                                  0x200003d0   Data          32  test_workspace.o(.bss)
    Pedis_y                                  0x200003f0   Data          32  test_workspace.o(.bss)
    Pedis_z                                  0x20000410   Data          32  test_workspace.o(.bss)
    chrTemp                                  0x20000430   Data          30  jy901.o(.bss)
    IMU                                      0x20000450   Data          48  jy901.o(.bss)
    motion_Flag                              0x20000480   Data          13  dog_interface.o(.bss)
    hi2c1                                    0x20000490   Data          84  i2c.o(.bss)
    hdma_i2c1_rx                             0x200004e4   Data          96  i2c.o(.bss)
    Uart1Rx                                  0x20000544   Data         131  usart.o(.bss)
    Uart2Rx                                  0x200005c7   Data         131  usart.o(.bss)
    huart1                                   0x2000064c   Data          64  usart.o(.bss)
    huart2                                   0x2000068c   Data          64  usart.o(.bss)
    hdma_usart1_rx                           0x200006cc   Data          96  usart.o(.bss)
    htim1                                    0x2000072c   Data          64  stm32f4xx_hal_timebase_tim.o(.bss)
    xQueueRegistry                           0x2000076c   Data          64  queue.o(.bss)
    hUsbDeviceFS                             0x20005040   Data         720  usb_device.o(.bss)
    USBD_StrDesc                             0x20005310   Data         512  usbd_desc.o(.bss)
    UserRxBufferFS                           0x20005510   Data        1000  usbd_cdc_if.o(.bss)
    UserTxBufferFS                           0x200058f8   Data        1000  usbd_cdc_if.o(.bss)
    hpcd_USB_OTG_FS                          0x20005ce0   Data        1032  usbd_conf.o(.bss)
    __heap_base                              0x200060e8   Data           0  startup_stm32f401xc.o(HEAP)
    __heap_limit                             0x2000a0e8   Data           0  startup_stm32f401xc.o(HEAP)
    __initial_sp                             0x2000b0e8   Data           0  startup_stm32f401xc.o(STACK)



==============================================================================

Memory Map of the image

  Image Entry point : 0x08000195

  Load Region LR_IROM1 (Base: 0x08000000, Size: 0x0000d54c, Max: 0x00040000, ABSOLUTE, COMPRESSED[0x0000d3d8])

    Execution Region ER_IROM1 (Exec base: 0x08000000, Load base: 0x08000000, Size: 0x0000d308, Max: 0x00040000, ABSOLUTE)

    Exec Addr    Load Addr    Size         Type   Attr      Idx    E Section Name        Object

    0x08000000   0x08000000   0x00000194   Data   RO            3    RESET               startup_stm32f401xc.o
    0x08000194   0x08000194   0x00000000   Code   RO         7133  * .ARM.Collect$$$$00000000  mc_w.l(entry.o)
    0x08000194   0x08000194   0x00000004   Code   RO         7491    .ARM.Collect$$$$00000001  mc_w.l(entry2.o)
    0x08000198   0x08000198   0x00000004   Code   RO         7494    .ARM.Collect$$$$00000004  mc_w.l(entry5.o)
    0x0800019c   0x0800019c   0x00000000   Code   RO         7496    .ARM.Collect$$$$00000008  mc_w.l(entry7b.o)
    0x0800019c   0x0800019c   0x00000000   Code   RO         7498    .ARM.Collect$$$$0000000A  mc_w.l(entry8b.o)
    0x0800019c   0x0800019c   0x00000008   Code   RO         7499    .ARM.Collect$$$$0000000B  mc_w.l(entry9a.o)
    0x080001a4   0x080001a4   0x00000000   Code   RO         7501    .ARM.Collect$$$$0000000D  mc_w.l(entry10a.o)
    0x080001a4   0x080001a4   0x00000000   Code   RO         7503    .ARM.Collect$$$$0000000F  mc_w.l(entry11a.o)
    0x080001a4   0x080001a4   0x00000004   Code   RO         7492    .ARM.Collect$$$$00002712  mc_w.l(entry2.o)
    0x080001a8   0x080001a8   0x000000be   Code   RO         6217    .emb_text           port.o
    0x08000266   0x08000266   0x00000002   PAD
    0x08000268   0x08000268   0x00000024   Code   RO            4    .text               startup_stm32f401xc.o
    0x0800028c   0x0800028c   0x00000062   Code   RO         7136    .text               mc_w.l(uldiv.o)
    0x080002ee   0x080002ee   0x00000024   Code   RO         7138    .text               mc_w.l(memcpya.o)
    0x08000312   0x08000312   0x00000024   Code   RO         7142    .text               mc_w.l(memseta.o)
    0x08000336   0x08000336   0x0000014e   Code   RO         7435    .text               mf_w.l(dadd.o)
    0x08000484   0x08000484   0x000000e4   Code   RO         7437    .text               mf_w.l(dmul.o)
    0x08000568   0x08000568   0x000000de   Code   RO         7439    .text               mf_w.l(ddiv.o)
    0x08000646   0x08000646   0x00000022   Code   RO         7441    .text               mf_w.l(dflti.o)
    0x08000668   0x08000668   0x0000003e   Code   RO         7443    .text               mf_w.l(dfixi.o)
    0x080006a6   0x080006a6   0x00000032   Code   RO         7445    .text               mf_w.l(dfixui.o)
    0x080006d8   0x080006d8   0x00000026   Code   RO         7447    .text               mf_w.l(f2d.o)
    0x080006fe   0x080006fe   0x00000002   PAD
    0x08000700   0x08000700   0x00000030   Code   RO         7449    .text               mf_w.l(cdcmple.o)
    0x08000730   0x08000730   0x00000030   Code   RO         7451    .text               mf_w.l(cdrcmple.o)
    0x08000760   0x08000760   0x0000002c   Code   RO         7506    .text               mc_w.l(uidiv.o)
    0x0800078c   0x0800078c   0x0000001e   Code   RO         7508    .text               mc_w.l(llshl.o)
    0x080007aa   0x080007aa   0x00000020   Code   RO         7510    .text               mc_w.l(llushr.o)
    0x080007ca   0x080007ca   0x00000024   Code   RO         7512    .text               mc_w.l(llsshr.o)
    0x080007ee   0x080007ee   0x00000000   Code   RO         7523    .text               mc_w.l(iusefp.o)
    0x080007ee   0x080007ee   0x000000ba   Code   RO         7524    .text               mf_w.l(depilogue.o)
    0x080008a8   0x080008a8   0x000000a2   Code   RO         7528    .text               mf_w.l(dsqrt.o)
    0x0800094a   0x0800094a   0x00000030   Code   RO         7530    .text               mf_w.l(dfixul.o)
    0x0800097a   0x0800097a   0x00000002   PAD
    0x0800097c   0x0800097c   0x00000024   Code   RO         7532    .text               mc_w.l(init.o)
    0x080009a0   0x080009a0   0x0000001a   Code   RO         7534    .text               mf_w.l(dfltui.o)
    0x080009ba   0x080009ba   0x00000056   Code   RO         7544    .text               mc_w.l(__dczerorl2.o)
    0x08000a10   0x08000a10   0x00000050   Code   RO          219    i.AtoV              quadrudep_hauner.o
    0x08000a60   0x08000a60   0x00000184   Code   RO          357    i.Balance_run       test_workspace.o
    0x08000be4   0x08000be4   0x00000002   Code   RO          358    i.Bend_run          test_workspace.o
    0x08000be6   0x08000be6   0x00000002   Code   RO          994    i.BusFault_Handler  stm32f4xx_it.o
    0x08000be8   0x08000be8   0x00000004   Code   RO         6414    i.CDC_Control_FS    usbd_cdc_if.o
    0x08000bec   0x08000bec   0x00000004   Code   RO         6415    i.CDC_DeInit_FS     usbd_cdc_if.o
    0x08000bf0   0x08000bf0   0x00000024   Code   RO         6416    i.CDC_Init_FS       usbd_cdc_if.o
    0x08000c14   0x08000c14   0x00000078   Code   RO         6417    i.CDC_Receive_FS    usbd_cdc_if.o
    0x08000c8c   0x08000c8c   0x00000004   Code   RO         6418    i.CDC_TransmitCplt_FS  usbd_cdc_if.o
    0x08000c90   0x08000c90   0x0000002c   Code   RO         6419    i.CDC_Transmit_FS   usbd_cdc_if.o
    0x08000cbc   0x08000cbc   0x0000007c   Code   RO          359    i.Crab_L_run        test_workspace.o
    0x08000d38   0x08000d38   0x0000007c   Code   RO          360    i.Crab_R_run        test_workspace.o
    0x08000db4   0x08000db4   0x0000000c   Code   RO          995    i.DMA1_Stream0_IRQHandler  stm32f4xx_it.o
    0x08000dc0   0x08000dc0   0x0000000c   Code   RO          996    i.DMA2_Stream2_IRQHandler  stm32f4xx_it.o
    0x08000dcc   0x08000dcc   0x00000028   Code   RO         2208    i.DMA_CalcBaseAndBitshift  stm32f4xx_hal_dma.o
    0x08000df4   0x08000df4   0x00000054   Code   RO         2209    i.DMA_CheckFifoParam  stm32f4xx_hal_dma.o
    0x08000e48   0x08000e48   0x00000028   Code   RO         2210    i.DMA_SetConfig     stm32f4xx_hal_dma.o
    0x08000e70   0x08000e70   0x00000002   Code   RO          361    i.Dance_run         test_workspace.o
    0x08000e72   0x08000e72   0x00000002   Code   RO          997    i.DebugMon_Handler  stm32f4xx_it.o
    0x08000e74   0x08000e74   0x00000002   Code   RO          726    i.Error_Handler     main.o
    0x08000e76   0x08000e76   0x00000002   PAD
    0x08000e78   0x08000e78   0x0000008c   Code   RO          666    i.Gait_Controller   dog_interface.o
    0x08000f04   0x08000f04   0x0000008e   Code   RO         2211    i.HAL_DMA_Abort     stm32f4xx_hal_dma.o
    0x08000f92   0x08000f92   0x00000024   Code   RO         2212    i.HAL_DMA_Abort_IT  stm32f4xx_hal_dma.o
    0x08000fb6   0x08000fb6   0x00000006   Code   RO         2215    i.HAL_DMA_GetState  stm32f4xx_hal_dma.o
    0x08000fbc   0x08000fbc   0x000001a0   Code   RO         2216    i.HAL_DMA_IRQHandler  stm32f4xx_hal_dma.o
    0x0800115c   0x0800115c   0x000000d4   Code   RO         2217    i.HAL_DMA_Init      stm32f4xx_hal_dma.o
    0x08001230   0x08001230   0x0000006e   Code   RO         2221    i.HAL_DMA_Start_IT  stm32f4xx_hal_dma.o
    0x0800129e   0x0800129e   0x00000002   PAD
    0x080012a0   0x080012a0   0x00000024   Code   RO         2654    i.HAL_Delay         stm32f4xx_hal.o
    0x080012c4   0x080012c4   0x00000194   Code   RO         2104    i.HAL_GPIO_Init     stm32f4xx_hal_gpio.o
    0x08001458   0x08001458   0x0000000c   Code   RO         2660    i.HAL_GetTick       stm32f4xx_hal.o
    0x08001464   0x08001464   0x00000002   Code   RO         2905    i.HAL_I2C_AbortCpltCallback  stm32f4xx_hal_i2c.o
    0x08001466   0x08001466   0x00000002   Code   RO         2906    i.HAL_I2C_AddrCallback  stm32f4xx_hal_i2c.o
    0x08001468   0x08001468   0x000000ba   Code   RO         2909    i.HAL_I2C_ER_IRQHandler  stm32f4xx_hal_i2c.o
    0x08001522   0x08001522   0x00000266   Code   RO         2910    i.HAL_I2C_EV_IRQHandler  stm32f4xx_hal_i2c.o
    0x08001788   0x08001788   0x00000002   Code   RO         2912    i.HAL_I2C_ErrorCallback  stm32f4xx_hal_i2c.o
    0x0800178a   0x0800178a   0x00000002   PAD
    0x0800178c   0x0800178c   0x00000188   Code   RO         2916    i.HAL_I2C_Init      stm32f4xx_hal_i2c.o
    0x08001914   0x08001914   0x00000002   Code   RO         2918    i.HAL_I2C_ListenCpltCallback  stm32f4xx_hal_i2c.o
    0x08001916   0x08001916   0x00000002   Code   RO         2919    i.HAL_I2C_MasterRxCpltCallback  stm32f4xx_hal_i2c.o
    0x08001918   0x08001918   0x00000002   Code   RO         2920    i.HAL_I2C_MasterTxCpltCallback  stm32f4xx_hal_i2c.o
    0x0800191a   0x0800191a   0x00000002   Code   RO         2932    i.HAL_I2C_MemRxCpltCallback  stm32f4xx_hal_i2c.o
    0x0800191c   0x0800191c   0x00000002   Code   RO         2933    i.HAL_I2C_MemTxCpltCallback  stm32f4xx_hal_i2c.o
    0x0800191e   0x0800191e   0x00000002   PAD
    0x08001920   0x08001920   0x000001f8   Code   RO         2934    i.HAL_I2C_Mem_Read  stm32f4xx_hal_i2c.o
    0x08001b18   0x08001b18   0x00000130   Code   RO         2937    i.HAL_I2C_Mem_Write  stm32f4xx_hal_i2c.o
    0x08001c48   0x08001c48   0x000000c0   Code   RO          885    i.HAL_I2C_MspInit   i2c.o
    0x08001d08   0x08001d08   0x00000002   Code   RO         2942    i.HAL_I2C_SlaveRxCpltCallback  stm32f4xx_hal_i2c.o
    0x08001d0a   0x08001d0a   0x00000002   Code   RO         2943    i.HAL_I2C_SlaveTxCpltCallback  stm32f4xx_hal_i2c.o
    0x08001d0c   0x08001d0c   0x00000010   Code   RO         2666    i.HAL_IncTick       stm32f4xx_hal.o
    0x08001d1c   0x08001d1c   0x00000034   Code   RO         2667    i.HAL_Init          stm32f4xx_hal.o
    0x08001d50   0x08001d50   0x00000074   Code   RO         1118    i.HAL_InitTick      stm32f4xx_hal_timebase_tim.o
    0x08001dc4   0x08001dc4   0x00000030   Code   RO         1094    i.HAL_MspInit       stm32f4xx_hal_msp.o
    0x08001df4   0x08001df4   0x0000001a   Code   RO         2517    i.HAL_NVIC_EnableIRQ  stm32f4xx_hal_cortex.o
    0x08001e0e   0x08001e0e   0x00000002   PAD
    0x08001e10   0x08001e10   0x00000040   Code   RO         2523    i.HAL_NVIC_SetPriority  stm32f4xx_hal_cortex.o
    0x08001e50   0x08001e50   0x00000024   Code   RO         2524    i.HAL_NVIC_SetPriorityGrouping  stm32f4xx_hal_cortex.o
    0x08001e74   0x08001e74   0x00000002   Code   RO         1384    i.HAL_PCDEx_LPM_Callback  stm32f4xx_hal_pcd_ex.o
    0x08001e76   0x08001e76   0x00000008   Code   RO         1385    i.HAL_PCDEx_SetRxFiFo  stm32f4xx_hal_pcd_ex.o
    0x08001e7e   0x08001e7e   0x00000044   Code   RO         1386    i.HAL_PCDEx_SetTxFiFo  stm32f4xx_hal_pcd_ex.o
    0x08001ec2   0x08001ec2   0x00000008   Code   RO         6486    i.HAL_PCD_ConnectCallback  usbd_conf.o
    0x08001eca   0x08001eca   0x00000012   Code   RO         6487    i.HAL_PCD_DataInStageCallback  usbd_conf.o
    0x08001edc   0x08001edc   0x00000014   Code   RO         6488    i.HAL_PCD_DataOutStageCallback  usbd_conf.o
    0x08001ef0   0x08001ef0   0x00000008   Code   RO         6489    i.HAL_PCD_DisconnectCallback  usbd_conf.o
    0x08001ef8   0x08001ef8   0x0000004c   Code   RO         1166    i.HAL_PCD_EP_Close  stm32f4xx_hal_pcd.o
    0x08001f44   0x08001f44   0x0000005c   Code   RO         1167    i.HAL_PCD_EP_ClrStall  stm32f4xx_hal_pcd.o
    0x08001fa0   0x08001fa0   0x00000012   Code   RO         1169    i.HAL_PCD_EP_GetRxCount  stm32f4xx_hal_pcd.o
    0x08001fb2   0x08001fb2   0x00000060   Code   RO         1170    i.HAL_PCD_EP_Open   stm32f4xx_hal_pcd.o
    0x08002012   0x08002012   0x00000048   Code   RO         1171    i.HAL_PCD_EP_Receive  stm32f4xx_hal_pcd.o
    0x0800205a   0x0800205a   0x00000074   Code   RO         1172    i.HAL_PCD_EP_SetStall  stm32f4xx_hal_pcd.o
    0x080020ce   0x080020ce   0x00000040   Code   RO         1173    i.HAL_PCD_EP_Transmit  stm32f4xx_hal_pcd.o
    0x0800210e   0x0800210e   0x00000002   PAD
    0x08002110   0x08002110   0x00000434   Code   RO         1175    i.HAL_PCD_IRQHandler  stm32f4xx_hal_pcd.o
    0x08002544   0x08002544   0x00000008   Code   RO         6490    i.HAL_PCD_ISOINIncompleteCallback  usbd_conf.o
    0x0800254c   0x0800254c   0x00000008   Code   RO         6491    i.HAL_PCD_ISOOUTIncompleteCallback  usbd_conf.o
    0x08002554   0x08002554   0x000000e2   Code   RO         1178    i.HAL_PCD_Init      stm32f4xx_hal_pcd.o
    0x08002636   0x08002636   0x00000002   PAD
    0x08002638   0x08002638   0x00000084   Code   RO         6493    i.HAL_PCD_MspInit   usbd_conf.o
    0x080026bc   0x080026bc   0x00000026   Code   RO         6494    i.HAL_PCD_ResetCallback  usbd_conf.o
    0x080026e2   0x080026e2   0x00000008   Code   RO         6495    i.HAL_PCD_ResumeCallback  usbd_conf.o
    0x080026ea   0x080026ea   0x00000008   Code   RO         6496    i.HAL_PCD_SOFCallback  usbd_conf.o
    0x080026f2   0x080026f2   0x00000028   Code   RO         1184    i.HAL_PCD_SetAddress  stm32f4xx_hal_pcd.o
    0x0800271a   0x0800271a   0x0000000e   Code   RO         6497    i.HAL_PCD_SetupStageCallback  usbd_conf.o
    0x08002728   0x08002728   0x00000042   Code   RO         1186    i.HAL_PCD_Start     stm32f4xx_hal_pcd.o
    0x0800276a   0x0800276a   0x00000002   PAD
    0x0800276c   0x0800276c   0x00000030   Code   RO         6498    i.HAL_PCD_SuspendCallback  usbd_conf.o
    0x0800279c   0x0800279c   0x00000134   Code   RO         1726    i.HAL_RCC_ClockConfig  stm32f4xx_hal_rcc.o
    0x080028d0   0x080028d0   0x00000040   Code   RO         1730    i.HAL_RCC_GetClockConfig  stm32f4xx_hal_rcc.o
    0x08002910   0x08002910   0x0000000c   Code   RO         1731    i.HAL_RCC_GetHCLKFreq  stm32f4xx_hal_rcc.o
    0x0800291c   0x0800291c   0x00000020   Code   RO         1733    i.HAL_RCC_GetPCLK1Freq  stm32f4xx_hal_rcc.o
    0x0800293c   0x0800293c   0x00000020   Code   RO         1734    i.HAL_RCC_GetPCLK2Freq  stm32f4xx_hal_rcc.o
    0x0800295c   0x0800295c   0x00000064   Code   RO         1735    i.HAL_RCC_GetSysClockFreq  stm32f4xx_hal_rcc.o
    0x080029c0   0x080029c0   0x0000035c   Code   RO         1738    i.HAL_RCC_OscConfig  stm32f4xx_hal_rcc.o
    0x08002d1c   0x08002d1c   0x00000002   Code   RO         4039    i.HAL_TIMEx_BreakCallback  stm32f4xx_hal_tim_ex.o
    0x08002d1e   0x08002d1e   0x00000002   Code   RO         4040    i.HAL_TIMEx_CommutCallback  stm32f4xx_hal_tim_ex.o
    0x08002d20   0x08002d20   0x00000036   Code   RO         3364    i.HAL_TIM_Base_Init  stm32f4xx_hal_tim.o
    0x08002d56   0x08002d56   0x00000002   Code   RO         3366    i.HAL_TIM_Base_MspInit  stm32f4xx_hal_tim.o
    0x08002d58   0x08002d58   0x00000022   Code   RO         3369    i.HAL_TIM_Base_Start_IT  stm32f4xx_hal_tim.o
    0x08002d7a   0x08002d7a   0x00000002   Code   RO         3393    i.HAL_TIM_IC_CaptureCallback  stm32f4xx_hal_tim.o
    0x08002d7c   0x08002d7c   0x00000166   Code   RO         3407    i.HAL_TIM_IRQHandler  stm32f4xx_hal_tim.o
    0x08002ee2   0x08002ee2   0x00000002   Code   RO         3410    i.HAL_TIM_OC_DelayElapsedCallback  stm32f4xx_hal_tim.o
    0x08002ee4   0x08002ee4   0x00000002   Code   RO         3437    i.HAL_TIM_PWM_PulseFinishedCallback  stm32f4xx_hal_tim.o
    0x08002ee6   0x08002ee6   0x00000002   PAD
    0x08002ee8   0x08002ee8   0x00000014   Code   RO          727    i.HAL_TIM_PeriodElapsedCallback  main.o
    0x08002efc   0x08002efc   0x00000002   Code   RO         3450    i.HAL_TIM_TriggerCallback  stm32f4xx_hal_tim.o
    0x08002efe   0x08002efe   0x00000058   Code   RO         4309    i.HAL_UART_DMAStop  stm32f4xx_hal_uart.o
    0x08002f56   0x08002f56   0x00000002   Code   RO         4311    i.HAL_UART_ErrorCallback  stm32f4xx_hal_uart.o
    0x08002f58   0x08002f58   0x00000114   Code   RO         4314    i.HAL_UART_IRQHandler  stm32f4xx_hal_uart.o
    0x0800306c   0x0800306c   0x00000062   Code   RO         4315    i.HAL_UART_Init     stm32f4xx_hal_uart.o
    0x080030ce   0x080030ce   0x00000002   PAD
    0x080030d0   0x080030d0   0x000000f8   Code   RO          927    i.HAL_UART_MspInit  usart.o
    0x080031c8   0x080031c8   0x00000098   Code   RO         4319    i.HAL_UART_Receive_DMA  stm32f4xx_hal_uart.o
    0x08003260   0x08003260   0x00000002   Code   RO         4321    i.HAL_UART_RxCpltCallback  stm32f4xx_hal_uart.o
    0x08003262   0x08003262   0x00000002   Code   RO         4322    i.HAL_UART_RxHalfCpltCallback  stm32f4xx_hal_uart.o
    0x08003264   0x08003264   0x000000ba   Code   RO         4323    i.HAL_UART_Transmit  stm32f4xx_hal_uart.o
    0x0800331e   0x0800331e   0x00000002   Code   RO         4326    i.HAL_UART_TxCpltCallback  stm32f4xx_hal_uart.o
    0x08003320   0x08003320   0x00000002   Code   RO          998    i.HardFault_Handler  stm32f4xx_it.o
    0x08003322   0x08003322   0x00000002   PAD
    0x08003324   0x08003324   0x0000000c   Code   RO          999    i.I2C1_ER_IRQHandler  stm32f4xx_it.o
    0x08003330   0x08003330   0x0000000c   Code   RO         1000    i.I2C1_EV_IRQHandler  stm32f4xx_it.o
    0x0800333c   0x0800333c   0x000000bc   Code   RO         2954    i.I2C_DMAAbort      stm32f4xx_hal_i2c.o
    0x080033f8   0x080033f8   0x00000158   Code   RO         2957    i.I2C_ITError       stm32f4xx_hal_i2c.o
    0x08003550   0x08003550   0x0000002e   Code   RO         2958    i.I2C_IsAcknowledgeFailed  stm32f4xx_hal_i2c.o
    0x0800357e   0x0800357e   0x000000d2   Code   RO         2959    i.I2C_MasterReceive_BTF  stm32f4xx_hal_i2c.o
    0x08003650   0x08003650   0x000000e8   Code   RO         2960    i.I2C_MasterReceive_RXNE  stm32f4xx_hal_i2c.o
    0x08003738   0x08003738   0x00000074   Code   RO         2963    i.I2C_MasterTransmit_BTF  stm32f4xx_hal_i2c.o
    0x080037ac   0x080037ac   0x000000b6   Code   RO         2964    i.I2C_MasterTransmit_TXE  stm32f4xx_hal_i2c.o
    0x08003862   0x08003862   0x00000002   PAD
    0x08003864   0x08003864   0x00000118   Code   RO         2965    i.I2C_Master_ADDR   stm32f4xx_hal_i2c.o
    0x0800397c   0x0800397c   0x0000008c   Code   RO         2966    i.I2C_Master_SB     stm32f4xx_hal_i2c.o
    0x08003a08   0x08003a08   0x000000a0   Code   RO         2967    i.I2C_MemoryTransmit_TXE_BTF  stm32f4xx_hal_i2c.o
    0x08003aa8   0x08003aa8   0x000000fc   Code   RO         2968    i.I2C_RequestMemoryRead  stm32f4xx_hal_i2c.o
    0x08003ba4   0x08003ba4   0x000000a8   Code   RO         2969    i.I2C_RequestMemoryWrite  stm32f4xx_hal_i2c.o
    0x08003c4c   0x08003c4c   0x00000084   Code   RO         2970    i.I2C_Slave_AF      stm32f4xx_hal_i2c.o
    0x08003cd0   0x08003cd0   0x0000015c   Code   RO         2971    i.I2C_Slave_STOPF   stm32f4xx_hal_i2c.o
    0x08003e2c   0x08003e2c   0x0000004c   Code   RO         2972    i.I2C_WaitOnBTFFlagUntilTimeout  stm32f4xx_hal_i2c.o
    0x08003e78   0x08003e78   0x00000068   Code   RO         2973    i.I2C_WaitOnFlagUntilTimeout  stm32f4xx_hal_i2c.o
    0x08003ee0   0x08003ee0   0x00000096   Code   RO         2974    i.I2C_WaitOnMasterAddressFlagUntilTimeout  stm32f4xx_hal_i2c.o
    0x08003f76   0x08003f76   0x00000066   Code   RO         2975    i.I2C_WaitOnRXNEFlagUntilTimeout  stm32f4xx_hal_i2c.o
    0x08003fdc   0x08003fdc   0x0000004c   Code   RO         2976    i.I2C_WaitOnTXEFlagUntilTimeout  stm32f4xx_hal_i2c.o
    0x08004028   0x08004028   0x00000038   Code   RO         6341    i.IntToUnicode      usbd_desc.o
    0x08004060   0x08004060   0x0000015c   Code   RO          624    i.JY901_RDDat       jy901.o
    0x080041bc   0x080041bc   0x00000034   Code   RO          804    i.LSCControlCallback  freertos.o
    0x080041f0   0x080041f0   0x0000001c   Code   RO          220    i.LSC_communication  quadrudep_hauner.o
    0x0800420c   0x0800420c   0x0000004c   Code   RO          860    i.MX_DMA_Init       dma.o
    0x08004258   0x08004258   0x00000064   Code   RO          805    i.MX_FREERTOS_Init  freertos.o
    0x080042bc   0x080042bc   0x0000003c   Code   RO          780    i.MX_GPIO_Init      gpio.o
    0x080042f8   0x080042f8   0x00000040   Code   RO          886    i.MX_I2C1_Init      i2c.o
    0x08004338   0x08004338   0x00000038   Code   RO          928    i.MX_USART1_UART_Init  usart.o
    0x08004370   0x08004370   0x00000038   Code   RO          929    i.MX_USART2_UART_Init  usart.o
    0x080043a8   0x080043a8   0x00000054   Code   RO         6297    i.MX_USB_DEVICE_Init  usb_device.o
    0x080043fc   0x080043fc   0x00000002   Code   RO         1001    i.MemManage_Handler  stm32f4xx_it.o
    0x080043fe   0x080043fe   0x00000002   PAD
    0x08004400   0x08004400   0x00000268   Code   RO          221    i.Move              quadrudep_hauner.o
    0x08004668   0x08004668   0x00000002   Code   RO         1002    i.NMI_Handler       stm32f4xx_it.o
    0x0800466a   0x0800466a   0x00000034   Code   RO          527    i.OLED_Clear        oled.o
    0x0800469e   0x0800469e   0x000000c4   Code   RO          529    i.OLED_Init         oled.o
    0x08004762   0x08004762   0x00000022   Code   RO          532    i.OLED_SetPos       oled.o
    0x08004784   0x08004784   0x000000d8   Code   RO          535    i.OLED_ShowStr      oled.o
    0x0800485c   0x0800485c   0x00000024   Code   RO          536    i.OLED_WrCmd        oled.o
    0x08004880   0x08004880   0x00000024   Code   RO          537    i.OLED_WrDat        oled.o
    0x080048a4   0x080048a4   0x0000000c   Code   RO         1003    i.OTG_FS_IRQHandler  stm32f4xx_it.o
    0x080048b0   0x080048b0   0x000000cc   Code   RO         1190    i.PCD_EP_OutXfrComplete_int  stm32f4xx_hal_pcd.o
    0x0800497c   0x0800497c   0x000000a2   Code   RO         1191    i.PCD_WriteEmptyTxFifo  stm32f4xx_hal_pcd.o
    0x08004a1e   0x08004a1e   0x00000002   Code   RO          362    i.Power_down        test_workspace.o
    0x08004a20   0x08004a20   0x0000007c   Code   RO          363    i.Round_L_run       test_workspace.o
    0x08004a9c   0x08004a9c   0x0000007c   Code   RO          364    i.Round_R_run       test_workspace.o
    0x08004b18   0x08004b18   0x0000000a   Code   RO         6819    i.SWAPBYTE          usbd_ctlreq.o
    0x08004b22   0x08004b22   0x00000002   PAD
    0x08004b24   0x08004b24   0x00000040   Code   RO          223    i.Servo_Init        quadrudep_hauner.o
    0x08004b64   0x08004b64   0x000000c8   Code   RO          224    i.ShankAngleConverter  quadrudep_hauner.o
    0x08004c2c   0x08004c2c   0x00000002   Code   RO          365    i.Stand_Up_run      test_workspace.o
    0x08004c2e   0x08004c2e   0x00000002   Code   RO          366    i.Stand_run         test_workspace.o
    0x08004c30   0x08004c30   0x0000001c   Code   RO          806    i.StartDefaultTask  freertos.o
    0x08004c4c   0x08004c4c   0x00000064   Code   RO          807    i.StartUsart1RxTask  freertos.o
    0x08004cb0   0x08004cb0   0x0000002c   Code   RO         6218    i.SysTick_Handler   port.o
    0x08004cdc   0x08004cdc   0x00000084   Code   RO          728    i.SystemClock_Config  main.o
    0x08004d60   0x08004d60   0x0000001c   Code   RO         4617    i.SystemInit        system_stm32f4xx.o
    0x08004d7c   0x08004d7c   0x0000000c   Code   RO         1004    i.TIM1_UP_TIM10_IRQHandler  stm32f4xx_it.o
    0x08004d88   0x08004d88   0x00000098   Code   RO         3452    i.TIM_Base_SetConfig  stm32f4xx_hal_tim.o
    0x08004e20   0x08004e20   0x00000018   Code   RO         5740    i.TimerCallback     cmsis_os2.o
    0x08004e38   0x08004e38   0x0000007c   Code   RO          367    i.Trot_run          test_workspace.o
    0x08004eb4   0x08004eb4   0x00000010   Code   RO         4328    i.UART_DMAAbortOnError  stm32f4xx_hal_uart.o
    0x08004ec4   0x08004ec4   0x0000004a   Code   RO         4329    i.UART_DMAError     stm32f4xx_hal_uart.o
    0x08004f0e   0x08004f0e   0x0000003c   Code   RO         4330    i.UART_DMAReceiveCplt  stm32f4xx_hal_uart.o
    0x08004f4a   0x08004f4a   0x0000000a   Code   RO         4332    i.UART_DMARxHalfCplt  stm32f4xx_hal_uart.o
    0x08004f54   0x08004f54   0x0000001c   Code   RO         4338    i.UART_EndRxTransfer  stm32f4xx_hal_uart.o
    0x08004f70   0x08004f70   0x00000012   Code   RO         4339    i.UART_EndTxTransfer  stm32f4xx_hal_uart.o
    0x08004f82   0x08004f82   0x00000096   Code   RO         4340    i.UART_Receive_IT   stm32f4xx_hal_uart.o
    0x08005018   0x08005018   0x00000128   Code   RO         4341    i.UART_SetConfig    stm32f4xx_hal_uart.o
    0x08005140   0x08005140   0x00000062   Code   RO         4342    i.UART_Transmit_IT  stm32f4xx_hal_uart.o
    0x080051a2   0x080051a2   0x00000064   Code   RO         4343    i.UART_WaitOnFlagUntilTimeout  stm32f4xx_hal_uart.o
    0x08005206   0x08005206   0x00000002   PAD
    0x08005208   0x08005208   0x00000014   Code   RO         1005    i.USART1_IRQHandler  stm32f4xx_it.o
    0x0800521c   0x0800521c   0x0000007c   Code   RO          930    i.USART1_ReceiveIDLE  usart.o
    0x08005298   0x08005298   0x00000062   Code   RO         6952    i.USBD_CDC_DataIn   usbd_cdc.o
    0x080052fa   0x080052fa   0x0000002a   Code   RO         6953    i.USBD_CDC_DataOut  usbd_cdc.o
    0x08005324   0x08005324   0x0000004a   Code   RO         6954    i.USBD_CDC_DeInit   usbd_cdc.o
    0x0800536e   0x0800536e   0x00000024   Code   RO         6955    i.USBD_CDC_EP0_RxReady  usbd_cdc.o
    0x08005392   0x08005392   0x00000002   PAD
    0x08005394   0x08005394   0x0000000c   Code   RO         6956    i.USBD_CDC_GetDeviceQualifierDescriptor  usbd_cdc.o
    0x080053a0   0x080053a0   0x0000000c   Code   RO         6957    i.USBD_CDC_GetFSCfgDesc  usbd_cdc.o
    0x080053ac   0x080053ac   0x0000000c   Code   RO         6958    i.USBD_CDC_GetHSCfgDesc  usbd_cdc.o
    0x080053b8   0x080053b8   0x0000000c   Code   RO         6959    i.USBD_CDC_GetOtherSpeedCfgDesc  usbd_cdc.o
    0x080053c4   0x080053c4   0x000000a2   Code   RO         6960    i.USBD_CDC_Init     usbd_cdc.o
    0x08005466   0x08005466   0x00000028   Code   RO         6961    i.USBD_CDC_ReceivePacket  usbd_cdc.o
    0x0800548e   0x0800548e   0x0000000e   Code   RO         6962    i.USBD_CDC_RegisterInterface  usbd_cdc.o
    0x0800549c   0x0800549c   0x0000000c   Code   RO         6963    i.USBD_CDC_SetRxBuffer  usbd_cdc.o
    0x080054a8   0x080054a8   0x00000010   Code   RO         6964    i.USBD_CDC_SetTxBuffer  usbd_cdc.o
    0x080054b8   0x080054b8   0x000000b0   Code   RO         6965    i.USBD_CDC_Setup    usbd_cdc.o
    0x08005568   0x08005568   0x00000036   Code   RO         6966    i.USBD_CDC_TransmitPacket  usbd_cdc.o
    0x0800559e   0x0800559e   0x00000010   Code   RO         6681    i.USBD_ClrClassConfig  usbd_core.o
    0x080055ae   0x080055ae   0x00000010   Code   RO         6892    i.USBD_CtlContinueRx  usbd_ioreq.o
    0x080055be   0x080055be   0x00000010   Code   RO         6893    i.USBD_CtlContinueSendData  usbd_ioreq.o
    0x080055ce   0x080055ce   0x00000016   Code   RO         6820    i.USBD_CtlError     usbd_ctlreq.o
    0x080055e4   0x080055e4   0x0000001e   Code   RO         6894    i.USBD_CtlPrepareRx  usbd_ioreq.o
    0x08005602   0x08005602   0x00000016   Code   RO         6895    i.USBD_CtlReceiveStatus  usbd_ioreq.o
    0x08005618   0x08005618   0x0000001a   Code   RO         6896    i.USBD_CtlSendData  usbd_ioreq.o
    0x08005632   0x08005632   0x00000016   Code   RO         6897    i.USBD_CtlSendStatus  usbd_ioreq.o
    0x08005648   0x08005648   0x00000020   Code   RO         6342    i.USBD_FS_ConfigStrDescriptor  usbd_desc.o
    0x08005668   0x08005668   0x0000000c   Code   RO         6343    i.USBD_FS_DeviceDescriptor  usbd_desc.o
    0x08005674   0x08005674   0x00000024   Code   RO         6344    i.USBD_FS_InterfaceStrDescriptor  usbd_desc.o
    0x08005698   0x08005698   0x0000000c   Code   RO         6345    i.USBD_FS_LangIDStrDescriptor  usbd_desc.o
    0x080056a4   0x080056a4   0x00000028   Code   RO         6346    i.USBD_FS_ManufacturerStrDescriptor  usbd_desc.o
    0x080056cc   0x080056cc   0x0000002c   Code   RO         6347    i.USBD_FS_ProductStrDescriptor  usbd_desc.o
    0x080056f8   0x080056f8   0x00000038   Code   RO         6348    i.USBD_FS_SerialStrDescriptor  usbd_desc.o
    0x08005730   0x08005730   0x000000e6   Code   RO         6821    i.USBD_GetDescriptor  usbd_ctlreq.o
    0x08005816   0x08005816   0x00000048   Code   RO         6822    i.USBD_GetString    usbd_ctlreq.o
    0x0800585e   0x0800585e   0x00000018   Code   RO         6499    i.USBD_Get_USB_Status  usbd_conf.o
    0x08005876   0x08005876   0x00000034   Code   RO         6683    i.USBD_Init         usbd_core.o
    0x080058aa   0x080058aa   0x00000012   Code   RO         6500    i.USBD_LL_ClearStallEP  usbd_conf.o
    0x080058bc   0x080058bc   0x00000012   Code   RO         6501    i.USBD_LL_CloseEP   usbd_conf.o
    0x080058ce   0x080058ce   0x000000aa   Code   RO         6684    i.USBD_LL_DataInStage  usbd_core.o
    0x08005978   0x08005978   0x0000006e   Code   RO         6685    i.USBD_LL_DataOutStage  usbd_core.o
    0x080059e6   0x080059e6   0x00000004   Code   RO         6686    i.USBD_LL_DevConnected  usbd_core.o
    0x080059ea   0x080059ea   0x00000018   Code   RO         6687    i.USBD_LL_DevDisconnected  usbd_core.o
    0x08005a02   0x08005a02   0x00000008   Code   RO         6505    i.USBD_LL_GetRxDataSize  usbd_conf.o
    0x08005a0a   0x08005a0a   0x00000002   PAD
    0x08005a0c   0x08005a0c   0x00000060   Code   RO         6506    i.USBD_LL_Init      usbd_conf.o
    0x08005a6c   0x08005a6c   0x00000020   Code   RO         6507    i.USBD_LL_IsStallEP  usbd_conf.o
    0x08005a8c   0x08005a8c   0x00000004   Code   RO         6688    i.USBD_LL_IsoINIncomplete  usbd_core.o
    0x08005a90   0x08005a90   0x00000004   Code   RO         6689    i.USBD_LL_IsoOUTIncomplete  usbd_core.o
    0x08005a94   0x08005a94   0x00000018   Code   RO         6508    i.USBD_LL_OpenEP    usbd_conf.o
    0x08005aac   0x08005aac   0x00000012   Code   RO         6509    i.USBD_LL_PrepareReceive  usbd_conf.o
    0x08005abe   0x08005abe   0x00000052   Code   RO         6690    i.USBD_LL_Reset     usbd_core.o
    0x08005b10   0x08005b10   0x00000014   Code   RO         6691    i.USBD_LL_Resume    usbd_core.o
    0x08005b24   0x08005b24   0x00000018   Code   RO         6692    i.USBD_LL_SOF       usbd_core.o
    0x08005b3c   0x08005b3c   0x00000006   Code   RO         6693    i.USBD_LL_SetSpeed  usbd_core.o
    0x08005b42   0x08005b42   0x00000012   Code   RO         6510    i.USBD_LL_SetUSBAddress  usbd_conf.o
    0x08005b54   0x08005b54   0x00000060   Code   RO         6694    i.USBD_LL_SetupStage  usbd_core.o
    0x08005bb4   0x08005bb4   0x00000012   Code   RO         6511    i.USBD_LL_StallEP   usbd_conf.o
    0x08005bc6   0x08005bc6   0x00000012   Code   RO         6512    i.USBD_LL_Start     usbd_conf.o
    0x08005bd8   0x08005bd8   0x00000012   Code   RO         6695    i.USBD_LL_Suspend   usbd_core.o
    0x08005bea   0x08005bea   0x00000012   Code   RO         6514    i.USBD_LL_Transmit  usbd_conf.o
    0x08005bfc   0x08005bfc   0x0000002c   Code   RO         6823    i.USBD_ParseSetupRequest  usbd_ctlreq.o
    0x08005c28   0x08005c28   0x00000022   Code   RO         6696    i.USBD_RegisterClass  usbd_core.o
    0x08005c4a   0x08005c4a   0x00000014   Code   RO         6698    i.USBD_SetClassConfig  usbd_core.o
    0x08005c5e   0x08005c5e   0x00000002   PAD
    0x08005c60   0x08005c60   0x000000bc   Code   RO         6824    i.USBD_SetConfig    usbd_ctlreq.o
    0x08005d1c   0x08005d1c   0x00000004   Code   RO         6699    i.USBD_Start        usbd_core.o
    0x08005d20   0x08005d20   0x00000114   Code   RO         6825    i.USBD_StdDevReq    usbd_ctlreq.o
    0x08005e34   0x08005e34   0x0000014c   Code   RO         6826    i.USBD_StdEPReq     usbd_ctlreq.o
    0x08005f80   0x08005f80   0x00000052   Code   RO         6827    i.USBD_StdItfReq    usbd_ctlreq.o
    0x08005fd2   0x08005fd2   0x00000002   PAD
    0x08005fd4   0x08005fd4   0x00000080   Code   RO         1426    i.USB_ActivateEndpoint  stm32f4xx_ll_usb.o
    0x08006054   0x08006054   0x0000001c   Code   RO         1428    i.USB_ActivateSetup  stm32f4xx_ll_usb.o
    0x08006070   0x08006070   0x00000074   Code   RO         1430    i.USB_CoreInit      stm32f4xx_ll_usb.o
    0x080060e4   0x080060e4   0x00000038   Code   RO         1431    i.USB_CoreReset     stm32f4xx_ll_usb.o
    0x0800611c   0x0800611c   0x000000cc   Code   RO         1434    i.USB_DeactivateEndpoint  stm32f4xx_ll_usb.o
    0x080061e8   0x080061e8   0x0000001c   Code   RO         1435    i.USB_DevConnect    stm32f4xx_ll_usb.o
    0x08006204   0x08006204   0x0000001c   Code   RO         1436    i.USB_DevDisconnect  stm32f4xx_ll_usb.o
    0x08006220   0x08006220   0x00000174   Code   RO         1437    i.USB_DevInit       stm32f4xx_ll_usb.o
    0x08006394   0x08006394   0x0000000c   Code   RO         1438    i.USB_DisableGlobalInt  stm32f4xx_ll_usb.o
    0x080063a0   0x080063a0   0x00000118   Code   RO         1441    i.USB_EP0StartXfer  stm32f4xx_ll_usb.o
    0x080064b8   0x080064b8   0x00000058   Code   RO         1442    i.USB_EP0_OutStart  stm32f4xx_ll_usb.o
    0x08006510   0x08006510   0x00000058   Code   RO         1443    i.USB_EPClearStall  stm32f4xx_ll_usb.o
    0x08006568   0x08006568   0x00000058   Code   RO         1444    i.USB_EPSetStall    stm32f4xx_ll_usb.o
    0x080065c0   0x080065c0   0x000001e8   Code   RO         1445    i.USB_EPStartXfer   stm32f4xx_ll_usb.o
    0x080067a8   0x080067a8   0x0000000c   Code   RO         1446    i.USB_EnableGlobalInt  stm32f4xx_ll_usb.o
    0x080067b4   0x080067b4   0x00000020   Code   RO         1447    i.USB_FlushRxFifo   stm32f4xx_ll_usb.o
    0x080067d4   0x080067d4   0x00000024   Code   RO         1448    i.USB_FlushTxFifo   stm32f4xx_ll_usb.o
    0x080067f8   0x080067f8   0x0000001a   Code   RO         1450    i.USB_GetDevSpeed   stm32f4xx_ll_usb.o
    0x08006812   0x08006812   0x00000008   Code   RO         1452    i.USB_GetMode       stm32f4xx_ll_usb.o
    0x0800681a   0x0800681a   0x0000000e   Code   RO         1459    i.USB_ReadDevAllInEpInterrupt  stm32f4xx_ll_usb.o
    0x08006828   0x08006828   0x0000000e   Code   RO         1460    i.USB_ReadDevAllOutEpInterrupt  stm32f4xx_ll_usb.o
    0x08006836   0x08006836   0x00000024   Code   RO         1461    i.USB_ReadDevInEPInterrupt  stm32f4xx_ll_usb.o
    0x0800685a   0x0800685a   0x00000010   Code   RO         1462    i.USB_ReadDevOutEPInterrupt  stm32f4xx_ll_usb.o
    0x0800686a   0x0800686a   0x00000008   Code   RO         1463    i.USB_ReadInterrupts  stm32f4xx_ll_usb.o
    0x08006872   0x08006872   0x0000001c   Code   RO         1464    i.USB_ReadPacket    stm32f4xx_ll_usb.o
    0x0800688e   0x0800688e   0x0000002e   Code   RO         1466    i.USB_SetCurrentMode  stm32f4xx_ll_usb.o
    0x080068bc   0x080068bc   0x00000022   Code   RO         1467    i.USB_SetDevAddress  stm32f4xx_ll_usb.o
    0x080068de   0x080068de   0x00000002   PAD
    0x080068e0   0x080068e0   0x000000e8   Code   RO         1469    i.USB_SetTurnaroundTime  stm32f4xx_ll_usb.o
    0x080069c8   0x080069c8   0x00000024   Code   RO         1472    i.USB_WritePacket   stm32f4xx_ll_usb.o
    0x080069ec   0x080069ec   0x00000040   Code   RO          931    i.USER_UART_Init    usart.o
    0x08006a2c   0x08006a2c   0x00000002   Code   RO         1006    i.UsageFault_Handler  stm32f4xx_it.o
    0x08006a2e   0x08006a2e   0x00000002   PAD
    0x08006a30   0x08006a30   0x0000002c   Code   RO          225    i.VtoA              quadrudep_hauner.o
    0x08006a5c   0x08006a5c   0x00000002   Code   RO          368    i.Walk_Bend_run     test_workspace.o
    0x08006a5e   0x08006a5e   0x00000002   PAD
    0x08006a60   0x08006a60   0x000000ac   Code   RO          369    i.Walk_run          test_workspace.o
    0x08006b0c   0x08006b0c   0x00000020   Code   RO         7379    i.__0printf         mc_w.l(printfa.o)
    0x08006b2c   0x08006b2c   0x00000028   Code   RO         7381    i.__0sprintf        mc_w.l(printfa.o)
    0x08006b54   0x08006b54   0x0000002c   Code   RO         7384    i.__0vsnprintf      mc_w.l(printfa.o)
    0x08006b80   0x08006b80   0x00000030   Code   RO         7476    i.__ARM_fpclassify  m_wm.l(fpclassify.o)
    0x08006bb0   0x08006bb0   0x00000020   Code   RO         2530    i.__NVIC_SetPriority  stm32f4xx_hal_cortex.o
    0x08006bd0   0x08006bd0   0x00000358   Code   RO         7055    i.__hardfp_acos     m_wm.l(acos.o)
    0x08006f28   0x08006f28   0x00000360   Code   RO         7069    i.__hardfp_asin     m_wm.l(asin.o)
    0x08007288   0x08007288   0x000002d8   Code   RO         7083    i.__hardfp_atan     m_wm.l(atan.o)
    0x08007560   0x08007560   0x000000c8   Code   RO         7097    i.__hardfp_cos      m_wm.l(cos.o)
    0x08007628   0x08007628   0x000000c8   Code   RO         7109    i.__hardfp_sin      m_wm.l(sin.o)
    0x080076f0   0x080076f0   0x0000007a   Code   RO         7121    i.__hardfp_sqrt     m_wm.l(sqrt.o)
    0x0800776a   0x0800776a   0x00000006   PAD
    0x08007770   0x08007770   0x00000438   Code   RO         7480    i.__ieee754_rem_pio2  m_wm.l(rred.o)
    0x08007ba8   0x08007ba8   0x00000170   Code   RO         7453    i.__kernel_cos      m_wm.l(cos_i.o)
    0x08007d18   0x08007d18   0x000000f8   Code   RO         7478    i.__kernel_poly     m_wm.l(poly.o)
    0x08007e10   0x08007e10   0x00000130   Code   RO         7485    i.__kernel_sin      m_wm.l(sin_i.o)
    0x08007f40   0x08007f40   0x00000014   Code   RO         7457    i.__mathlib_dbl_infnan  m_wm.l(dunder.o)
    0x08007f54   0x08007f54   0x00000004   PAD
    0x08007f58   0x08007f58   0x00000020   Code   RO         7459    i.__mathlib_dbl_invalid  m_wm.l(dunder.o)
    0x08007f78   0x08007f78   0x00000020   Code   RO         7462    i.__mathlib_dbl_underflow  m_wm.l(dunder.o)
    0x08007f98   0x08007f98   0x0000000e   Code   RO         7538    i.__scatterload_copy  mc_w.l(handlers.o)
    0x08007fa6   0x08007fa6   0x00000002   Code   RO         7539    i.__scatterload_null  mc_w.l(handlers.o)
    0x08007fa8   0x08007fa8   0x0000000e   Code   RO         7540    i.__scatterload_zeroinit  mc_w.l(handlers.o)
    0x08007fb6   0x08007fb6   0x00000002   PAD
    0x08007fb8   0x08007fb8   0x0000000c   Code   RO         7518    i.__set_errno       mc_w.l(errno.o)
    0x08007fc4   0x08007fc4   0x00000184   Code   RO         7386    i._fp_digits        mc_w.l(printfa.o)
    0x08008148   0x08008148   0x000006dc   Code   RO         7387    i._printf_core      mc_w.l(printfa.o)
    0x08008824   0x08008824   0x00000024   Code   RO         7388    i._printf_post_padding  mc_w.l(printfa.o)
    0x08008848   0x08008848   0x0000002e   Code   RO         7389    i._printf_pre_padding  mc_w.l(printfa.o)
    0x08008876   0x08008876   0x00000016   Code   RO         7390    i._snputc           mc_w.l(printfa.o)
    0x0800888c   0x0800888c   0x0000000a   Code   RO         7391    i._sputc            mc_w.l(printfa.o)
    0x08008896   0x08008896   0x00000002   PAD
    0x08008898   0x08008898   0x0000012c   Code   RO          668    i.bluetoothStateController  dog_interface.o
    0x080089c4   0x080089c4   0x0000000e   Code   RO          669    i.bluetoothTranslater  dog_interface.o
    0x080089d2   0x080089d2   0x00000018   Code   RO         7472    i.fabs              m_wm.l(fabs.o)
    0x080089ea   0x080089ea   0x00000002   PAD
    0x080089ec   0x080089ec   0x00000018   Code   RO          932    i.fputc             usart.o
    0x08008a04   0x08008a04   0x00000050   Code   RO         7407    i.free              mc_w.l(malloc.o)
    0x08008a54   0x08008a54   0x00000034   Code   RO          226    i.gait_Init         quadrudep_hauner.o
    0x08008a88   0x08008a88   0x000003dc   Code   RO          370    i.gait_crab         test_workspace.o
    0x08008e64   0x08008e64   0x000003a4   Code   RO          371    i.gait_round        test_workspace.o
    0x08009208   0x08009208   0x000003e0   Code   RO          372    i.gait_trot         test_workspace.o
    0x080095e8   0x080095e8   0x00000e04   Code   RO          373    i.gait_walk         test_workspace.o
    0x0800a3ec   0x0800a3ec   0x00000388   Code   RO          227    i.ik_3dof           quadrudep_hauner.o
    0x0800a774   0x0800a774   0x0000001c   Code   RO          228    i.ik_Move           quadrudep_hauner.o
    0x0800a790   0x0800a790   0x00000064   Code   RO          729    i.main              main.o
    0x0800a7f4   0x0800a7f4   0x0000006c   Code   RO         7408    i.malloc            mc_w.l(malloc.o)
    0x0800a860   0x0800a860   0x00000078   Code   RO           16    i.moveServosByArray  lobotservocontroller.o
    0x0800a8d8   0x0800a8d8   0x00000034   Code   RO         5755    i.osKernelInitialize  cmsis_os2.o
    0x0800a90c   0x0800a90c   0x0000003c   Code   RO         5758    i.osKernelStart     cmsis_os2.o
    0x0800a948   0x0800a948   0x00000074   Code   RO         5766    i.osMessageQueueNew  cmsis_os2.o
    0x0800a9bc   0x0800a9bc   0x000000b0   Code   RO         5777    i.osSemaphoreNew    cmsis_os2.o
    0x0800aa6c   0x0800aa6c   0x000000a4   Code   RO         5791    i.osThreadNew       cmsis_os2.o
    0x0800ab10   0x0800ab10   0x00000084   Code   RO         5800    i.osTimerNew        cmsis_os2.o
    0x0800ab94   0x0800ab94   0x0000004c   Code   RO         5801    i.osTimerStart      cmsis_os2.o
    0x0800abe0   0x0800abe0   0x0000005c   Code   RO         5225    i.prvAddCurrentTaskToDelayedList  tasks.o
    0x0800ac3c   0x0800ac3c   0x000000d0   Code   RO         5226    i.prvAddNewTaskToReadyList  tasks.o
    0x0800ad0c   0x0800ad0c   0x00000058   Code   RO         5578    i.prvCheckForValidListAndQueue  timers.o
    0x0800ad64   0x0800ad64   0x00000026   Code   RO         4822    i.prvCopyDataFromQueue  queue.o
    0x0800ad8a   0x0800ad8a   0x0000006c   Code   RO         4823    i.prvCopyDataToQueue  queue.o
    0x0800adf6   0x0800adf6   0x00000034   Code   RO         5227    i.prvDeleteTCB      tasks.o
    0x0800ae2a   0x0800ae2a   0x00000002   PAD
    0x0800ae2c   0x0800ae2c   0x0000004c   Code   RO         6168    i.prvHeapInit       heap_4.o
    0x0800ae78   0x0800ae78   0x00000060   Code   RO         5228    i.prvIdleTask       tasks.o
    0x0800aed8   0x0800aed8   0x00000022   Code   RO         4825    i.prvInitialiseNewQueue  queue.o
    0x0800aefa   0x0800aefa   0x00000002   PAD
    0x0800aefc   0x0800aefc   0x000000b0   Code   RO         5229    i.prvInitialiseNewTask  tasks.o
    0x0800afac   0x0800afac   0x0000004e   Code   RO         5579    i.prvInitialiseNewTimer  timers.o
    0x0800affa   0x0800affa   0x00000002   PAD
    0x0800affc   0x0800affc   0x0000004c   Code   RO         6169    i.prvInsertBlockIntoFreeList  heap_4.o
    0x0800b048   0x0800b048   0x00000038   Code   RO         5580    i.prvInsertTimerInActiveList  timers.o
    0x0800b080   0x0800b080   0x0000001c   Code   RO         4826    i.prvIsQueueEmpty   queue.o
    0x0800b09c   0x0800b09c   0x000000fc   Code   RO         5581    i.prvProcessReceivedCommands  timers.o
    0x0800b198   0x0800b198   0x000000c0   Code   RO         5582    i.prvProcessTimerOrBlockTask  timers.o
    0x0800b258   0x0800b258   0x00000020   Code   RO         5231    i.prvResetNextTaskUnblockTime  tasks.o
    0x0800b278   0x0800b278   0x00000028   Code   RO         5583    i.prvSampleTimeNow  timers.o
    0x0800b2a0   0x0800b2a0   0x0000006c   Code   RO         5584    i.prvSwitchTimerLists  timers.o
    0x0800b30c   0x0800b30c   0x00000028   Code   RO         6219    i.prvTaskExitError  port.o
    0x0800b334   0x0800b334   0x00000024   Code   RO         5585    i.prvTimerTask      timers.o
    0x0800b358   0x0800b358   0x0000006a   Code   RO         4827    i.prvUnlockQueue    queue.o
    0x0800b3c2   0x0800b3c2   0x00000002   PAD
    0x0800b3c4   0x0800b3c4   0x000000d8   Code   RO         6170    i.pvPortMalloc      heap_4.o
    0x0800b49c   0x0800b49c   0x00000018   Code   RO         5234    i.pvTaskIncrementMutexHeldCount  tasks.o
    0x0800b4b4   0x0800b4b4   0x00000024   Code   RO         5586    i.pvTimerGetTimerID  timers.o
    0x0800b4d8   0x0800b4d8   0x0000002c   Code   RO         6220    i.pxPortInitialiseStack  port.o
    0x0800b504   0x0800b504   0x0000006e   Code   RO         7123    i.sqrt              m_wm.l(sqrt.o)
    0x0800b572   0x0800b572   0x00000002   PAD
    0x0800b574   0x0800b574   0x00000024   Code   RO         6421    i.usb_printf        usbd_cdc_if.o
    0x0800b598   0x0800b598   0x00000026   Code   RO         4782    i.uxListRemove      list.o
    0x0800b5be   0x0800b5be   0x00000002   PAD
    0x0800b5c0   0x0800b5c0   0x00000014   Code   RO         5803    i.vApplicationGetIdleTaskMemory  cmsis_os2.o
    0x0800b5d4   0x0800b5d4   0x00000018   Code   RO         5804    i.vApplicationGetTimerTaskMemory  cmsis_os2.o
    0x0800b5ec   0x0800b5ec   0x00000016   Code   RO         4783    i.vListInitialise   list.o
    0x0800b602   0x0800b602   0x00000006   Code   RO         4784    i.vListInitialiseItem  list.o
    0x0800b608   0x0800b608   0x00000030   Code   RO         4785    i.vListInsert       list.o
    0x0800b638   0x0800b638   0x00000018   Code   RO         4786    i.vListInsertEnd    list.o
    0x0800b650   0x0800b650   0x00000040   Code   RO         6222    i.vPortEnterCritical  port.o
    0x0800b690   0x0800b690   0x00000028   Code   RO         6223    i.vPortExitCritical  port.o
    0x0800b6b8   0x0800b6b8   0x0000005c   Code   RO         6171    i.vPortFree         heap_4.o
    0x0800b714   0x0800b714   0x00000024   Code   RO         6224    i.vPortSetupTimerInterrupt  port.o
    0x0800b738   0x0800b738   0x00000054   Code   RO         6225    i.vPortValidateInterruptPriority  port.o
    0x0800b78c   0x0800b78c   0x00000028   Code   RO         4833    i.vQueueAddToRegistry  queue.o
    0x0800b7b4   0x0800b7b4   0x0000002e   Code   RO         4834    i.vQueueDelete      queue.o
    0x0800b7e2   0x0800b7e2   0x00000002   PAD
    0x0800b7e4   0x0800b7e4   0x00000028   Code   RO         4836    i.vQueueUnregisterQueue  queue.o
    0x0800b80c   0x0800b80c   0x00000044   Code   RO         4837    i.vQueueWaitForMessageRestricted  queue.o
    0x0800b850   0x0800b850   0x00000010   Code   RO         5248    i.vTaskInternalSetTimeOutState  tasks.o
    0x0800b860   0x0800b860   0x0000000c   Code   RO         5249    i.vTaskMissedYield  tasks.o
    0x0800b86c   0x0800b86c   0x00000030   Code   RO         5251    i.vTaskPlaceOnEventList  tasks.o
    0x0800b89c   0x0800b89c   0x00000038   Code   RO         5252    i.vTaskPlaceOnEventListRestricted  tasks.o
    0x0800b8d4   0x0800b8d4   0x00000090   Code   RO         5254    i.vTaskPriorityDisinheritAfterTimeout  tasks.o
    0x0800b964   0x0800b964   0x00000088   Code   RO         5260    i.vTaskStartScheduler  tasks.o
    0x0800b9ec   0x0800b9ec   0x00000010   Code   RO         5262    i.vTaskSuspendAll   tasks.o
    0x0800b9fc   0x0800b9fc   0x00000064   Code   RO         5263    i.vTaskSwitchContext  tasks.o
    0x0800ba60   0x0800ba60   0x000000f4   Code   RO         6226    i.xPortStartScheduler  port.o
    0x0800bb54   0x0800bb54   0x0000003a   Code   RO         4838    i.xQueueCreateCountingSemaphore  queue.o
    0x0800bb8e   0x0800bb8e   0x00000040   Code   RO         4839    i.xQueueCreateCountingSemaphoreStatic  queue.o
    0x0800bbce   0x0800bbce   0x00000048   Code   RO         4842    i.xQueueGenericCreate  queue.o
    0x0800bc16   0x0800bc16   0x00000066   Code   RO         4843    i.xQueueGenericCreateStatic  queue.o
    0x0800bc7c   0x0800bc7c   0x00000088   Code   RO         4844    i.xQueueGenericReset  queue.o
    0x0800bd04   0x0800bd04   0x00000160   Code   RO         4845    i.xQueueGenericSend  queue.o
    0x0800be64   0x0800be64   0x000000bc   Code   RO         4846    i.xQueueGenericSendFromISR  queue.o
    0x0800bf20   0x0800bf20   0x00000138   Code   RO         4855    i.xQueueReceive     queue.o
    0x0800c058   0x0800c058   0x00000178   Code   RO         4857    i.xQueueSemaphoreTake  queue.o
    0x0800c1d0   0x0800c1d0   0x00000074   Code   RO         5264    i.xTaskCheckForTimeOut  tasks.o
    0x0800c244   0x0800c244   0x0000005a   Code   RO         5265    i.xTaskCreate       tasks.o
    0x0800c29e   0x0800c29e   0x00000056   Code   RO         5266    i.xTaskCreateStatic  tasks.o
    0x0800c2f4   0x0800c2f4   0x0000001c   Code   RO         5270    i.xTaskGetSchedulerState  tasks.o
    0x0800c310   0x0800c310   0x0000000c   Code   RO         5271    i.xTaskGetTickCount  tasks.o
    0x0800c31c   0x0800c31c   0x000000c8   Code   RO         5273    i.xTaskIncrementTick  tasks.o
    0x0800c3e4   0x0800c3e4   0x00000080   Code   RO         5276    i.xTaskPriorityDisinherit  tasks.o
    0x0800c464   0x0800c464   0x00000078   Code   RO         5277    i.xTaskPriorityInherit  tasks.o
    0x0800c4dc   0x0800c4dc   0x00000070   Code   RO         5278    i.xTaskRemoveFromEventList  tasks.o
    0x0800c54c   0x0800c54c   0x000000c4   Code   RO         5279    i.xTaskResumeAll    tasks.o
    0x0800c610   0x0800c610   0x00000034   Code   RO         5591    i.xTimerCreate      timers.o
    0x0800c644   0x0800c644   0x0000002e   Code   RO         5592    i.xTimerCreateStatic  timers.o
    0x0800c672   0x0800c672   0x00000002   PAD
    0x0800c674   0x0800c674   0x00000060   Code   RO         5593    i.xTimerCreateTimerTask  timers.o
    0x0800c6d4   0x0800c6d4   0x00000068   Code   RO         5594    i.xTimerGenericCommand  timers.o
    0x0800c73c   0x0800c73c   0x00000004   PAD
    0x0800c740   0x0800c740   0x00000040   Data   RO          230    .constdata          quadrudep_hauner.o
    0x0800c780   0x0800c780   0x00000818   Data   RO          538    .constdata          oled.o
    0x0800cf98   0x0800cf98   0x00000080   Data   RO          808    .constdata          freertos.o
    0x0800d018   0x0800d018   0x00000008   Data   RO         2223    .constdata          stm32f4xx_hal_dma.o
    0x0800d020   0x0800d020   0x00000010   Data   RO         4618    .constdata          system_stm32f4xx.o
    0x0800d030   0x0800d030   0x00000008   Data   RO         4619    .constdata          system_stm32f4xx.o
    0x0800d038   0x0800d038   0x00000050   Data   RO         7058    .constdata          m_wm.l(acos.o)
    0x0800d088   0x0800d088   0x00000050   Data   RO         7072    .constdata          m_wm.l(asin.o)
    0x0800d0d8   0x0800d0d8   0x00000098   Data   RO         7086    .constdata          m_wm.l(atan.o)
    0x0800d170   0x0800d170   0x00000030   Data   RO         7454    .constdata          m_wm.l(cos_i.o)
    0x0800d1a0   0x0800d1a0   0x000000c8   Data   RO         7482    .constdata          m_wm.l(rred.o)
    0x0800d268   0x0800d268   0x00000028   Data   RO         7486    .constdata          m_wm.l(sin_i.o)
    0x0800d290   0x0800d290   0x00000058   Data   RO          809    .conststring        freertos.o
    0x0800d2e8   0x0800d2e8   0x00000020   Data   RO         7536    Region$$Table       anon$$obj.o


    Execution Region RW_IRAM1 (Exec base: 0x20000000, Load base: 0x0800d308, Size: 0x0000b0e8, Max: 0x00010000, ABSOLUTE, COMPRESSED[0x000000d0])

    Exec Addr    Load Addr    Size         Type   Attr      Idx    E Section Name        Object

    0x20000000   COMPRESSED   0x00000002   Data   RW          231    .data               quadrudep_hauner.o
    0x20000002   COMPRESSED   0x00000002   PAD
    0x20000004   COMPRESSED   0x00000008   Data   RW          375    .data               test_workspace.o
    0x2000000c   COMPRESSED   0x00000001   Data   RW          671    .data               dog_interface.o
    0x2000000d   COMPRESSED   0x00000003   PAD
    0x20000010   COMPRESSED   0x0000001c   Data   RW          810    .data               freertos.o
    0x2000002c   COMPRESSED   0x0000000c   Data   RW         2674    .data               stm32f4xx_hal.o
    0x20000038   COMPRESSED   0x00000004   Data   RW         4620    .data               system_stm32f4xx.o
    0x2000003c   COMPRESSED   0x0000003c   Data   RW         5282    .data               tasks.o
    0x20000078   COMPRESSED   0x00000014   Data   RW         5602    .data               timers.o
    0x2000008c   COMPRESSED   0x00000004   Data   RW         5806    .data               cmsis_os2.o
    0x20000090   COMPRESSED   0x00000018   Data   RW         6176    .data               heap_4.o
    0x200000a8   COMPRESSED   0x0000000c   Data   RW         6227    .data               port.o
    0x200000b4   COMPRESSED   0x0000001c   Data   RW         6350    .data               usbd_desc.o
    0x200000d0   COMPRESSED   0x00000032   Data   RW         6351    .data               usbd_desc.o
    0x20000102   COMPRESSED   0x00000002   PAD
    0x20000104   COMPRESSED   0x00000008   Data   RW         6423    .data               usbd_cdc_if.o
    0x2000010c   COMPRESSED   0x00000014   Data   RW         6424    .data               usbd_cdc_if.o
    0x20000120   COMPRESSED   0x00000001   Data   RW         6828    .data               usbd_ctlreq.o
    0x20000121   COMPRESSED   0x00000003   PAD
    0x20000124   COMPRESSED   0x000000d7   Data   RW         6967    .data               usbd_cdc.o
    0x200001fb   COMPRESSED   0x00000001   PAD
    0x200001fc   COMPRESSED   0x00000038   Data   RW         6968    .data               usbd_cdc.o
    0x20000234   COMPRESSED   0x00000004   Data   RW         7505    .data               mc_w.l(stdout.o)
    0x20000238   COMPRESSED   0x00000004   Data   RW         7514    .data               mc_w.l(mvars.o)
    0x2000023c   COMPRESSED   0x00000004   Data   RW         7515    .data               mc_w.l(mvars.o)
    0x20000240   COMPRESSED   0x00000004   Data   RW         7519    .data               mc_w.l(errno.o)
    0x20000244        -       0x00000090   Zero   RW           22    .bss                lobotservocontroller.o
    0x200002d4   COMPRESSED   0x00000004   PAD
    0x200002d8        -       0x00000090   Zero   RW          229    .bss                quadrudep_hauner.o
    0x20000368        -       0x000000c8   Zero   RW          374    .bss                test_workspace.o
    0x20000430        -       0x0000001e   Zero   RW          626    .bss                jy901.o
    0x2000044e   COMPRESSED   0x00000002   PAD
    0x20000450        -       0x00000030   Zero   RW          627    .bss                jy901.o
    0x20000480        -       0x0000000d   Zero   RW          670    .bss                dog_interface.o
    0x2000048d   COMPRESSED   0x00000003   PAD
    0x20000490        -       0x000000b4   Zero   RW          887    .bss                i2c.o
    0x20000544        -       0x000001e8   Zero   RW          933    .bss                usart.o
    0x2000072c        -       0x00000040   Zero   RW         1121    .bss                stm32f4xx_hal_timebase_tim.o
    0x2000076c        -       0x00000040   Zero   RW         4859    .bss                queue.o
    0x200007ac        -       0x000004c4   Zero   RW         5281    .bss                tasks.o
    0x20000c70        -       0x00000118   Zero   RW         5601    .bss                timers.o
    0x20000d88        -       0x000006b8   Zero   RW         5805    .bss                cmsis_os2.o
    0x20001440        -       0x00003c00   Zero   RW         6175    .bss                heap_4.o
    0x20005040        -       0x000002d0   Zero   RW         6300    .bss                usb_device.o
    0x20005310        -       0x00000200   Zero   RW         6349    .bss                usbd_desc.o
    0x20005510        -       0x000007d0   Zero   RW         6422    .bss                usbd_cdc_if.o
    0x20005ce0        -       0x00000408   Zero   RW         6515    .bss                usbd_conf.o
    0x200060e8        -       0x00004000   Zero   RW            2    HEAP                startup_stm32f401xc.o
    0x2000a0e8        -       0x00001000   Zero   RW            1    STACK               startup_stm32f401xc.o


==============================================================================

Image component sizes


      Code (inc. data)   RO Data    RW Data    ZI Data      Debug   Object Name

       844         48          0          4       1720      34809   cmsis_os2.o
        76          4          0          0          0        830   dma.o
       454        152          0          1         13       3176   dog_interface.o
         0          0          0          0          0      20920   event_groups.o
       280         94        216         28          0       3888   freertos.o
        60          6          0          0          0        847   gpio.o
       460         24          0         24      15360       4823   heap_4.o
       256         36          0          0        180       1802   i2c.o
       348         22          0          0         78       1782   jy901.o
       138          0          0          0          0       3598   list.o
       120         10          0          0        144     430849   lobotservocontroller.o
       254         40          0          0          0       2940   main.o
       570         20       2072          0          0       4931   oled.o
       786         82          0         12          0      11657   port.o
      2016        196         64          2        144      25072   quadrudep_hauner.o
      2168         28          0          0         64      23725   queue.o
        36          8        404          0      20480        840   startup_stm32f401xc.o
       116         18          0         12          0       8618   stm32f4xx_hal.o
       158         14          0          0          0      33206   stm32f4xx_hal_cortex.o
      1086         16          8          0          0       7997   stm32f4xx_hal_dma.o
       404         34          0          0          0       1732   stm32f4xx_hal_gpio.o
      5326         90          0          0          0      32212   stm32f4xx_hal_i2c.o
        48          6          0          0          0        866   stm32f4xx_hal_msp.o
      2308         14          0          0          0      12841   stm32f4xx_hal_pcd.o
        78          0          0          0          0       2425   stm32f4xx_hal_pcd_ex.o
      1408         92          0          0          0       6417   stm32f4xx_hal_rcc.o
       608         30          0          0          0       7280   stm32f4xx_hal_tim.o
         4          0          0          0          0       1621   stm32f4xx_hal_tim_ex.o
       116         18          0          0         64       1435   stm32f4xx_hal_timebase_tim.o
      1658         30          0          0          0      14187   stm32f4xx_hal_uart.o
       104         40          0          0          0       6230   stm32f4xx_it.o
      2582        132          0          0          0      22887   stm32f4xx_ll_usb.o
         0          0          0          0          0        424   stream_buffer.o
        28          6         24          4          0       1175   system_stm32f4xx.o
      2296        184          0         60       1220      28864   tasks.o
      7692        864          0          8        200      20838   test_workspace.o
      1184         80          0         20        280      33559   timers.o
       572         74          0          0        488       5136   usart.o
        84         18          0          0        720        820   usb_device.o
       772         16          0        271          0      13617   usbd_cdc.o
       248         62          0         28       2000       5206   usbd_cdc_if.o
       628         20          0          0       1032      15792   usbd_conf.o
       688          0          0          0          0      12497   usbd_core.o
      1256         30          0          1          0      14092   usbd_ctlreq.o
       288        104          0         78        512       6241   usbd_desc.o
       132          0          0          0          0       4548   usbd_ioreq.o

    ----------------------------------------------------------------------
     40802       2766       2820        564      44708     899252   Object Totals
         0          0         32          0          0          0   (incl. Generated)
        64          4          0         11          9          0   (incl. Padding)

    ----------------------------------------------------------------------

      Code (inc. data)   RO Data    RW Data    ZI Data      Debug   Library Member Name

       856        118         80          0          0        288   acos.o
       864         94         80          0          0        280   asin.o
       728        106        152          0          0        228   atan.o
       200         20          0          0          0        164   cos.o
       368         46         48          0          0        200   cos_i.o
        84         16          0          0          0        372   dunder.o
        24          0          0          0          0        124   fabs.o
        48          0          0          0          0        124   fpclassify.o
       248          0          0          0          0        152   poly.o
      1080        142        200          0          0        188   rred.o
       200         20          0          0          0        164   sin.o
       304         24         40          0          0        208   sin_i.o
       232          0          0          0          0        296   sqrt.o
        86          0          0          0          0          0   __dczerorl2.o
         0          0          0          0          0          0   entry.o
         0          0          0          0          0          0   entry10a.o
         0          0          0          0          0          0   entry11a.o
         8          4          0          0          0          0   entry2.o
         4          0          0          0          0          0   entry5.o
         0          0          0          0          0          0   entry7b.o
         0          0          0          0          0          0   entry8b.o
         8          4          0          0          0          0   entry9a.o
        12          6          0          4          0         68   errno.o
        30          0          0          0          0          0   handlers.o
        36          8          0          0          0         68   init.o
         0          0          0          0          0          0   iusefp.o
        30          0          0          0          0         68   llshl.o
        36          0          0          0          0         68   llsshr.o
        32          0          0          0          0         68   llushr.o
       188         20          0          0          0        160   malloc.o
        36          0          0          0          0         68   memcpya.o
        36          0          0          0          0        108   memseta.o
         0          0          0          8          0          0   mvars.o
      2374        100          0          0          0        752   printfa.o
         0          0          0          4          0          0   stdout.o
        44          0          0          0          0         80   uidiv.o
        98          0          0          0          0         92   uldiv.o
        48          0          0          0          0         68   cdcmple.o
        48          0          0          0          0         68   cdrcmple.o
       334          0          0          0          0        148   dadd.o
       222          0          0          0          0        100   ddiv.o
       186          0          0          0          0        176   depilogue.o
        62          0          0          0          0         80   dfixi.o
        50          0          0          0          0         76   dfixui.o
        48          0          0          0          0         68   dfixul.o
        34          0          0          0          0         76   dflti.o
        26          0          0          0          0         76   dfltui.o
       228          0          0          0          0         96   dmul.o
       162          0          0          0          0        100   dsqrt.o
        38          0          0          0          0         68   f2d.o

    ----------------------------------------------------------------------
      9802        728        600         16          0       5588   Library Totals
        22          0          0          0          0          0   (incl. Padding)

    ----------------------------------------------------------------------

      Code (inc. data)   RO Data    RW Data    ZI Data      Debug   Library Name

      5236        586        600          0          0       2788   m_wm.l
      3058        142          0         16          0       1600   mc_w.l
      1486          0          0          0          0       1200   mf_w.l

    ----------------------------------------------------------------------
      9802        728        600         16          0       5588   Library Totals

    ----------------------------------------------------------------------

==============================================================================


      Code (inc. data)   RO Data    RW Data    ZI Data      Debug   

     50604       3494       3420        580      44708     865216   Grand Totals
     50604       3494       3420        208      44708     865216   ELF Image Totals (compressed)
     50604       3494       3420        208          0          0   ROM Totals

==============================================================================

    Total RO  Size (Code + RO Data)                54024 (  52.76kB)
    Total RW  Size (RW Data + ZI Data)             45288 (  44.23kB)
    Total ROM Size (Code + RO Data + RW Data)      54232 (  52.96kB)

==============================================================================

